Archive member included to satisfy reference by file (symbol)

c:/st/stm32cubeide_1.2.0/stm32cubeide/plugins/com.st.stm32cube.ide.mcu.externaltools.gnu-tools-for-stm32.7-2018-q2-update.win32_1.0.0.201904181610/tools/bin/../lib/gcc/arm-none-eabi/7.3.1/../../../../arm-none-eabi/lib/thumb/v7e-m/fpv4-sp/hard\libc_nano.a(lib_a-errno.o)
                              Core/Src/syscalls.o (__errno)
c:/st/stm32cubeide_1.2.0/stm32cubeide/plugins/com.st.stm32cube.ide.mcu.externaltools.gnu-tools-for-stm32.7-2018-q2-update.win32_1.0.0.201904181610/tools/bin/../lib/gcc/arm-none-eabi/7.3.1/../../../../arm-none-eabi/lib/thumb/v7e-m/fpv4-sp/hard\libc_nano.a(lib_a-exit.o)
                              c:/st/stm32cubeide_1.2.0/stm32cubeide/plugins/com.st.stm32cube.ide.mcu.externaltools.gnu-tools-for-stm32.7-2018-q2-update.win32_1.0.0.201904181610/tools/bin/../lib/gcc/arm-none-eabi/7.3.1/../../../../arm-none-eabi/lib/thumb/v7e-m/fpv4-sp/hard/crt0.o (exit)
c:/st/stm32cubeide_1.2.0/stm32cubeide/plugins/com.st.stm32cube.ide.mcu.externaltools.gnu-tools-for-stm32.7-2018-q2-update.win32_1.0.0.201904181610/tools/bin/../lib/gcc/arm-none-eabi/7.3.1/../../../../arm-none-eabi/lib/thumb/v7e-m/fpv4-sp/hard\libc_nano.a(lib_a-impure.o)
                              c:/st/stm32cubeide_1.2.0/stm32cubeide/plugins/com.st.stm32cube.ide.mcu.externaltools.gnu-tools-for-stm32.7-2018-q2-update.win32_1.0.0.201904181610/tools/bin/../lib/gcc/arm-none-eabi/7.3.1/../../../../arm-none-eabi/lib/thumb/v7e-m/fpv4-sp/hard\libc_nano.a(lib_a-exit.o) (_global_impure_ptr)
c:/st/stm32cubeide_1.2.0/stm32cubeide/plugins/com.st.stm32cube.ide.mcu.externaltools.gnu-tools-for-stm32.7-2018-q2-update.win32_1.0.0.201904181610/tools/bin/../lib/gcc/arm-none-eabi/7.3.1/../../../../arm-none-eabi/lib/thumb/v7e-m/fpv4-sp/hard\libc_nano.a(lib_a-init.o)
                              c:/st/stm32cubeide_1.2.0/stm32cubeide/plugins/com.st.stm32cube.ide.mcu.externaltools.gnu-tools-for-stm32.7-2018-q2-update.win32_1.0.0.201904181610/tools/bin/../lib/gcc/arm-none-eabi/7.3.1/../../../../arm-none-eabi/lib/thumb/v7e-m/fpv4-sp/hard/crt0.o (__libc_init_array)
c:/st/stm32cubeide_1.2.0/stm32cubeide/plugins/com.st.stm32cube.ide.mcu.externaltools.gnu-tools-for-stm32.7-2018-q2-update.win32_1.0.0.201904181610/tools/bin/../lib/gcc/arm-none-eabi/7.3.1/../../../../arm-none-eabi/lib/thumb/v7e-m/fpv4-sp/hard\libc_nano.a(lib_a-malloc.o)
                              Core/Src/List.o (malloc)
c:/st/stm32cubeide_1.2.0/stm32cubeide/plugins/com.st.stm32cube.ide.mcu.externaltools.gnu-tools-for-stm32.7-2018-q2-update.win32_1.0.0.201904181610/tools/bin/../lib/gcc/arm-none-eabi/7.3.1/../../../../arm-none-eabi/lib/thumb/v7e-m/fpv4-sp/hard\libc_nano.a(lib_a-memset.o)
                              c:/st/stm32cubeide_1.2.0/stm32cubeide/plugins/com.st.stm32cube.ide.mcu.externaltools.gnu-tools-for-stm32.7-2018-q2-update.win32_1.0.0.201904181610/tools/bin/../lib/gcc/arm-none-eabi/7.3.1/../../../../arm-none-eabi/lib/thumb/v7e-m/fpv4-sp/hard/crt0.o (memset)
c:/st/stm32cubeide_1.2.0/stm32cubeide/plugins/com.st.stm32cube.ide.mcu.externaltools.gnu-tools-for-stm32.7-2018-q2-update.win32_1.0.0.201904181610/tools/bin/../lib/gcc/arm-none-eabi/7.3.1/../../../../arm-none-eabi/lib/thumb/v7e-m/fpv4-sp/hard\libc_nano.a(lib_a-nano-freer.o)
                              c:/st/stm32cubeide_1.2.0/stm32cubeide/plugins/com.st.stm32cube.ide.mcu.externaltools.gnu-tools-for-stm32.7-2018-q2-update.win32_1.0.0.201904181610/tools/bin/../lib/gcc/arm-none-eabi/7.3.1/../../../../arm-none-eabi/lib/thumb/v7e-m/fpv4-sp/hard\libc_nano.a(lib_a-malloc.o) (_free_r)
c:/st/stm32cubeide_1.2.0/stm32cubeide/plugins/com.st.stm32cube.ide.mcu.externaltools.gnu-tools-for-stm32.7-2018-q2-update.win32_1.0.0.201904181610/tools/bin/../lib/gcc/arm-none-eabi/7.3.1/../../../../arm-none-eabi/lib/thumb/v7e-m/fpv4-sp/hard\libc_nano.a(lib_a-nano-mallocr.o)
                              c:/st/stm32cubeide_1.2.0/stm32cubeide/plugins/com.st.stm32cube.ide.mcu.externaltools.gnu-tools-for-stm32.7-2018-q2-update.win32_1.0.0.201904181610/tools/bin/../lib/gcc/arm-none-eabi/7.3.1/../../../../arm-none-eabi/lib/thumb/v7e-m/fpv4-sp/hard\libc_nano.a(lib_a-malloc.o) (_malloc_r)
c:/st/stm32cubeide_1.2.0/stm32cubeide/plugins/com.st.stm32cube.ide.mcu.externaltools.gnu-tools-for-stm32.7-2018-q2-update.win32_1.0.0.201904181610/tools/bin/../lib/gcc/arm-none-eabi/7.3.1/../../../../arm-none-eabi/lib/thumb/v7e-m/fpv4-sp/hard\libc_nano.a(lib_a-sbrkr.o)
                              c:/st/stm32cubeide_1.2.0/stm32cubeide/plugins/com.st.stm32cube.ide.mcu.externaltools.gnu-tools-for-stm32.7-2018-q2-update.win32_1.0.0.201904181610/tools/bin/../lib/gcc/arm-none-eabi/7.3.1/../../../../arm-none-eabi/lib/thumb/v7e-m/fpv4-sp/hard\libc_nano.a(lib_a-nano-mallocr.o) (_sbrk_r)
[...]
Memory Configuration

Name             Origin             Length             Attributes
CCMRAM           0x0000000010000000 0x0000000000010000 xrw
RAM              0x0000000020000000 0x0000000000020000 xrw
FLASH            0x0000000008000000 0x0000000000100000 xr
*default*        0x0000000000000000 0xffffffffffffffff

Linker script and memory map

LOAD c:/st/stm32cubeide_1.2.0/stm32cubeide/plugins/com.st.stm32cube.ide.mcu.externaltools.gnu-tools-for-stm32.7-2018-q2-update.win32_1.0.0.201904181610/tools/bin/../lib/gcc/arm-none-eabi/7.3.1/thumb/v7e-m/fpv4-sp/hard/crti.o
LOAD c:/st/stm32cubeide_1.2.0/stm32cubeide/plugins/com.st.stm32cube.ide.mcu.externaltools.gnu-tools-for-stm32.7-2018-q2-update.win32_1.0.0.201904181610/tools/bin/../lib/gcc/arm-none-eabi/7.3.1/thumb/v7e-m/fpv4-sp/hard/crtbegin.o
LOAD c:/st/stm32cubeide_1.2.0/stm32cubeide/plugins/com.st.stm32cube.ide.mcu.externaltools.gnu-tools-for-stm32.7-2018-q2-update.win32_1.0.0.201904181610/tools/bin/../lib/gcc/arm-none-eabi/7.3.1/../../../../arm-none-eabi/lib/thumb/v7e-m/fpv4-sp/hard/crt0.o
LOAD Core/Src/List.o
LOAD Core/Src/Recorder.o
LOAD Core/Src/StatePlaying.o
LOAD Core/Src/StateRecording.o
LOAD Core/Src/StateWaiting.o
LOAD Core/Src/audio.o
LOAD Core/Src/diskio.o
LOAD Core/Src/ff.o
LOAD Core/Src/ffsystem.o
LOAD Core/Src/ffunicode.o
LOAD Core/Src/lcd.o
LOAD Core/Src/main.o
LOAD Core/Src/stm32f4xx_hal_msp.o
LOAD Core/Src/stm32f4xx_it.o
LOAD Core/Src/syscalls.o
LOAD Core/Src/sysmem.o
LOAD Core/Src/system_stm32f4xx.o
LOAD Core/Startup/startup_stm32f407vgtx.o
LOAD Drivers/STM32F4xx_HAL_Driver/Src/stm32f4xx_hal.o
LOAD Drivers/STM32F4xx_HAL_Driver/Src/stm32f4xx_hal_adc.o
LOAD Drivers/STM32F4xx_HAL_Driver/Src/stm32f4xx_hal_adc_ex.o
LOAD Drivers/STM32F4xx_HAL_Driver/Src/stm32f4xx_hal_cortex.o
LOAD Drivers/STM32F4xx_HAL_Driver/Src/stm32f4xx_hal_dac.o
LOAD Drivers/STM32F4xx_HAL_Driver/Src/stm32f4xx_hal_dac_ex.o
LOAD Drivers/STM32F4xx_HAL_Driver/Src/stm32f4xx_hal_dma.o
LOAD Drivers/STM32F4xx_HAL_Driver/Src/stm32f4xx_hal_dma_ex.o
LOAD Drivers/STM32F4xx_HAL_Driver/Src/stm32f4xx_hal_exti.o
LOAD Drivers/STM32F4xx_HAL_Driver/Src/stm32f4xx_hal_flash.o
LOAD Drivers/STM32F4xx_HAL_Driver/Src/stm32f4xx_hal_flash_ex.o
LOAD Drivers/STM32F4xx_HAL_Driver/Src/stm32f4xx_hal_flash_ramfunc.o
LOAD Drivers/STM32F4xx_HAL_Driver/Src/stm32f4xx_hal_gpio.o
LOAD Drivers/STM32F4xx_HAL_Driver/Src/stm32f4xx_hal_pwr.o
LOAD Drivers/STM32F4xx_HAL_Driver/Src/stm32f4xx_hal_pwr_ex.o
LOAD Drivers/STM32F4xx_HAL_Driver/Src/stm32f4xx_hal_rcc.o
LOAD Drivers/STM32F4xx_HAL_Driver/Src/stm32f4xx_hal_rcc_ex.o
LOAD Drivers/STM32F4xx_HAL_Driver/Src/stm32f4xx_hal_spi.o
LOAD Drivers/STM32F4xx_HAL_Driver/Src/stm32f4xx_hal_tim.o
LOAD Drivers/STM32F4xx_HAL_Driver/Src/stm32f4xx_hal_tim_ex.o
START GROUP
LOAD c:/st/stm32cubeide_1.2.0/stm32cubeide/plugins/com.st.stm32cube.ide.mcu.externaltools.gnu-tools-for-stm32.7-2018-q2-update.win32_1.0.0.201904181610/tools/bin/../lib/gcc/arm-none-eabi/7.3.1/../../../../arm-none-eabi/lib/thumb/v7e-m/fpv4-sp/hard\libc_nano.a
LOAD c:/st/stm32cubeide_1.2.0/stm32cubeide/plugins/com.st.stm32cube.ide.mcu.externaltools.gnu-tools-for-stm32.7-2018-q2-update.win32_1.0.0.201904181610/tools/bin/../lib/gcc/arm-none-eabi/7.3.1/../../../../arm-none-eabi/lib/thumb/v7e-m/fpv4-sp/hard\libm.a
END GROUP
START GROUP
LOAD c:/st/stm32cubeide_1.2.0/stm32cubeide/plugins/com.st.stm32cube.ide.mcu.externaltools.gnu-tools-for-stm32.7-2018-q2-update.win32_1.0.0.201904181610/tools/bin/../lib/gcc/arm-none-eabi/7.3.1/thumb/v7e-m/fpv4-sp/hard\libgcc.a
LOAD c:/st/stm32cubeide_1.2.0/stm32cubeide/plugins/com.st.stm32cube.ide.mcu.externaltools.gnu-tools-for-stm32.7-2018-q2-update.win32_1.0.0.201904181610/tools/bin/../lib/gcc/arm-none-eabi/7.3.1/../../../../arm-none-eabi/lib/thumb/v7e-m/fpv4-sp/hard\libc_nano.a
END GROUP
START GROUP
LOAD c:/st/stm32cubeide_1.2.0/stm32cubeide/plugins/com.st.stm32cube.ide.mcu.externaltools.gnu-tools-for-stm32.7-2018-q2-update.win32_1.0.0.201904181610/tools/bin/../lib/gcc/arm-none-eabi/7.3.1/thumb/v7e-m/fpv4-sp/hard\libgcc.a
LOAD c:/st/stm32cubeide_1.2.0/stm32cubeide/plugins/com.st.stm32cube.ide.mcu.externaltools.gnu-tools-for-stm32.7-2018-q2-update.win32_1.0.0.201904181610/tools/bin/../lib/gcc/arm-none-eabi/7.3.1/../../../../arm-none-eabi/lib/thumb/v7e-m/fpv4-sp/hard\libc_nano.a
LOAD c:/st/stm32cubeide_1.2.0/stm32cubeide/plugins/com.st.stm32cube.ide.mcu.externaltools.gnu-tools-for-stm32.7-2018-q2-update.win32_1.0.0.201904181610/tools/bin/../lib/gcc/arm-none-eabi/7.3.1/../../../../arm-none-eabi/lib/thumb/v7e-m/fpv4-sp/hard\libnosys.a
END GROUP
START GROUP
LOAD c:/st/stm32cubeide_1.2.0/stm32cubeide/plugins/com.st.stm32cube.ide.mcu.externaltools.gnu-tools-for-stm32.7-2018-q2-update.win32_1.0.0.201904181610/tools/bin/../lib/gcc/arm-none-eabi/7.3.1/thumb/v7e-m/fpv4-sp/hard\libgcc.a
LOAD c:/st/stm32cubeide_1.2.0/stm32cubeide/plugins/com.st.stm32cube.ide.mcu.externaltools.gnu-tools-for-stm32.7-2018-q2-update.win32_1.0.0.201904181610/tools/bin/../lib/gcc/arm-none-eabi/7.3.1/../../../../arm-none-eabi/lib/thumb/v7e-m/fpv4-sp/hard\libc_nano.a
LOAD c:/st/stm32cubeide_1.2.0/stm32cubeide/plugins/com.st.stm32cube.ide.mcu.externaltools.gnu-tools-for-stm32.7-2018-q2-update.win32_1.0.0.201904181610/tools/bin/../lib/gcc/arm-none-eabi/7.3.1/../../../../arm-none-eabi/lib/thumb/v7e-m/fpv4-sp/hard\libnosys.a
END GROUP
LOAD c:/st/stm32cubeide_1.2.0/stm32cubeide/plugins/com.st.stm32cube.ide.mcu.externaltools.gnu-tools-for-stm32.7-2018-q2-update.win32_1.0.0.201904181610/tools/bin/../lib/gcc/arm-none-eabi/7.3.1/thumb/v7e-m/fpv4-sp/hard/crtend.o
LOAD c:/st/stm32cubeide_1.2.0/stm32cubeide/plugins/com.st.stm32cube.ide.mcu.externaltools.gnu-tools-for-stm32.7-2018-q2-update.win32_1.0.0.201904181610/tools/bin/../lib/gcc/arm-none-eabi/7.3.1/thumb/v7e-m/fpv4-sp/hard/crtn.o
                0x0000000020020000                _estack = (ORIGIN (RAM) + LENGTH (RAM))
                0x0000000000000200                _Min_Heap_Size = 0x200
                0x0000000000000400                _Min_Stack_Size = 0x400

.isr_vector     0x0000000008000000      0x188
                0x0000000008000000                . = ALIGN (0x4)
 *(.isr_vector)
 .isr_vector    0x0000000008000000      0x188 Core/Startup/startup_stm32f407vgtx.o
                0x0000000008000000                g_pfnVectors
                0x0000000008000188                . = ALIGN (0x4)

.text           0x0000000008000188     0x3b7c
                0x0000000008000188                . = ALIGN (0x4)
 *(.text)
 .text          0x0000000008000188       0x40 c:/st/stm32cubeide_1.2.0/stm32cubeide/plugins/com.st.stm32cube.ide.mcu.externaltools.gnu-tools-for-stm32.7-2018-q2-update.win32_1.0.0.201904181610/tools/bin/../lib/gcc/arm-none-eabi/7.3.1/thumb/v7e-m/fpv4-sp/hard/crtbegin.o
 .text          0x00000000080001c8       0x10 c:/st/stm32cubeide_1.2.0/stm32cubeide/plugins/com.st.stm32cube.ide.mcu.externaltools.gnu-tools-for-stm32.7-2018-q2-update.win32_1.0.0.201904181610/tools/bin/../lib/gcc/arm-none-eabi/7.3.1/../../../../arm-none-eabi/lib/thumb/v7e-m/fpv4-sp/hard\libc_nano.a(lib_a-strlen.o)
                0x00000000080001c8                strlen
 .text          0x00000000080001d8       0x30 c:/st/stm32cubeide_1.2.0/stm32cubeide/plugins/com.st.stm32cube.ide.mcu.externaltools.gnu-tools-for-stm32.7-2018-q2-update.win32_1.0.0.201904181610/tools/bin/../lib/gcc/arm-none-eabi/7.3.1/thumb/v7e-m/fpv4-sp/hard\libgcc.a(_aeabi_uldivmod.o)
                0x00000000080001d8                __aeabi_uldivmod
 .text          0x0000000008000208      0x2cc c:/st/stm32cubeide_1.2.0/stm32cubeide/plugins/com.st.stm32cube.ide.mcu.externaltools.gnu-tools-for-stm32.7-2018-q2-update.win32_1.0.0.201904181610/tools/bin/../lib/gcc/arm-none-eabi/7.3.1/thumb/v7e-m/fpv4-sp/hard\libgcc.a(_udivmoddi4.o)
                0x0000000008000208                __udivmoddi4
 .text          0x00000000080004d4        0x4 c:/st/stm32cubeide_1.2.0/stm32cubeide/plugins/com.st.stm32cube.ide.mcu.externaltools.gnu-tools-for-stm32.7-2018-q2-update.win32_1.0.0.201904181610/tools/bin/../lib/gcc/arm-none-eabi/7.3.1/thumb/v7e-m/fpv4-sp/hard\libgcc.a(_dvmd_tls.o)
                0x00000000080004d4                __aeabi_idiv0
                0x00000000080004d4                __aeabi_ldiv0
 *(.text*)
 .text.createList
                0x00000000080004d8       0x66 Core/Src/List.o
                0x00000000080004d8                createList
 .text.createNode
                0x000000000800053e       0x36 Core/Src/List.o
                0x000000000800053e                createNode
 .text.addToList
                0x0000000008000574       0x7c Core/Src/List.o
                0x0000000008000574                addToList
 .text.freeList
                0x00000000080005f0       0x3e Core/Src/List.o
                0x00000000080005f0                freeList
 .text.startTimer
                0x000000000800062e       0x16 Core/Src/Recorder.o
                0x000000000800062e                startTimer
 .text.setTimer
                0x0000000008000644       0x30 Core/Src/Recorder.o
                0x0000000008000644                setTimer
 .text.stopTimer
                0x0000000008000674       0x16 Core/Src/Recorder.o
                0x0000000008000674                stopTimer
 .text.startSpeaker
                0x000000000800068a       0x1c Core/Src/Recorder.o
                0x000000000800068a                startSpeaker
 .text.setSpeakerValue
                0x00000000080006a6       0x22 Core/Src/Recorder.o
                0x00000000080006a6                setSpeakerValue
 .text.stopSpeaker
                0x00000000080006c8       0x1c Core/Src/Recorder.o
                0x00000000080006c8                stopSpeaker
 .text.setLcdCursor
                0x00000000080006e4       0x26 Core/Src/Recorder.o
                0x00000000080006e4                setLcdCursor
 .text.setLcdText
                0x000000000800070a       0x1e Core/Src/Recorder.o
                0x000000000800070a                setLcdText
 .text.readMicrophoneData
                0x0000000008000728       0x3c Core/Src/Recorder.o
                0x0000000008000728                readMicrophoneData
 .text.changeToStateWaiting
                0x0000000008000764       0x40 Core/Src/Recorder.o
                0x0000000008000764                changeToStateWaiting
 .text.changeToStateRecording
                0x00000000080007a4       0x40 Core/Src/Recorder.o
                0x00000000080007a4                changeToStateRecording
 .text.changeToStatePlaying
                0x00000000080007e4       0x40 Core/Src/Recorder.o
                0x00000000080007e4                changeToStatePlaying
 .text.onStart  0x0000000008000824       0x18 Core/Src/Recorder.o
                0x0000000008000824                onStart
 .text.onUpdate
                0x000000000800083c       0x18 Core/Src/Recorder.o
                0x000000000800083c                onUpdate
 .text.onTimerUpdate
                0x0000000008000854       0x1c Core/Src/Recorder.o
                0x0000000008000854                onTimerUpdate
 .text.onButton
                0x0000000008000870       0x18 Core/Src/Recorder.o
                0x0000000008000870                onButton
 .text.cleanUp  0x0000000008000888       0x30 Core/Src/StatePlaying.o
                0x0000000008000888                cleanUp
 .text.onStartStatePlaying
                0x00000000080008b8       0x64 Core/Src/StatePlaying.o
                0x00000000080008b8                onStartStatePlaying
 .text.onUpdateStatePlaying
                0x000000000800091c       0x54 Core/Src/StatePlaying.o
                0x000000000800091c                onUpdateStatePlaying
 .text.onTimerUpdateStatePlaying
                0x0000000008000970       0x88 Core/Src/StatePlaying.o
                0x0000000008000970                onTimerUpdateStatePlaying
 .text.onButtonStatePlaying
                0x00000000080009f8       0x28 Core/Src/StatePlaying.o
                0x00000000080009f8                onButtonStatePlaying
 .text.onStartStateRecording
                0x0000000008000a20       0x58 Core/Src/StateRecording.o
                0x0000000008000a20                onStartStateRecording
 .text.onUpdateStateRecording
                0x0000000008000a78       0x50 Core/Src/StateRecording.o
                0x0000000008000a78                onUpdateStateRecording
 .text.onTimerUpdateStateRecording
                0x0000000008000ac8       0x2e Core/Src/StateRecording.o
                0x0000000008000ac8                onTimerUpdateStateRecording
 *fill*         0x0000000008000af6        0x2 
 .text.onButtonStateRecording
                0x0000000008000af8       0x74 Core/Src/StateRecording.o
                0x0000000008000af8                onButtonStateRecording
 .text.onStartStateWaiting
                0x0000000008000b6c       0x28 Core/Src/StateWaiting.o
                0x0000000008000b6c                onStartStateWaiting
 .text.onUpdateStateWaiting
                0x0000000008000b94       0x44 Core/Src/StateWaiting.o
                0x0000000008000b94                onUpdateStateWaiting
 .text.onTimerUpdateStateWaiting
                0x0000000008000bd8       0x16 Core/Src/StateWaiting.o
                0x0000000008000bd8                onTimerUpdateStateWaiting
 *fill*         0x0000000008000bee        0x2 
 .text.onButtonStateWaiting
                0x0000000008000bf0       0x28 Core/Src/StateWaiting.o
                0x0000000008000bf0                onButtonStateWaiting
 .text.disk_timerproc
                0x0000000008000c18       0x4c Core/Src/diskio.o
                0x0000000008000c18                disk_timerproc
 .text.sdcard_systick_timerproc
                0x0000000008000c64       0x30 Core/Src/diskio.o
                0x0000000008000c64                sdcard_systick_timerproc
 .text.Lcd_create
                0x0000000008000c94       0x56 Core/Src/lcd.o
                0x0000000008000c94                Lcd_create
 .text.Lcd_init
                0x0000000008000cea       0x76 Core/Src/lcd.o
                0x0000000008000cea                Lcd_init
 .text.Lcd_string
                0x0000000008000d60       0x3c Core/Src/lcd.o
                0x0000000008000d60                Lcd_string
 .text.Lcd_cursor
                0x0000000008000d9c       0x34 Core/Src/lcd.o
                0x0000000008000d9c                Lcd_cursor
 .text.lcd_write_command
                0x0000000008000dd0       0x5c Core/Src/lcd.o
 .text.lcd_write_data
                0x0000000008000e2c       0x5c Core/Src/lcd.o
 .text.lcd_write
                0x0000000008000e88       0x8e Core/Src/lcd.o
 *fill*         0x0000000008000f16        0x2 
 .text.HAL_TIM_PeriodElapsedCallback
                0x0000000008000f18       0x4c Core/Src/main.o
                0x0000000008000f18                HAL_TIM_PeriodElapsedCallback
 .text.HAL_GPIO_EXTI_Callback
                0x0000000008000f64       0x2c Core/Src/main.o
                0x0000000008000f64                HAL_GPIO_EXTI_Callback
 .text.main     0x0000000008000f90       0xdc Core/Src/main.o
                0x0000000008000f90                main
 .text.SystemClock_Config
                0x000000000800106c       0xd4 Core/Src/main.o
                0x000000000800106c                SystemClock_Config
 .text.MX_ADC1_Init
                0x0000000008001140       0xa4 Core/Src/main.o
 .text.MX_DAC_Init
                0x00000000080011e4       0x54 Core/Src/main.o
 .text.MX_SPI2_Init
                0x0000000008001238       0x6c Core/Src/main.o
 .text.MX_TIM3_Init
                0x00000000080012a4       0x9c Core/Src/main.o
 .text.MX_TIM4_Init
                0x0000000008001340       0x9c Core/Src/main.o
 .text.MX_GPIO_Init
                0x00000000080013dc       0xf0 Core/Src/main.o
 .text.Error_Handler
                0x00000000080014cc        0xe Core/Src/main.o
                0x00000000080014cc                Error_Handler
 *fill*         0x00000000080014da        0x2 
 .text.HAL_MspInit
                0x00000000080014dc       0x50 Core/Src/stm32f4xx_hal_msp.o
                0x00000000080014dc                HAL_MspInit
 .text.HAL_ADC_MspInit
                0x000000000800152c       0x88 Core/Src/stm32f4xx_hal_msp.o
                0x000000000800152c                HAL_ADC_MspInit
 .text.HAL_DAC_MspInit
                0x00000000080015b4       0x88 Core/Src/stm32f4xx_hal_msp.o
                0x00000000080015b4                HAL_DAC_MspInit
 .text.HAL_SPI_MspInit
                0x000000000800163c       0x90 Core/Src/stm32f4xx_hal_msp.o
                0x000000000800163c                HAL_SPI_MspInit
 .text.HAL_TIM_Base_MspInit
                0x00000000080016cc       0x8c Core/Src/stm32f4xx_hal_msp.o
                0x00000000080016cc                HAL_TIM_Base_MspInit
 .text.NMI_Handler
                0x0000000008001758        0xe Core/Src/stm32f4xx_it.o
                0x0000000008001758                NMI_Handler
 .text.HardFault_Handler
                0x0000000008001766        0x6 Core/Src/stm32f4xx_it.o
                0x0000000008001766                HardFault_Handler
 .text.MemManage_Handler
                0x000000000800176c        0x6 Core/Src/stm32f4xx_it.o
                0x000000000800176c                MemManage_Handler
 .text.BusFault_Handler
                0x0000000008001772        0x6 Core/Src/stm32f4xx_it.o
                0x0000000008001772                BusFault_Handler
 .text.UsageFault_Handler
                0x0000000008001778        0x6 Core/Src/stm32f4xx_it.o
                0x0000000008001778                UsageFault_Handler
 .text.SVC_Handler
                0x000000000800177e        0xe Core/Src/stm32f4xx_it.o
                0x000000000800177e                SVC_Handler
 .text.DebugMon_Handler
                0x000000000800178c        0xe Core/Src/stm32f4xx_it.o
                0x000000000800178c                DebugMon_Handler
 .text.PendSV_Handler
                0x000000000800179a        0xe Core/Src/stm32f4xx_it.o
                0x000000000800179a                PendSV_Handler
 .text.SysTick_Handler
                0x00000000080017a8       0x10 Core/Src/stm32f4xx_it.o
                0x00000000080017a8                SysTick_Handler
 .text.EXTI0_IRQHandler
                0x00000000080017b8        0xe Core/Src/stm32f4xx_it.o
                0x00000000080017b8                EXTI0_IRQHandler
 *fill*         0x00000000080017c6        0x2 
 .text.TIM3_IRQHandler
                0x00000000080017c8       0x14 Core/Src/stm32f4xx_it.o
                0x00000000080017c8                TIM3_IRQHandler
 .text.TIM4_IRQHandler
                0x00000000080017dc       0x14 Core/Src/stm32f4xx_it.o
                0x00000000080017dc                TIM4_IRQHandler
 .text._sbrk    0x00000000080017f0       0x58 Core/Src/sysmem.o
                0x00000000080017f0                _sbrk
 .text.SystemInit
                0x0000000008001848       0x2c Core/Src/system_stm32f4xx.o
                0x0000000008001848                SystemInit
 .text.Reset_Handler
                0x0000000008001874       0x50 Core/Startup/startup_stm32f407vgtx.o
                0x0000000008001874                Reset_Handler
 .text.Default_Handler
                0x00000000080018c4        0x2 Core/Startup/startup_stm32f407vgtx.o
                0x00000000080018c4                RTC_Alarm_IRQHandler
                0x00000000080018c4                HASH_RNG_IRQHandler
                0x00000000080018c4                EXTI2_IRQHandler
                0x00000000080018c4                TIM8_CC_IRQHandler
                0x00000000080018c4                TIM1_CC_IRQHandler
                0x00000000080018c4                DMA2_Stream5_IRQHandler
                0x00000000080018c4                DMA1_Stream5_IRQHandler
                0x00000000080018c4                PVD_IRQHandler
                0x00000000080018c4                SDIO_IRQHandler
                0x00000000080018c4                TAMP_STAMP_IRQHandler
                0x00000000080018c4                CAN2_RX1_IRQHandler
                0x00000000080018c4                EXTI3_IRQHandler
                0x00000000080018c4                TIM8_TRG_COM_TIM14_IRQHandler
                0x00000000080018c4                TIM1_UP_TIM10_IRQHandler
                0x00000000080018c4                TIM8_UP_TIM13_IRQHandler
                0x00000000080018c4                I2C3_ER_IRQHandler
                0x00000000080018c4                I2C2_EV_IRQHandler
                0x00000000080018c4                DMA1_Stream2_IRQHandler
                0x00000000080018c4                CAN1_RX0_IRQHandler
                0x00000000080018c4                FPU_IRQHandler
                0x00000000080018c4                OTG_HS_WKUP_IRQHandler
                0x00000000080018c4                CAN2_SCE_IRQHandler
                0x00000000080018c4                DMA2_Stream2_IRQHandler
                0x00000000080018c4                SPI1_IRQHandler
                0x00000000080018c4                TIM6_DAC_IRQHandler
                0x00000000080018c4                TIM1_BRK_TIM9_IRQHandler
                0x00000000080018c4                DCMI_IRQHandler
                0x00000000080018c4                CAN2_RX0_IRQHandler
                0x00000000080018c4                DMA2_Stream3_IRQHandler
                0x00000000080018c4                USART6_IRQHandler
                0x00000000080018c4                USART3_IRQHandler
                0x00000000080018c4                CAN1_RX1_IRQHandler
                0x00000000080018c4                UART5_IRQHandler
                0x00000000080018c4                DMA2_Stream0_IRQHandler
                0x00000000080018c4                I2C1_EV_IRQHandler
                0x00000000080018c4                DMA1_Stream6_IRQHandler
                0x00000000080018c4                DMA1_Stream1_IRQHandler
                0x00000000080018c4                UART4_IRQHandler
                0x00000000080018c4                RCC_IRQHandler
                0x00000000080018c4                TIM8_BRK_TIM12_IRQHandler
                0x00000000080018c4                Default_Handler
                0x00000000080018c4                EXTI15_10_IRQHandler
                0x00000000080018c4                ADC_IRQHandler
                0x00000000080018c4                DMA1_Stream7_IRQHandler
                0x00000000080018c4                TIM7_IRQHandler
                0x00000000080018c4                CAN2_TX_IRQHandler
                0x00000000080018c4                TIM5_IRQHandler
                0x00000000080018c4                DMA2_Stream7_IRQHandler
                0x00000000080018c4                I2C3_EV_IRQHandler
                0x00000000080018c4                EXTI9_5_IRQHandler
                0x00000000080018c4                RTC_WKUP_IRQHandler
                0x00000000080018c4                ETH_WKUP_IRQHandler
                0x00000000080018c4                SPI2_IRQHandler
                0x00000000080018c4                OTG_HS_EP1_IN_IRQHandler
                0x00000000080018c4                DMA1_Stream0_IRQHandler
                0x00000000080018c4                CAN1_TX_IRQHandler
                0x00000000080018c4                EXTI4_IRQHandler
                0x00000000080018c4                FSMC_IRQHandler
                0x00000000080018c4                ETH_IRQHandler
                0x00000000080018c4                OTG_HS_EP1_OUT_IRQHandler
                0x00000000080018c4                WWDG_IRQHandler
                0x00000000080018c4                TIM2_IRQHandler
                0x00000000080018c4                OTG_FS_WKUP_IRQHandler
                0x00000000080018c4                TIM1_TRG_COM_TIM11_IRQHandler
                0x00000000080018c4                OTG_HS_IRQHandler
                0x00000000080018c4                EXTI1_IRQHandler
                0x00000000080018c4                USART2_IRQHandler
                0x00000000080018c4                I2C2_ER_IRQHandler
                0x00000000080018c4                DMA2_Stream1_IRQHandler
                0x00000000080018c4                CAN1_SCE_IRQHandler
                0x00000000080018c4                FLASH_IRQHandler
                0x00000000080018c4                DMA2_Stream4_IRQHandler
                0x00000000080018c4                USART1_IRQHandler
                0x00000000080018c4                OTG_FS_IRQHandler
                0x00000000080018c4                SPI3_IRQHandler
                0x00000000080018c4                DMA1_Stream4_IRQHandler
                0x00000000080018c4                I2C1_ER_IRQHandler
                0x00000000080018c4                DMA2_Stream6_IRQHandler
                0x00000000080018c4                DMA1_Stream3_IRQHandler
 *fill*         0x00000000080018c6        0x2 
 .text.HAL_Init
                0x00000000080018c8       0x44 Drivers/STM32F4xx_HAL_Driver/Src/stm32f4xx_hal.o
                0x00000000080018c8                HAL_Init
 .text.HAL_InitTick
                0x000000000800190c       0x60 Drivers/STM32F4xx_HAL_Driver/Src/stm32f4xx_hal.o
                0x000000000800190c                HAL_InitTick
 .text.HAL_IncTick
                0x000000000800196c       0x28 Drivers/STM32F4xx_HAL_Driver/Src/stm32f4xx_hal.o
                0x000000000800196c                HAL_IncTick
 .text.HAL_GetTick
                0x0000000008001994       0x18 Drivers/STM32F4xx_HAL_Driver/Src/stm32f4xx_hal.o
                0x0000000008001994                HAL_GetTick
 .text.HAL_Delay
                0x00000000080019ac       0x44 Drivers/STM32F4xx_HAL_Driver/Src/stm32f4xx_hal.o
                0x00000000080019ac                HAL_Delay
 .text.HAL_ADC_Init
                0x00000000080019f0       0x86 Drivers/STM32F4xx_HAL_Driver/Src/stm32f4xx_hal_adc.o
                0x00000000080019f0                HAL_ADC_Init
 *fill*         0x0000000008001a76        0x2 
 .text.HAL_ADC_Start
                0x0000000008001a78      0x18c Drivers/STM32F4xx_HAL_Driver/Src/stm32f4xx_hal_adc.o
                0x0000000008001a78                HAL_ADC_Start
 .text.HAL_ADC_PollForConversion
                0x0000000008001c04      0x108 Drivers/STM32F4xx_HAL_Driver/Src/stm32f4xx_hal_adc.o
                0x0000000008001c04                HAL_ADC_PollForConversion
 .text.HAL_ADC_GetValue
                0x0000000008001d0c       0x1a Drivers/STM32F4xx_HAL_Driver/Src/stm32f4xx_hal_adc.o
                0x0000000008001d0c                HAL_ADC_GetValue
 *fill*         0x0000000008001d26        0x2 
 .text.HAL_ADC_ConfigChannel
                0x0000000008001d28      0x244 Drivers/STM32F4xx_HAL_Driver/Src/stm32f4xx_hal_adc.o
                0x0000000008001d28                HAL_ADC_ConfigChannel
 .text.ADC_Init
                0x0000000008001f6c      0x1f8 Drivers/STM32F4xx_HAL_Driver/Src/stm32f4xx_hal_adc.o
 .text.__NVIC_SetPriorityGrouping
                0x0000000008002164       0x48 Drivers/STM32F4xx_HAL_Driver/Src/stm32f4xx_hal_cortex.o
 .text.__NVIC_GetPriorityGrouping
                0x00000000080021ac       0x1c Drivers/STM32F4xx_HAL_Driver/Src/stm32f4xx_hal_cortex.o
 .text.__NVIC_EnableIRQ
                0x00000000080021c8       0x3c Drivers/STM32F4xx_HAL_Driver/Src/stm32f4xx_hal_cortex.o
 .text.__NVIC_SetPriority
                0x0000000008002204       0x54 Drivers/STM32F4xx_HAL_Driver/Src/stm32f4xx_hal_cortex.o
 .text.NVIC_EncodePriority
                0x0000000008002258       0x66 Drivers/STM32F4xx_HAL_Driver/Src/stm32f4xx_hal_cortex.o
 *fill*         0x00000000080022be        0x2 
 .text.SysTick_Config
                0x00000000080022c0       0x44 Drivers/STM32F4xx_HAL_Driver/Src/stm32f4xx_hal_cortex.o
 .text.HAL_NVIC_SetPriorityGrouping
                0x0000000008002304       0x16 Drivers/STM32F4xx_HAL_Driver/Src/stm32f4xx_hal_cortex.o
                0x0000000008002304                HAL_NVIC_SetPriorityGrouping
 .text.HAL_NVIC_SetPriority
                0x000000000800231a       0x38 Drivers/STM32F4xx_HAL_Driver/Src/stm32f4xx_hal_cortex.o
                0x000000000800231a                HAL_NVIC_SetPriority
 .text.HAL_NVIC_EnableIRQ
                0x0000000008002352       0x1c Drivers/STM32F4xx_HAL_Driver/Src/stm32f4xx_hal_cortex.o
                0x0000000008002352                HAL_NVIC_EnableIRQ
 .text.HAL_SYSTICK_Config
                0x000000000800236e       0x18 Drivers/STM32F4xx_HAL_Driver/Src/stm32f4xx_hal_cortex.o
                0x000000000800236e                HAL_SYSTICK_Config
 .text.HAL_DAC_Init
                0x0000000008002386       0x44 Drivers/STM32F4xx_HAL_Driver/Src/stm32f4xx_hal_dac.o
                0x0000000008002386                HAL_DAC_Init
 .text.HAL_DAC_Start
                0x00000000080023ca       0xcc Drivers/STM32F4xx_HAL_Driver/Src/stm32f4xx_hal_dac.o
                0x00000000080023ca                HAL_DAC_Start
 .text.HAL_DAC_Stop
                0x0000000008002496       0x36 Drivers/STM32F4xx_HAL_Driver/Src/stm32f4xx_hal_dac.o
                0x0000000008002496                HAL_DAC_Stop
 .text.HAL_DAC_ConfigChannel
                0x00000000080024cc       0x9a Drivers/STM32F4xx_HAL_Driver/Src/stm32f4xx_hal_dac.o
                0x00000000080024cc                HAL_DAC_ConfigChannel
 .text.HAL_DAC_SetValue
                0x0000000008002566       0x4a Drivers/STM32F4xx_HAL_Driver/Src/stm32f4xx_hal_dac.o
                0x0000000008002566                HAL_DAC_SetValue
 .text.HAL_GPIO_Init
                0x00000000080025b0      0x334 Drivers/STM32F4xx_HAL_Driver/Src/stm32f4xx_hal_gpio.o
                0x00000000080025b0                HAL_GPIO_Init
 .text.HAL_GPIO_ReadPin
                0x00000000080028e4       0x30 Drivers/STM32F4xx_HAL_Driver/Src/stm32f4xx_hal_gpio.o
                0x00000000080028e4                HAL_GPIO_ReadPin
 .text.HAL_GPIO_WritePin
                0x0000000008002914       0x32 Drivers/STM32F4xx_HAL_Driver/Src/stm32f4xx_hal_gpio.o
                0x0000000008002914                HAL_GPIO_WritePin
 *fill*         0x0000000008002946        0x2 
 .text.HAL_GPIO_EXTI_IRQHandler
                0x0000000008002948       0x30 Drivers/STM32F4xx_HAL_Driver/Src/stm32f4xx_hal_gpio.o
                0x0000000008002948                HAL_GPIO_EXTI_IRQHandler
 .text.HAL_RCC_OscConfig
                0x0000000008002978      0x4e0 Drivers/STM32F4xx_HAL_Driver/Src/stm32f4xx_hal_rcc.o
                0x0000000008002978                HAL_RCC_OscConfig
 .text.HAL_RCC_ClockConfig
                0x0000000008002e58      0x1cc Drivers/STM32F4xx_HAL_Driver/Src/stm32f4xx_hal_rcc.o
                0x0000000008002e58                HAL_RCC_ClockConfig
 .text.HAL_RCC_GetSysClockFreq
                0x0000000008003024      0x1b0 Drivers/STM32F4xx_HAL_Driver/Src/stm32f4xx_hal_rcc.o
                0x0000000008003024                HAL_RCC_GetSysClockFreq
 .text.HAL_SPI_Init
                0x00000000080031d4       0xc8 Drivers/STM32F4xx_HAL_Driver/Src/stm32f4xx_hal_spi.o
                0x00000000080031d4                HAL_SPI_Init
 .text.HAL_TIM_Base_Init
                0x000000000800329c       0x56 Drivers/STM32F4xx_HAL_Driver/Src/stm32f4xx_hal_tim.o
                0x000000000800329c                HAL_TIM_Base_Init
 .text.HAL_TIM_Base_Start_IT
                0x00000000080032f2       0x48 Drivers/STM32F4xx_HAL_Driver/Src/stm32f4xx_hal_tim.o
                0x00000000080032f2                HAL_TIM_Base_Start_IT
 .text.HAL_TIM_Base_Stop_IT
                0x000000000800333a       0x56 Drivers/STM32F4xx_HAL_Driver/Src/stm32f4xx_hal_tim.o
                0x000000000800333a                HAL_TIM_Base_Stop_IT
 .text.HAL_TIM_IRQHandler
                0x0000000008003390      0x210 Drivers/STM32F4xx_HAL_Driver/Src/stm32f4xx_hal_tim.o
                0x0000000008003390                HAL_TIM_IRQHandler
 .text.HAL_TIM_ConfigClockSource
                0x00000000080035a0      0x16e Drivers/STM32F4xx_HAL_Driver/Src/stm32f4xx_hal_tim.o
                0x00000000080035a0                HAL_TIM_ConfigClockSource
 .text.HAL_TIM_OC_DelayElapsedCallback
                0x000000000800370e       0x14 Drivers/STM32F4xx_HAL_Driver/Src/stm32f4xx_hal_tim.o
                0x000000000800370e                HAL_TIM_OC_DelayElapsedCallback
 .text.HAL_TIM_IC_CaptureCallback
                0x0000000008003722       0x14 Drivers/STM32F4xx_HAL_Driver/Src/stm32f4xx_hal_tim.o
                0x0000000008003722                HAL_TIM_IC_CaptureCallback
 .text.HAL_TIM_PWM_PulseFinishedCallback
                0x0000000008003736       0x14 Drivers/STM32F4xx_HAL_Driver/Src/stm32f4xx_hal_tim.o
                0x0000000008003736                HAL_TIM_PWM_PulseFinishedCallback
 .text.HAL_TIM_TriggerCallback
                0x000000000800374a       0x14 Drivers/STM32F4xx_HAL_Driver/Src/stm32f4xx_hal_tim.o
                0x000000000800374a                HAL_TIM_TriggerCallback
 *fill*         0x000000000800375e        0x2 
 .text.TIM_Base_SetConfig
                0x0000000008003760      0x140 Drivers/STM32F4xx_HAL_Driver/Src/stm32f4xx_hal_tim.o
                0x0000000008003760                TIM_Base_SetConfig
 .text.TIM_TI1_ConfigInputStage
                0x00000000080038a0       0x5e Drivers/STM32F4xx_HAL_Driver/Src/stm32f4xx_hal_tim.o
 .text.TIM_TI2_ConfigInputStage
                0x00000000080038fe       0x60 Drivers/STM32F4xx_HAL_Driver/Src/stm32f4xx_hal_tim.o
 .text.TIM_ITRx_SetConfig
                0x000000000800395e       0x36 Drivers/STM32F4xx_HAL_Driver/Src/stm32f4xx_hal_tim.o
 .text.TIM_ETR_SetConfig
                0x0000000008003994       0x40 Drivers/STM32F4xx_HAL_Driver/Src/stm32f4xx_hal_tim.o
                0x0000000008003994                TIM_ETR_SetConfig
 .text.HAL_TIMEx_MasterConfigSynchronization
                0x00000000080039d4       0xf8 Drivers/STM32F4xx_HAL_Driver/Src/stm32f4xx_hal_tim_ex.o
                0x00000000080039d4                HAL_TIMEx_MasterConfigSynchronization
 .text.HAL_TIMEx_CommutCallback
                0x0000000008003acc       0x14 Drivers/STM32F4xx_HAL_Driver/Src/stm32f4xx_hal_tim_ex.o
                0x0000000008003acc                HAL_TIMEx_CommutCallback
 .text.HAL_TIMEx_BreakCallback
                0x0000000008003ae0       0x14 Drivers/STM32F4xx_HAL_Driver/Src/stm32f4xx_hal_tim_ex.o
                0x0000000008003ae0                HAL_TIMEx_BreakCallback
 .text.__errno  0x0000000008003af4        0xc c:/st/stm32cubeide_1.2.0/stm32cubeide/plugins/com.st.stm32cube.ide.mcu.externaltools.gnu-tools-for-stm32.7-2018-q2-update.win32_1.0.0.201904181610/tools/bin/../lib/gcc/arm-none-eabi/7.3.1/../../../../arm-none-eabi/lib/thumb/v7e-m/fpv4-sp/hard\libc_nano.a(lib_a-errno.o)
                0x0000000008003af4                __errno
 .text.__libc_init_array
                0x0000000008003b00       0x48 c:/st/stm32cubeide_1.2.0/stm32cubeide/plugins/com.st.stm32cube.ide.mcu.externaltools.gnu-tools-for-stm32.7-2018-q2-update.win32_1.0.0.201904181610/tools/bin/../lib/gcc/arm-none-eabi/7.3.1/../../../../arm-none-eabi/lib/thumb/v7e-m/fpv4-sp/hard\libc_nano.a(lib_a-init.o)
                0x0000000008003b00                __libc_init_array
 .text.malloc   0x0000000008003b48       0x10 c:/st/stm32cubeide_1.2.0/stm32cubeide/plugins/com.st.stm32cube.ide.mcu.externaltools.gnu-tools-for-stm32.7-2018-q2-update.win32_1.0.0.201904181610/tools/bin/../lib/gcc/arm-none-eabi/7.3.1/../../../../arm-none-eabi/lib/thumb/v7e-m/fpv4-sp/hard\libc_nano.a(lib_a-malloc.o)
                0x0000000008003b48                malloc
 .text.free     0x0000000008003b58       0x10 c:/st/stm32cubeide_1.2.0/stm32cubeide/plugins/com.st.stm32cube.ide.mcu.externaltools.gnu-tools-for-stm32.7-2018-q2-update.win32_1.0.0.201904181610/tools/bin/../lib/gcc/arm-none-eabi/7.3.1/../../../../arm-none-eabi/lib/thumb/v7e-m/fpv4-sp/hard\libc_nano.a(lib_a-malloc.o)
                0x0000000008003b58                free
 .text.memset   0x0000000008003b68       0x10 c:/st/stm32cubeide_1.2.0/stm32cubeide/plugins/com.st.stm32cube.ide.mcu.externaltools.gnu-tools-for-stm32.7-2018-q2-update.win32_1.0.0.201904181610/tools/bin/../lib/gcc/arm-none-eabi/7.3.1/../../../../arm-none-eabi/lib/thumb/v7e-m/fpv4-sp/hard\libc_nano.a(lib_a-memset.o)
                0x0000000008003b68                memset
 .text._free_r  0x0000000008003b78       0x9c c:/st/stm32cubeide_1.2.0/stm32cubeide/plugins/com.st.stm32cube.ide.mcu.externaltools.gnu-tools-for-stm32.7-2018-q2-update.win32_1.0.0.201904181610/tools/bin/../lib/gcc/arm-none-eabi/7.3.1/../../../../arm-none-eabi/lib/thumb/v7e-m/fpv4-sp/hard\libc_nano.a(lib_a-nano-freer.o)
                0x0000000008003b78                _free_r
 .text._malloc_r
                0x0000000008003c14       0xb4 c:/st/stm32cubeide_1.2.0/stm32cubeide/plugins/com.st.stm32cube.ide.mcu.externaltools.gnu-tools-for-stm32.7-2018-q2-update.win32_1.0.0.201904181610/tools/bin/../lib/gcc/arm-none-eabi/7.3.1/../../../../arm-none-eabi/lib/thumb/v7e-m/fpv4-sp/hard\libc_nano.a(lib_a-nano-mallocr.o)
                0x0000000008003c14                _malloc_r
 .text._sbrk_r  0x0000000008003cc8       0x20 c:/st/stm32cubeide_1.2.0/stm32cubeide/plugins/com.st.stm32cube.ide.mcu.externaltools.gnu-tools-for-stm32.7-2018-q2-update.win32_1.0.0.201904181610/tools/bin/../lib/gcc/arm-none-eabi/7.3.1/../../../../arm-none-eabi/lib/thumb/v7e-m/fpv4-sp/hard\libc_nano.a(lib_a-sbrkr.o)
                0x0000000008003cc8                _sbrk_r
 .text.__malloc_lock
                0x0000000008003ce8        0x2 c:/st/stm32cubeide_1.2.0/stm32cubeide/plugins/com.st.stm32cube.ide.mcu.externaltools.gnu-tools-for-stm32.7-2018-q2-update.win32_1.0.0.201904181610/tools/bin/../lib/gcc/arm-none-eabi/7.3.1/../../../../arm-none-eabi/lib/thumb/v7e-m/fpv4-sp/hard\libc_nano.a(lib_a-mlock.o)
                0x0000000008003ce8                __malloc_lock
 .text.__malloc_unlock
                0x0000000008003cea        0x2 c:/st/stm32cubeide_1.2.0/stm32cubeide/plugins/com.st.stm32cube.ide.mcu.externaltools.gnu-tools-for-stm32.7-2018-q2-update.win32_1.0.0.201904181610/tools/bin/../lib/gcc/arm-none-eabi/7.3.1/../../../../arm-none-eabi/lib/thumb/v7e-m/fpv4-sp/hard\libc_nano.a(lib_a-mlock.o)
                0x0000000008003cea                __malloc_unlock
 *(.glue_7)
 .glue_7        0x0000000008003cec        0x0 linker stubs
 *(.glue_7t)
 .glue_7t       0x0000000008003cec        0x0 linker stubs
 *(.eh_frame)
 .eh_frame      0x0000000008003cec        0x0 c:/st/stm32cubeide_1.2.0/stm32cubeide/plugins/com.st.stm32cube.ide.mcu.externaltools.gnu-tools-for-stm32.7-2018-q2-update.win32_1.0.0.201904181610/tools/bin/../lib/gcc/arm-none-eabi/7.3.1/thumb/v7e-m/fpv4-sp/hard/crtbegin.o
 *(.init)
 .init          0x0000000008003cec        0x4 c:/st/stm32cubeide_1.2.0/stm32cubeide/plugins/com.st.stm32cube.ide.mcu.externaltools.gnu-tools-for-stm32.7-2018-q2-update.win32_1.0.0.201904181610/tools/bin/../lib/gcc/arm-none-eabi/7.3.1/thumb/v7e-m/fpv4-sp/hard/crti.o
                0x0000000008003cec                _init
 .init          0x0000000008003cf0        0x8 c:/st/stm32cubeide_1.2.0/stm32cubeide/plugins/com.st.stm32cube.ide.mcu.externaltools.gnu-tools-for-stm32.7-2018-q2-update.win32_1.0.0.201904181610/tools/bin/../lib/gcc/arm-none-eabi/7.3.1/thumb/v7e-m/fpv4-sp/hard/crtn.o
 *(.fini)
 .fini          0x0000000008003cf8        0x4 c:/st/stm32cubeide_1.2.0/stm32cubeide/plugins/com.st.stm32cube.ide.mcu.externaltools.gnu-tools-for-stm32.7-2018-q2-update.win32_1.0.0.201904181610/tools/bin/../lib/gcc/arm-none-eabi/7.3.1/thumb/v7e-m/fpv4-sp/hard/crti.o
                0x0000000008003cf8                _fini
 .fini          0x0000000008003cfc        0x8 c:/st/stm32cubeide_1.2.0/stm32cubeide/plugins/com.st.stm32cube.ide.mcu.externaltools.gnu-tools-for-stm32.7-2018-q2-update.win32_1.0.0.201904181610/tools/bin/../lib/gcc/arm-none-eabi/7.3.1/thumb/v7e-m/fpv4-sp/hard/crtn.o
                0x0000000008003d04                . = ALIGN (0x4)
                0x0000000008003d04                _etext = .

.vfp11_veneer   0x0000000008003d04        0x0
 .vfp11_veneer  0x0000000008003d04        0x0 linker stubs

.v4_bx          0x0000000008003d04        0x0
 .v4_bx         0x0000000008003d04        0x0 linker stubs

.iplt           0x0000000008003d04        0x0
 .iplt          0x0000000008003d04        0x0 c:/st/stm32cubeide_1.2.0/stm32cubeide/plugins/com.st.stm32cube.ide.mcu.externaltools.gnu-tools-for-stm32.7-2018-q2-update.win32_1.0.0.201904181610/tools/bin/../lib/gcc/arm-none-eabi/7.3.1/thumb/v7e-m/fpv4-sp/hard/crtbegin.o

.rodata         0x0000000008003d04       0x74
                0x0000000008003d04                . = ALIGN (0x4)
 *(.rodata)
 .rodata        0x0000000008003d04       0x15 Core/Src/StatePlaying.o
 *fill*         0x0000000008003d19        0x3 
 .rodata        0x0000000008003d1c       0x15 Core/Src/StateRecording.o
 *fill*         0x0000000008003d31        0x3 
 .rodata        0x0000000008003d34       0x15 Core/Src/StateWaiting.o
 *fill*         0x0000000008003d49        0x3 
 .rodata        0x0000000008003d4c       0x18 Core/Src/main.o
 *(.rodata*)
 .rodata.ROW_20
                0x0000000008003d64        0x4 Core/Src/lcd.o
                0x0000000008003d64                ROW_20
 .rodata.AHBPrescTable
                0x0000000008003d68       0x10 Core/Src/system_stm32f4xx.o
                0x0000000008003d68                AHBPrescTable
                0x0000000008003d78                . = ALIGN (0x4)

.ARM.extab      0x0000000008003d78        0x0
                0x0000000008003d78                . = ALIGN (0x4)
 *(.ARM.extab* .gnu.linkonce.armextab.*)
                0x0000000008003d78                . = ALIGN (0x4)

.ARM            0x0000000008003d78        0x8
                0x0000000008003d78                . = ALIGN (0x4)
                0x0000000008003d78                __exidx_start = .
 *(.ARM.exidx*)
 .ARM.exidx     0x0000000008003d78        0x8 c:/st/stm32cubeide_1.2.0/stm32cubeide/plugins/com.st.stm32cube.ide.mcu.externaltools.gnu-tools-for-stm32.7-2018-q2-update.win32_1.0.0.201904181610/tools/bin/../lib/gcc/arm-none-eabi/7.3.1/thumb/v7e-m/fpv4-sp/hard\libgcc.a(_udivmoddi4.o)
                0x0000000008003d80                __exidx_end = .
                0x0000000008003d80                . = ALIGN (0x4)

.rel.dyn        0x0000000008003d80        0x0
 .rel.iplt      0x0000000008003d80        0x0 c:/st/stm32cubeide_1.2.0/stm32cubeide/plugins/com.st.stm32cube.ide.mcu.externaltools.gnu-tools-for-stm32.7-2018-q2-update.win32_1.0.0.201904181610/tools/bin/../lib/gcc/arm-none-eabi/7.3.1/thumb/v7e-m/fpv4-sp/hard/crtbegin.o

.preinit_array  0x0000000008003d80        0x0
                0x0000000008003d80                . = ALIGN (0x4)
                0x0000000008003d80                PROVIDE (__preinit_array_start = .)
 *(.preinit_array*)
                0x0000000008003d80                PROVIDE (__preinit_array_end = .)
                0x0000000008003d80                . = ALIGN (0x4)

.init_array     0x0000000008003d80        0x4
                0x0000000008003d80                . = ALIGN (0x4)
                0x0000000008003d80                PROVIDE (__init_array_start = .)
 *(SORT_BY_NAME(.init_array.*))
 *(.init_array*)
 .init_array    0x0000000008003d80        0x4 c:/st/stm32cubeide_1.2.0/stm32cubeide/plugins/com.st.stm32cube.ide.mcu.externaltools.gnu-tools-for-stm32.7-2018-q2-update.win32_1.0.0.201904181610/tools/bin/../lib/gcc/arm-none-eabi/7.3.1/thumb/v7e-m/fpv4-sp/hard/crtbegin.o
                0x0000000008003d84                PROVIDE (__init_array_end = .)
                0x0000000008003d84                . = ALIGN (0x4)

.fini_array     0x0000000008003d84        0x4
                0x0000000008003d84                . = ALIGN (0x4)
                [!provide]                        PROVIDE (__fini_array_start = .)
 *(SORT_BY_NAME(.fini_array.*))
 *(.fini_array*)
 .fini_array    0x0000000008003d84        0x4 c:/st/stm32cubeide_1.2.0/stm32cubeide/plugins/com.st.stm32cube.ide.mcu.externaltools.gnu-tools-for-stm32.7-2018-q2-update.win32_1.0.0.201904181610/tools/bin/../lib/gcc/arm-none-eabi/7.3.1/thumb/v7e-m/fpv4-sp/hard/crtbegin.o
                [!provide]                        PROVIDE (__fini_array_end = .)
                0x0000000008003d88                . = ALIGN (0x4)
                0x0000000008003d88                _sidata = LOADADDR (.data)

.data           0x0000000020000000       0x70 load address 0x0000000008003d88
                0x0000000020000000                . = ALIGN (0x4)
                0x0000000020000000                _sdata = .
 *(.data)
 *(.data*)
 .data.SystemCoreClock
                0x0000000020000000        0x4 Core/Src/system_stm32f4xx.o
                0x0000000020000000                SystemCoreClock
 .data.uwTickPrio
                0x0000000020000004        0x4 Drivers/STM32F4xx_HAL_Driver/Src/stm32f4xx_hal.o
                0x0000000020000004                uwTickPrio
 .data.uwTickFreq
                0x0000000020000008        0x1 Drivers/STM32F4xx_HAL_Driver/Src/stm32f4xx_hal.o
                0x0000000020000008                uwTickFreq
 *fill*         0x0000000020000009        0x3 
 .data._impure_ptr
                0x000000002000000c        0x4 c:/st/stm32cubeide_1.2.0/stm32cubeide/plugins/com.st.stm32cube.ide.mcu.externaltools.gnu-tools-for-stm32.7-2018-q2-update.win32_1.0.0.201904181610/tools/bin/../lib/gcc/arm-none-eabi/7.3.1/../../../../arm-none-eabi/lib/thumb/v7e-m/fpv4-sp/hard\libc_nano.a(lib_a-impure.o)
                0x000000002000000c                _impure_ptr
 .data.impure_data
                0x0000000020000010       0x60 c:/st/stm32cubeide_1.2.0/stm32cubeide/plugins/com.st.stm32cube.ide.mcu.externaltools.gnu-tools-for-stm32.7-2018-q2-update.win32_1.0.0.201904181610/tools/bin/../lib/gcc/arm-none-eabi/7.3.1/../../../../arm-none-eabi/lib/thumb/v7e-m/fpv4-sp/hard\libc_nano.a(lib_a-impure.o)
                0x0000000020000070                . = ALIGN (0x4)
                0x0000000020000070                _edata = .

.igot.plt       0x0000000020000070        0x0 load address 0x0000000008003df8
 .igot.plt      0x0000000020000070        0x0 c:/st/stm32cubeide_1.2.0/stm32cubeide/plugins/com.st.stm32cube.ide.mcu.externaltools.gnu-tools-for-stm32.7-2018-q2-update.win32_1.0.0.201904181610/tools/bin/../lib/gcc/arm-none-eabi/7.3.1/thumb/v7e-m/fpv4-sp/hard/crtbegin.o
                0x0000000020000070                . = ALIGN (0x4)

.bss            0x0000000020000070      0x1bc load address 0x0000000008003df8
                0x0000000020000070                _sbss = .
                0x0000000020000070                __bss_start__ = _sbss
 *(.bss)
 .bss           0x0000000020000070       0x1c c:/st/stm32cubeide_1.2.0/stm32cubeide/plugins/com.st.stm32cube.ide.mcu.externaltools.gnu-tools-for-stm32.7-2018-q2-update.win32_1.0.0.201904181610/tools/bin/../lib/gcc/arm-none-eabi/7.3.1/thumb/v7e-m/fpv4-sp/hard/crtbegin.o
 *(.bss*)
 .bss.Timer1    0x000000002000008c        0x1 Core/Src/diskio.o
 .bss.Timer2    0x000000002000008d        0x1 Core/Src/diskio.o
 *fill*         0x000000002000008e        0x2 
 .bss.heap_end.6424
                0x0000000020000090        0x4 Core/Src/sysmem.o
 .bss.__malloc_free_list
                0x0000000020000094        0x4 c:/st/stm32cubeide_1.2.0/stm32cubeide/plugins/com.st.stm32cube.ide.mcu.externaltools.gnu-tools-for-stm32.7-2018-q2-update.win32_1.0.0.201904181610/tools/bin/../lib/gcc/arm-none-eabi/7.3.1/../../../../arm-none-eabi/lib/thumb/v7e-m/fpv4-sp/hard\libc_nano.a(lib_a-nano-mallocr.o)
                0x0000000020000094                __malloc_free_list
 .bss.__malloc_sbrk_start
                0x0000000020000098        0x4 c:/st/stm32cubeide_1.2.0/stm32cubeide/plugins/com.st.stm32cube.ide.mcu.externaltools.gnu-tools-for-stm32.7-2018-q2-update.win32_1.0.0.201904181610/tools/bin/../lib/gcc/arm-none-eabi/7.3.1/../../../../arm-none-eabi/lib/thumb/v7e-m/fpv4-sp/hard\libc_nano.a(lib_a-nano-mallocr.o)
                0x0000000020000098                __malloc_sbrk_start
 *(COMMON)
 COMMON         0x000000002000009c        0x2 Core/Src/diskio.o
                0x000000002000009c                sdcard_timer
 *fill*         0x000000002000009e        0x2 
 COMMON         0x00000000200000a0      0x184 Core/Src/main.o
                0x00000000200000a0                lcd
                0x00000000200000b8                hspi2
                0x0000000020000110                htim4
                0x0000000020000150                recorder
                0x0000000020000188                htim3
                0x00000000200001c8                hadc1
                0x0000000020000210                hdac
 COMMON         0x0000000020000224        0x4 Drivers/STM32F4xx_HAL_Driver/Src/stm32f4xx_hal.o
                0x0000000020000224                uwTick
 COMMON         0x0000000020000228        0x4 c:/st/stm32cubeide_1.2.0/stm32cubeide/plugins/com.st.stm32cube.ide.mcu.externaltools.gnu-tools-for-stm32.7-2018-q2-update.win32_1.0.0.201904181610/tools/bin/../lib/gcc/arm-none-eabi/7.3.1/../../../../arm-none-eabi/lib/thumb/v7e-m/fpv4-sp/hard\libc_nano.a(lib_a-reent.o)
                0x0000000020000228                errno
                0x000000002000022c                . = ALIGN (0x4)
                0x000000002000022c                _ebss = .
                0x000000002000022c                __bss_end__ = _ebss

._user_heap_stack
                0x000000002000022c      0x604 load address 0x0000000008003df8
                0x0000000020000230                . = ALIGN (0x8)
 *fill*         0x000000002000022c        0x4 
                0x0000000020000230                PROVIDE (end = .)
                [!provide]                        PROVIDE (_end = .)
                0x0000000020000430                . = (. + _Min_Heap_Size)
 *fill*         0x0000000020000230      0x200 
                0x0000000020000830                . = (. + _Min_Stack_Size)
 *fill*         0x0000000020000430      0x400 
                0x0000000020000830                . = ALIGN (0x8)

/DISCARD/
 libc.a(*)
 libm.a(*)
 libgcc.a(*)

.ARM.attributes
                0x0000000000000000       0x30
 *(.ARM.attributes)
 .ARM.attributes
                0x0000000000000000       0x22 c:/st/stm32cubeide_1.2.0/stm32cubeide/plugins/com.st.stm32cube.ide.mcu.externaltools.gnu-tools-for-stm32.7-2018-q2-update.win32_1.0.0.201904181610/tools/bin/../lib/gcc/arm-none-eabi/7.3.1/thumb/v7e-m/fpv4-sp/hard/crti.o
 .ARM.attributes
                0x0000000000000022       0x34 c:/st/stm32cubeide_1.2.0/stm32cubeide/plugins/com.st.stm32cube.ide.mcu.externaltools.gnu-tools-for-stm32.7-2018-q2-update.win32_1.0.0.201904181610/tools/bin/../lib/gcc/arm-none-eabi/7.3.1/thumb/v7e-m/fpv4-sp/hard/crtbegin.o
 .ARM.attributes
                0x0000000000000056       0x39 Core/Src/List.o
 .ARM.attributes
                0x000000000000008f       0x39 Core/Src/Recorder.o
 .ARM.attributes
                0x00000000000000c8       0x39 Core/Src/StatePlaying.o
 .ARM.attributes
                0x0000000000000101       0x39 Core/Src/StateRecording.o
 .ARM.attributes
                0x000000000000013a       0x39 Core/Src/StateWaiting.o
 .ARM.attributes
                0x0000000000000173       0x39 Core/Src/diskio.o
 .ARM.attributes
                0x00000000000001ac       0x39 Core/Src/lcd.o
 .ARM.attributes
                0x00000000000001e5       0x39 Core/Src/main.o
 .ARM.attributes
                0x000000000000021e       0x39 Core/Src/stm32f4xx_hal_msp.o
 .ARM.attributes
                0x0000000000000257       0x39 Core/Src/stm32f4xx_it.o
 .ARM.attributes
                0x0000000000000290       0x39 Core/Src/sysmem.o
 .ARM.attributes
                0x00000000000002c9       0x39 Core/Src/system_stm32f4xx.o
 .ARM.attributes
                0x0000000000000302       0x21 Core/Startup/startup_stm32f407vgtx.o
 .ARM.attributes
                0x0000000000000323       0x39 Drivers/STM32F4xx_HAL_Driver/Src/stm32f4xx_hal.o
 .ARM.attributes
                0x000000000000035c       0x39 Drivers/STM32F4xx_HAL_Driver/Src/stm32f4xx_hal_adc.o
 .ARM.attributes
                0x0000000000000395       0x39 Drivers/STM32F4xx_HAL_Driver/Src/stm32f4xx_hal_cortex.o
 .ARM.attributes
                0x00000000000003ce       0x39 Drivers/STM32F4xx_HAL_Driver/Src/stm32f4xx_hal_dac.o
 .ARM.attributes
                0x0000000000000407       0x39 Drivers/STM32F4xx_HAL_Driver/Src/stm32f4xx_hal_gpio.o
 .ARM.attributes
                0x0000000000000440       0x39 Drivers/STM32F4xx_HAL_Driver/Src/stm32f4xx_hal_rcc.o
 .ARM.attributes
                0x0000000000000479       0x39 Drivers/STM32F4xx_HAL_Driver/Src/stm32f4xx_hal_spi.o
 .ARM.attributes
                0x00000000000004b2       0x39 Drivers/STM32F4xx_HAL_Driver/Src/stm32f4xx_hal_tim.o
 .ARM.attributes
                0x00000000000004eb       0x39 Drivers/STM32F4xx_HAL_Driver/Src/stm32f4xx_hal_tim_ex.o
 .ARM.attributes
                0x0000000000000524       0x34 c:/st/stm32cubeide_1.2.0/stm32cubeide/plugins/com.st.stm32cube.ide.mcu.externaltools.gnu-tools-for-stm32.7-2018-q2-update.win32_1.0.0.201904181610/tools/bin/../lib/gcc/arm-none-eabi/7.3.1/../../../../arm-none-eabi/lib/thumb/v7e-m/fpv4-sp/hard\libc_nano.a(lib_a-errno.o)
 .ARM.attributes
                0x0000000000000558       0x34 c:/st/stm32cubeide_1.2.0/stm32cubeide/plugins/com.st.stm32cube.ide.mcu.externaltools.gnu-tools-for-stm32.7-2018-q2-update.win32_1.0.0.201904181610/tools/bin/../lib/gcc/arm-none-eabi/7.3.1/../../../../arm-none-eabi/lib/thumb/v7e-m/fpv4-sp/hard\libc_nano.a(lib_a-impure.o)
 .ARM.attributes
                0x000000000000058c       0x34 c:/st/stm32cubeide_1.2.0/stm32cubeide/plugins/com.st.stm32cube.ide.mcu.externaltools.gnu-tools-for-stm32.7-2018-q2-update.win32_1.0.0.201904181610/tools/bin/../lib/gcc/arm-none-eabi/7.3.1/../../../../arm-none-eabi/lib/thumb/v7e-m/fpv4-sp/hard\libc_nano.a(lib_a-init.o)
 .ARM.attributes
                0x00000000000005c0       0x34 c:/st/stm32cubeide_1.2.0/stm32cubeide/plugins/com.st.stm32cube.ide.mcu.externaltools.gnu-tools-for-stm32.7-2018-q2-update.win32_1.0.0.201904181610/tools/bin/../lib/gcc/arm-none-eabi/7.3.1/../../../../arm-none-eabi/lib/thumb/v7e-m/fpv4-sp/hard\libc_nano.a(lib_a-malloc.o)
 .ARM.attributes
                0x00000000000005f4       0x34 c:/st/stm32cubeide_1.2.0/stm32cubeide/plugins/com.st.stm32cube.ide.mcu.externaltools.gnu-tools-for-stm32.7-2018-q2-update.win32_1.0.0.201904181610/tools/bin/../lib/gcc/arm-none-eabi/7.3.1/../../../../arm-none-eabi/lib/thumb/v7e-m/fpv4-sp/hard\libc_nano.a(lib_a-memset.o)
 .ARM.attributes
                0x0000000000000628       0x34 c:/st/stm32cubeide_1.2.0/stm32cubeide/plugins/com.st.stm32cube.ide.mcu.externaltools.gnu-tools-for-stm32.7-2018-q2-update.win32_1.0.0.201904181610/tools/bin/../lib/gcc/arm-none-eabi/7.3.1/../../../../arm-none-eabi/lib/thumb/v7e-m/fpv4-sp/hard\libc_nano.a(lib_a-nano-freer.o)
 .ARM.attributes
                0x000000000000065c       0x34 c:/st/stm32cubeide_1.2.0/stm32cubeide/plugins/com.st.stm32cube.ide.mcu.externaltools.gnu-tools-for-stm32.7-2018-q2-update.win32_1.0.0.201904181610/tools/bin/../lib/gcc/arm-none-eabi/7.3.1/../../../../arm-none-eabi/lib/thumb/v7e-m/fpv4-sp/hard\libc_nano.a(lib_a-nano-mallocr.o)
 .ARM.attributes
                0x0000000000000690       0x34 c:/st/stm32cubeide_1.2.0/stm32cubeide/plugins/com.st.stm32cube.ide.mcu.externaltools.gnu-tools-for-stm32.7-2018-q2-update.win32_1.0.0.201904181610/tools/bin/../lib/gcc/arm-none-eabi/7.3.1/../../../../arm-none-eabi/lib/thumb/v7e-m/fpv4-sp/hard\libc_nano.a(lib_a-sbrkr.o)
 .ARM.attributes
                0x00000000000006c4       0x1b c:/st/stm32cubeide_1.2.0/stm32cubeide/plugins/com.st.stm32cube.ide.mcu.externaltools.gnu-tools-for-stm32.7-2018-q2-update.win32_1.0.0.201904181610/tools/bin/../lib/gcc/arm-none-eabi/7.3.1/../../../../arm-none-eabi/lib/thumb/v7e-m/fpv4-sp/hard\libc_nano.a(lib_a-strlen.o)
 .ARM.attributes
                0x00000000000006df       0x34 c:/st/stm32cubeide_1.2.0/stm32cubeide/plugins/com.st.stm32cube.ide.mcu.externaltools.gnu-tools-for-stm32.7-2018-q2-update.win32_1.0.0.201904181610/tools/bin/../lib/gcc/arm-none-eabi/7.3.1/../../../../arm-none-eabi/lib/thumb/v7e-m/fpv4-sp/hard\libc_nano.a(lib_a-mlock.o)
 .ARM.attributes
                0x0000000000000713       0x34 c:/st/stm32cubeide_1.2.0/stm32cubeide/plugins/com.st.stm32cube.ide.mcu.externaltools.gnu-tools-for-stm32.7-2018-q2-update.win32_1.0.0.201904181610/tools/bin/../lib/gcc/arm-none-eabi/7.3.1/../../../../arm-none-eabi/lib/thumb/v7e-m/fpv4-sp/hard\libc_nano.a(lib_a-reent.o)
 .ARM.attributes
                0x0000000000000747       0x22 c:/st/stm32cubeide_1.2.0/stm32cubeide/plugins/com.st.stm32cube.ide.mcu.externaltools.gnu-tools-for-stm32.7-2018-q2-update.win32_1.0.0.201904181610/tools/bin/../lib/gcc/arm-none-eabi/7.3.1/thumb/v7e-m/fpv4-sp/hard\libgcc.a(_aeabi_uldivmod.o)
 .ARM.attributes
                0x0000000000000769       0x34 c:/st/stm32cubeide_1.2.0/stm32cubeide/plugins/com.st.stm32cube.ide.mcu.externaltools.gnu-tools-for-stm32.7-2018-q2-update.win32_1.0.0.201904181610/tools/bin/../lib/gcc/arm-none-eabi/7.3.1/thumb/v7e-m/fpv4-sp/hard\libgcc.a(_udivmoddi4.o)
 .ARM.attributes
                0x000000000000079d       0x22 c:/st/stm32cubeide_1.2.0/stm32cubeide/plugins/com.st.stm32cube.ide.mcu.externaltools.gnu-tools-for-stm32.7-2018-q2-update.win32_1.0.0.201904181610/tools/bin/../lib/gcc/arm-none-eabi/7.3.1/thumb/v7e-m/fpv4-sp/hard\libgcc.a(_dvmd_tls.o)
 .ARM.attributes
                0x00000000000007bf       0x22 c:/st/stm32cubeide_1.2.0/stm32cubeide/plugins/com.st.stm32cube.ide.mcu.externaltools.gnu-tools-for-stm32.7-2018-q2-update.win32_1.0.0.201904181610/tools/bin/../lib/gcc/arm-none-eabi/7.3.1/thumb/v7e-m/fpv4-sp/hard/crtn.o
OUTPUT(P48.elf elf32-littlearm)

.debug_info     0x0000000000000000    0x152b2
 .debug_info    0x0000000000000000      0xa34 Core/Src/List.o
 .debug_info    0x0000000000000a34     0x17d7 Core/Src/Recorder.o
 .debug_info    0x000000000000220b     0x160a Core/Src/StatePlaying.o
 .debug_info    0x0000000000003815     0x15f1 Core/Src/StateRecording.o
 .debug_info    0x0000000000004e06     0x15c3 Core/Src/StateWaiting.o
 .debug_info    0x00000000000063c9      0xb9a Core/Src/diskio.o
 .debug_info    0x0000000000006f63      0xd98 Core/Src/lcd.o
 .debug_info    0x0000000000007cfb     0x20db Core/Src/main.o
 .debug_info    0x0000000000009dd6     0x138d Core/Src/stm32f4xx_hal_msp.o
 .debug_info    0x000000000000b163      0x735 Core/Src/stm32f4xx_it.o
 .debug_info    0x000000000000b898      0x91c Core/Src/sysmem.o
 .debug_info    0x000000000000c1b4      0x554 Core/Src/system_stm32f4xx.o
 .debug_info    0x000000000000c708       0x22 Core/Startup/startup_stm32f407vgtx.o
 .debug_info    0x000000000000c72a      0x945 Drivers/STM32F4xx_HAL_Driver/Src/stm32f4xx_hal.o
 .debug_info    0x000000000000d06f      0xcee Drivers/STM32F4xx_HAL_Driver/Src/stm32f4xx_hal_adc.o
 .debug_info    0x000000000000dd5d      0xe28 Drivers/STM32F4xx_HAL_Driver/Src/stm32f4xx_hal_cortex.o
 .debug_info    0x000000000000eb85      0xa3a Drivers/STM32F4xx_HAL_Driver/Src/stm32f4xx_hal_dac.o
 .debug_info    0x000000000000f5bf      0x7b5 Drivers/STM32F4xx_HAL_Driver/Src/stm32f4xx_hal_gpio.o
 .debug_info    0x000000000000fd74      0x904 Drivers/STM32F4xx_HAL_Driver/Src/stm32f4xx_hal_rcc.o
 .debug_info    0x0000000000010678     0x163a Drivers/STM32F4xx_HAL_Driver/Src/stm32f4xx_hal_spi.o
 .debug_info    0x0000000000011cb2     0x24a9 Drivers/STM32F4xx_HAL_Driver/Src/stm32f4xx_hal_tim.o
 .debug_info    0x000000000001415b     0x1157 Drivers/STM32F4xx_HAL_Driver/Src/stm32f4xx_hal_tim_ex.o

.debug_abbrev   0x0000000000000000     0x2aee
 .debug_abbrev  0x0000000000000000      0x1d1 Core/Src/List.o
 .debug_abbrev  0x00000000000001d1      0x226 Core/Src/Recorder.o
 .debug_abbrev  0x00000000000003f7      0x1f9 Core/Src/StatePlaying.o
 .debug_abbrev  0x00000000000005f0      0x208 Core/Src/StateRecording.o
 .debug_abbrev  0x00000000000007f8      0x1fb Core/Src/StateWaiting.o
 .debug_abbrev  0x00000000000009f3      0x295 Core/Src/diskio.o
 .debug_abbrev  0x0000000000000c88      0x238 Core/Src/lcd.o
 .debug_abbrev  0x0000000000000ec0      0x2b8 Core/Src/main.o
 .debug_abbrev  0x0000000000001178      0x1de Core/Src/stm32f4xx_hal_msp.o
 .debug_abbrev  0x0000000000001356      0x15a Core/Src/stm32f4xx_it.o
 .debug_abbrev  0x00000000000014b0      0x1bb Core/Src/sysmem.o
 .debug_abbrev  0x000000000000166b      0x12b Core/Src/system_stm32f4xx.o
 .debug_abbrev  0x0000000000001796       0x12 Core/Startup/startup_stm32f407vgtx.o
 .debug_abbrev  0x00000000000017a8      0x1c7 Drivers/STM32F4xx_HAL_Driver/Src/stm32f4xx_hal.o
 .debug_abbrev  0x000000000000196f      0x205 Drivers/STM32F4xx_HAL_Driver/Src/stm32f4xx_hal_adc.o
 .debug_abbrev  0x0000000000001b74      0x2fa Drivers/STM32F4xx_HAL_Driver/Src/stm32f4xx_hal_cortex.o
 .debug_abbrev  0x0000000000001e6e      0x1e4 Drivers/STM32F4xx_HAL_Driver/Src/stm32f4xx_hal_dac.o
 .debug_abbrev  0x0000000000002052      0x1c9 Drivers/STM32F4xx_HAL_Driver/Src/stm32f4xx_hal_gpio.o
 .debug_abbrev  0x000000000000221b      0x245 Drivers/STM32F4xx_HAL_Driver/Src/stm32f4xx_hal_rcc.o
 .debug_abbrev  0x0000000000002460      0x240 Drivers/STM32F4xx_HAL_Driver/Src/stm32f4xx_hal_spi.o
 .debug_abbrev  0x00000000000026a0      0x230 Drivers/STM32F4xx_HAL_Driver/Src/stm32f4xx_hal_tim.o
 .debug_abbrev  0x00000000000028d0      0x21e Drivers/STM32F4xx_HAL_Driver/Src/stm32f4xx_hal_tim_ex.o

.debug_aranges  0x0000000000000000      0xfa8
 .debug_aranges
                0x0000000000000000       0x38 Core/Src/List.o
 .debug_aranges
                0x0000000000000038       0x98 Core/Src/Recorder.o
 .debug_aranges
                0x00000000000000d0       0x40 Core/Src/StatePlaying.o
 .debug_aranges
                0x0000000000000110       0x38 Core/Src/StateRecording.o
 .debug_aranges
                0x0000000000000148       0x38 Core/Src/StateWaiting.o
 .debug_aranges
                0x0000000000000180       0xb8 Core/Src/diskio.o
 .debug_aranges
                0x0000000000000238       0x60 Core/Src/lcd.o
 .debug_aranges
                0x0000000000000298       0x70 Core/Src/main.o
 .debug_aranges
                0x0000000000000308       0x60 Core/Src/stm32f4xx_hal_msp.o
 .debug_aranges
                0x0000000000000368       0x78 Core/Src/stm32f4xx_it.o
 .debug_aranges
                0x00000000000003e0       0x20 Core/Src/sysmem.o
 .debug_aranges
                0x0000000000000400       0x28 Core/Src/system_stm32f4xx.o
 .debug_aranges
                0x0000000000000428       0x28 Core/Startup/startup_stm32f407vgtx.o
 .debug_aranges
                0x0000000000000450       0xf0 Drivers/STM32F4xx_HAL_Driver/Src/stm32f4xx_hal.o
 .debug_aranges
                0x0000000000000540       0xe8 Drivers/STM32F4xx_HAL_Driver/Src/stm32f4xx_hal_adc.o
 .debug_aranges
                0x0000000000000628      0x118 Drivers/STM32F4xx_HAL_Driver/Src/stm32f4xx_hal_cortex.o
 .debug_aranges
                0x0000000000000740       0xc0 Drivers/STM32F4xx_HAL_Driver/Src/stm32f4xx_hal_dac.o
 .debug_aranges
                0x0000000000000800       0x58 Drivers/STM32F4xx_HAL_Driver/Src/stm32f4xx_hal_gpio.o
 .debug_aranges
                0x0000000000000858       0x88 Drivers/STM32F4xx_HAL_Driver/Src/stm32f4xx_hal_rcc.o
 .debug_aranges
                0x00000000000008e0      0x1d0 Drivers/STM32F4xx_HAL_Driver/Src/stm32f4xx_hal_spi.o
 .debug_aranges
                0x0000000000000ab0      0x3a8 Drivers/STM32F4xx_HAL_Driver/Src/stm32f4xx_hal_tim.o
 .debug_aranges
                0x0000000000000e58      0x150 Drivers/STM32F4xx_HAL_Driver/Src/stm32f4xx_hal_tim_ex.o

.debug_ranges   0x0000000000000000      0xe50
 .debug_ranges  0x0000000000000000       0x28 Core/Src/List.o
 .debug_ranges  0x0000000000000028       0x88 Core/Src/Recorder.o
 .debug_ranges  0x00000000000000b0       0x30 Core/Src/StatePlaying.o
 .debug_ranges  0x00000000000000e0       0x28 Core/Src/StateRecording.o
 .debug_ranges  0x0000000000000108       0x28 Core/Src/StateWaiting.o
 .debug_ranges  0x0000000000000130       0xa8 Core/Src/diskio.o
 .debug_ranges  0x00000000000001d8       0x50 Core/Src/lcd.o
 .debug_ranges  0x0000000000000228       0x60 Core/Src/main.o
 .debug_ranges  0x0000000000000288       0x50 Core/Src/stm32f4xx_hal_msp.o
 .debug_ranges  0x00000000000002d8       0x68 Core/Src/stm32f4xx_it.o
 .debug_ranges  0x0000000000000340       0x10 Core/Src/sysmem.o
 .debug_ranges  0x0000000000000350       0x18 Core/Src/system_stm32f4xx.o
 .debug_ranges  0x0000000000000368       0x20 Core/Startup/startup_stm32f407vgtx.o
 .debug_ranges  0x0000000000000388       0xe0 Drivers/STM32F4xx_HAL_Driver/Src/stm32f4xx_hal.o
 .debug_ranges  0x0000000000000468       0xd8 Drivers/STM32F4xx_HAL_Driver/Src/stm32f4xx_hal_adc.o
 .debug_ranges  0x0000000000000540      0x108 Drivers/STM32F4xx_HAL_Driver/Src/stm32f4xx_hal_cortex.o
 .debug_ranges  0x0000000000000648       0xb0 Drivers/STM32F4xx_HAL_Driver/Src/stm32f4xx_hal_dac.o
 .debug_ranges  0x00000000000006f8       0x48 Drivers/STM32F4xx_HAL_Driver/Src/stm32f4xx_hal_gpio.o
 .debug_ranges  0x0000000000000740       0x78 Drivers/STM32F4xx_HAL_Driver/Src/stm32f4xx_hal_rcc.o
 .debug_ranges  0x00000000000007b8      0x1c0 Drivers/STM32F4xx_HAL_Driver/Src/stm32f4xx_hal_spi.o
 .debug_ranges  0x0000000000000978      0x398 Drivers/STM32F4xx_HAL_Driver/Src/stm32f4xx_hal_tim.o
 .debug_ranges  0x0000000000000d10      0x140 Drivers/STM32F4xx_HAL_Driver/Src/stm32f4xx_hal_tim_ex.o

.debug_macro    0x0000000000000000    0x23f6e
 .debug_macro   0x0000000000000000      0x131 Core/Src/List.o
 .debug_macro   0x0000000000000131      0xa5a Core/Src/List.o
 .debug_macro   0x0000000000000b8b       0x22 Core/Src/List.o
 .debug_macro   0x0000000000000bad       0x8e Core/Src/List.o
 .debug_macro   0x0000000000000c3b       0x51 Core/Src/List.o
 .debug_macro   0x0000000000000c8c       0xef Core/Src/List.o
 .debug_macro   0x0000000000000d7b       0x6a Core/Src/List.o
 .debug_macro   0x0000000000000de5      0x1df Core/Src/List.o
 .debug_macro   0x0000000000000fc4       0x18 Core/Src/List.o
 .debug_macro   0x0000000000000fdc       0x46 Core/Src/List.o
 .debug_macro   0x0000000000001022       0x3c Core/Src/List.o
 .debug_macro   0x000000000000105e       0x34 Core/Src/List.o
 .debug_macro   0x0000000000001092       0x16 Core/Src/List.o
 .debug_macro   0x00000000000010a8      0x10e Core/Src/List.o
 .debug_macro   0x00000000000011b6       0x8d Core/Src/List.o
 .debug_macro   0x0000000000001243       0x52 Core/Src/List.o
 .debug_macro   0x0000000000001295       0x1f Core/Src/List.o
 .debug_macro   0x00000000000012b4       0x43 Core/Src/List.o
 .debug_macro   0x00000000000012f7       0x20 Core/Src/List.o
 .debug_macro   0x0000000000001317      0x1a3 Core/Src/List.o
 .debug_macro   0x00000000000014ba      0x330 Core/Src/List.o
 .debug_macro   0x00000000000017ea       0x16 Core/Src/List.o
 .debug_macro   0x0000000000001800       0x29 Core/Src/List.o
 .debug_macro   0x0000000000001829      0x426 Core/Src/Recorder.o
 .debug_macro   0x0000000000001c4f      0x196 Core/Src/Recorder.o
 .debug_macro   0x0000000000001de5       0x32 Core/Src/Recorder.o
 .debug_macro   0x0000000000001e17       0x2f Core/Src/Recorder.o
 .debug_macro   0x0000000000001e46       0x1c Core/Src/Recorder.o
 .debug_macro   0x0000000000001e62       0x22 Core/Src/Recorder.o
 .debug_macro   0x0000000000001e84       0xdf Core/Src/Recorder.o
 .debug_macro   0x0000000000001f63     0x102d Core/Src/Recorder.o
 .debug_macro   0x0000000000002f90      0x11f Core/Src/Recorder.o
 .debug_macro   0x00000000000030af    0x15e3c Core/Src/Recorder.o
 .debug_macro   0x0000000000018eeb       0x43 Core/Src/Recorder.o
 .debug_macro   0x0000000000018f2e     0x3652 Core/Src/Recorder.o
 .debug_macro   0x000000000001c580      0x174 Core/Src/Recorder.o
 .debug_macro   0x000000000001c6f4       0x5a Core/Src/Recorder.o
 .debug_macro   0x000000000001c74e      0x96b Core/Src/Recorder.o
 .debug_macro   0x000000000001d0b9      0x9fe Core/Src/Recorder.o
 .debug_macro   0x000000000001dab7      0x174 Core/Src/Recorder.o
 .debug_macro   0x000000000001dc2b      0x117 Core/Src/Recorder.o
 .debug_macro   0x000000000001dd42      0x13e Core/Src/Recorder.o
 .debug_macro   0x000000000001de80       0x27 Core/Src/Recorder.o
 .debug_macro   0x000000000001dea7      0x287 Core/Src/Recorder.o
 .debug_macro   0x000000000001e12e       0x5f Core/Src/Recorder.o
 .debug_macro   0x000000000001e18d      0x236 Core/Src/Recorder.o
 .debug_macro   0x000000000001e3c3      0x391 Core/Src/Recorder.o
 .debug_macro   0x000000000001e754      0x176 Core/Src/Recorder.o
 .debug_macro   0x000000000001e8ca       0xf9 Core/Src/Recorder.o
 .debug_macro   0x000000000001e9c3       0xea Core/Src/Recorder.o
 .debug_macro   0x000000000001eaad       0xa0 Core/Src/Recorder.o
 .debug_macro   0x000000000001eb4d       0x3c Core/Src/Recorder.o
 .debug_macro   0x000000000001eb89      0x12c Core/Src/Recorder.o
 .debug_macro   0x000000000001ecb5      0x21e Core/Src/Recorder.o
 .debug_macro   0x000000000001eed3       0x2e Core/Src/Recorder.o
 .debug_macro   0x000000000001ef01      0x11a Core/Src/Recorder.o
 .debug_macro   0x000000000001f01b       0x7e Core/Src/Recorder.o
 .debug_macro   0x000000000001f099       0x89 Core/Src/Recorder.o
 .debug_macro   0x000000000001f122      0x225 Core/Src/Recorder.o
 .debug_macro   0x000000000001f347      0x8a0 Core/Src/Recorder.o
 .debug_macro   0x000000000001fbe7       0x47 Core/Src/Recorder.o
 .debug_macro   0x000000000001fc2e      0x12d Core/Src/Recorder.o
 .debug_macro   0x000000000001fd5b       0xf8 Core/Src/Recorder.o
 .debug_macro   0x000000000001fe53       0xf5 Core/Src/Recorder.o
 .debug_macro   0x000000000001ff48       0x16 Core/Src/Recorder.o
 .debug_macro   0x000000000001ff5e       0x35 Core/Src/Recorder.o
 .debug_macro   0x000000000001ff93      0x32a Core/Src/Recorder.o
 .debug_macro   0x00000000000202bd       0x10 Core/Src/Recorder.o
 .debug_macro   0x00000000000202cd       0x10 Core/Src/Recorder.o
 .debug_macro   0x00000000000202dd       0x1c Core/Src/Recorder.o
 .debug_macro   0x00000000000202f9       0x52 Core/Src/Recorder.o
 .debug_macro   0x000000000002034b       0x40 Core/Src/Recorder.o
 .debug_macro   0x000000000002038b       0x10 Core/Src/Recorder.o
 .debug_macro   0x000000000002039b       0x40 Core/Src/Recorder.o
 .debug_macro   0x00000000000203db       0xd7 Core/Src/Recorder.o
 .debug_macro   0x00000000000204b2       0x1c Core/Src/Recorder.o
 .debug_macro   0x00000000000204ce       0x3d Core/Src/Recorder.o
 .debug_macro   0x000000000002050b       0x16 Core/Src/Recorder.o
 .debug_macro   0x0000000000020521      0x145 Core/Src/Recorder.o
 .debug_macro   0x0000000000020666       0x16 Core/Src/Recorder.o
 .debug_macro   0x000000000002067c       0x20 Core/Src/Recorder.o
 .debug_macro   0x000000000002069c       0x9a Core/Src/Recorder.o
 .debug_macro   0x0000000000020736       0x2e Core/Src/Recorder.o
 .debug_macro   0x0000000000020764      0x40e Core/Src/StatePlaying.o
 .debug_macro   0x0000000000020b72      0x412 Core/Src/StateRecording.o
 .debug_macro   0x0000000000020f84      0x40e Core/Src/StateWaiting.o
 .debug_macro   0x0000000000021392      0x28d Core/Src/diskio.o
 .debug_macro   0x000000000002161f       0xc4 Core/Src/diskio.o
 .debug_macro   0x00000000000216e3      0x399 Core/Src/lcd.o
 .debug_macro   0x0000000000021a7c       0x40 Core/Src/lcd.o
 .debug_macro   0x0000000000021abc       0x94 Core/Src/lcd.o
 .debug_macro   0x0000000000021b50       0x57 Core/Src/lcd.o
 .debug_macro   0x0000000000021ba7       0x97 Core/Src/lcd.o
 .debug_macro   0x0000000000021c3e       0xfd Core/Src/lcd.o
 .debug_macro   0x0000000000021d3b       0xd9 Core/Src/lcd.o
 .debug_macro   0x0000000000021e14       0x54 Core/Src/lcd.o
 .debug_macro   0x0000000000021e68      0x40c Core/Src/main.o
 .debug_macro   0x0000000000022274      0x20a Core/Src/stm32f4xx_hal_msp.o
 .debug_macro   0x000000000002247e      0x235 Core/Src/stm32f4xx_it.o
 .debug_macro   0x00000000000226b3      0x1ae Core/Src/sysmem.o
 .debug_macro   0x0000000000022861      0x23b Core/Src/sysmem.o
 .debug_macro   0x0000000000022a9c      0x206 Core/Src/system_stm32f4xx.o
 .debug_macro   0x0000000000022ca2      0x260 Drivers/STM32F4xx_HAL_Driver/Src/stm32f4xx_hal.o
 .debug_macro   0x0000000000022f02      0x201 Drivers/STM32F4xx_HAL_Driver/Src/stm32f4xx_hal_adc.o
 .debug_macro   0x0000000000023103      0x200 Drivers/STM32F4xx_HAL_Driver/Src/stm32f4xx_hal_cortex.o
 .debug_macro   0x0000000000023303      0x201 Drivers/STM32F4xx_HAL_Driver/Src/stm32f4xx_hal_dac.o
 .debug_macro   0x0000000000023504      0x236 Drivers/STM32F4xx_HAL_Driver/Src/stm32f4xx_hal_gpio.o
 .debug_macro   0x000000000002373a      0x224 Drivers/STM32F4xx_HAL_Driver/Src/stm32f4xx_hal_rcc.o
 .debug_macro   0x000000000002395e      0x20f Drivers/STM32F4xx_HAL_Driver/Src/stm32f4xx_hal_spi.o
 .debug_macro   0x0000000000023b6d      0x201 Drivers/STM32F4xx_HAL_Driver/Src/stm32f4xx_hal_tim.o
 .debug_macro   0x0000000000023d6e      0x200 Drivers/STM32F4xx_HAL_Driver/Src/stm32f4xx_hal_tim_ex.o

.debug_line     0x0000000000000000     0xdc93
 .debug_line    0x0000000000000000      0x534 Core/Src/List.o
 .debug_line    0x0000000000000534      0xac4 Core/Src/Recorder.o
 .debug_line    0x0000000000000ff8      0x9e9 Core/Src/StatePlaying.o
 .debug_line    0x00000000000019e1      0x9e3 Core/Src/StateRecording.o
 .debug_line    0x00000000000023c4      0x9c4 Core/Src/StateWaiting.o
 .debug_line    0x0000000000002d88      0xa7a Core/Src/diskio.o
 .debug_line    0x0000000000003802      0xa03 Core/Src/lcd.o
 .debug_line    0x0000000000004205      0xab6 Core/Src/main.o
 .debug_line    0x0000000000004cbb      0x7e5 Core/Src/stm32f4xx_hal_msp.o
 .debug_line    0x00000000000054a0      0x81d Core/Src/stm32f4xx_it.o
 .debug_line    0x0000000000005cbd      0x55e Core/Src/sysmem.o
 .debug_line    0x000000000000621b      0x73d Core/Src/system_stm32f4xx.o
 .debug_line    0x0000000000006958       0x86 Core/Startup/startup_stm32f407vgtx.o
 .debug_line    0x00000000000069de      0x927 Drivers/STM32F4xx_HAL_Driver/Src/stm32f4xx_hal.o
 .debug_line    0x0000000000007305      0xb8c Drivers/STM32F4xx_HAL_Driver/Src/stm32f4xx_hal_adc.o
 .debug_line    0x0000000000007e91      0xa4b Drivers/STM32F4xx_HAL_Driver/Src/stm32f4xx_hal_cortex.o
 .debug_line    0x00000000000088dc      0x97b Drivers/STM32F4xx_HAL_Driver/Src/stm32f4xx_hal_dac.o
 .debug_line    0x0000000000009257      0x906 Drivers/STM32F4xx_HAL_Driver/Src/stm32f4xx_hal_gpio.o
 .debug_line    0x0000000000009b5d      0x97f Drivers/STM32F4xx_HAL_Driver/Src/stm32f4xx_hal_rcc.o
 .debug_line    0x000000000000a4dc     0x10da Drivers/STM32F4xx_HAL_Driver/Src/stm32f4xx_hal_spi.o
 .debug_line    0x000000000000b5b6     0x19a0 Drivers/STM32F4xx_HAL_Driver/Src/stm32f4xx_hal_tim.o
 .debug_line    0x000000000000cf56      0xd3d Drivers/STM32F4xx_HAL_Driver/Src/stm32f4xx_hal_tim_ex.o

.debug_str      0x0000000000000000    0xd01b0
 .debug_str     0x0000000000000000     0x6d3a Core/Src/List.o
                                       0x6fd2 (size before relaxing)
 .debug_str     0x0000000000006d3a    0xc52fa Core/Src/Recorder.o
                                      0xcc3d6 (size before relaxing)
 .debug_str     0x00000000000cc034       0xa1 Core/Src/StatePlaying.o
                                      0xcc315 (size before relaxing)
 .debug_str     0x00000000000cc0d5       0x7d Core/Src/StateRecording.o
                                      0xcc314 (size before relaxing)
 .debug_str     0x00000000000cc152       0x73 Core/Src/StateWaiting.o
                                      0xcc303 (size before relaxing)
 .debug_str     0x00000000000cc1c5      0x658 Core/Src/diskio.o
                                      0xc7f1a (size before relaxing)
 .debug_str     0x00000000000cc81d       0x87 Core/Src/lcd.o
                                      0xcb553 (size before relaxing)
 .debug_str     0x00000000000cc8a4      0x908 Core/Src/main.o
                                      0xccdb7 (size before relaxing)
 .debug_str     0x00000000000cd1ac       0xd2 Core/Src/stm32f4xx_hal_msp.o
                                      0xc80e4 (size before relaxing)
 .debug_str     0x00000000000cd27e       0xee Core/Src/stm32f4xx_it.o
                                      0xc7d3e (size before relaxing)
 .debug_str     0x00000000000cd36c      0x4be Core/Src/sysmem.o
                                       0x7aea (size before relaxing)
 .debug_str     0x00000000000cd82a       0xc4 Core/Src/system_stm32f4xx.o
                                      0xc72ce (size before relaxing)
 .debug_str     0x00000000000cd8ee       0x36 Core/Startup/startup_stm32f407vgtx.o
                                         0x6c (size before relaxing)
 .debug_str     0x00000000000cd924      0x58d Drivers/STM32F4xx_HAL_Driver/Src/stm32f4xx_hal.o
                                      0xc7d9b (size before relaxing)
 .debug_str     0x00000000000cdeb1      0x29d Drivers/STM32F4xx_HAL_Driver/Src/stm32f4xx_hal_adc.o
                                      0xc7865 (size before relaxing)
 .debug_str     0x00000000000ce14e      0x392 Drivers/STM32F4xx_HAL_Driver/Src/stm32f4xx_hal_cortex.o
                                      0xc7b8a (size before relaxing)
 .debug_str     0x00000000000ce4e0      0x1bd Drivers/STM32F4xx_HAL_Driver/Src/stm32f4xx_hal_dac.o
                                      0xc76f2 (size before relaxing)
 .debug_str     0x00000000000ce69d      0x1ec Drivers/STM32F4xx_HAL_Driver/Src/stm32f4xx_hal_gpio.o
                                      0xc750d (size before relaxing)
 .debug_str     0x00000000000ce889      0x24e Drivers/STM32F4xx_HAL_Driver/Src/stm32f4xx_hal_rcc.o
                                      0xc76bb (size before relaxing)
 .debug_str     0x00000000000cead7      0x555 Drivers/STM32F4xx_HAL_Driver/Src/stm32f4xx_hal_spi.o
                                      0xc7b3c (size before relaxing)
 .debug_str     0x00000000000cf02c      0xce2 Drivers/STM32F4xx_HAL_Driver/Src/stm32f4xx_hal_tim.o
                                      0xc83da (size before relaxing)
 .debug_str     0x00000000000cfd0e      0x4a2 Drivers/STM32F4xx_HAL_Driver/Src/stm32f4xx_hal_tim_ex.o
                                      0xc7bda (size before relaxing)

.comment        0x0000000000000000       0x7b
 .comment       0x0000000000000000       0x7b Core/Src/List.o
                                         0x7c (size before relaxing)
 .comment       0x000000000000007b       0x7c Core/Src/Recorder.o
 .comment       0x000000000000007b       0x7c Core/Src/StatePlaying.o
 .comment       0x000000000000007b       0x7c Core/Src/StateRecording.o
 .comment       0x000000000000007b       0x7c Core/Src/StateWaiting.o
 .comment       0x000000000000007b       0x7c Core/Src/diskio.o
 .comment       0x000000000000007b       0x7c Core/Src/lcd.o
 .comment       0x000000000000007b       0x7c Core/Src/main.o
 .comment       0x000000000000007b       0x7c Core/Src/stm32f4xx_hal_msp.o
 .comment       0x000000000000007b       0x7c Core/Src/stm32f4xx_it.o
 .comment       0x000000000000007b       0x7c Core/Src/sysmem.o
 .comment       0x000000000000007b       0x7c Core/Src/system_stm32f4xx.o
 .comment       0x000000000000007b       0x7c Drivers/STM32F4xx_HAL_Driver/Src/stm32f4xx_hal.o
 .comment       0x000000000000007b       0x7c Drivers/STM32F4xx_HAL_Driver/Src/stm32f4xx_hal_adc.o
 .comment       0x000000000000007b       0x7c Drivers/STM32F4xx_HAL_Driver/Src/stm32f4xx_hal_cortex.o
 .comment       0x000000000000007b       0x7c Drivers/STM32F4xx_HAL_Driver/Src/stm32f4xx_hal_dac.o
 .comment       0x000000000000007b       0x7c Drivers/STM32F4xx_HAL_Driver/Src/stm32f4xx_hal_gpio.o
 .comment       0x000000000000007b       0x7c Drivers/STM32F4xx_HAL_Driver/Src/stm32f4xx_hal_rcc.o
 .comment       0x000000000000007b       0x7c Drivers/STM32F4xx_HAL_Driver/Src/stm32f4xx_hal_spi.o
 .comment       0x000000000000007b       0x7c Drivers/STM32F4xx_HAL_Driver/Src/stm32f4xx_hal_tim.o
 .comment       0x000000000000007b       0x7c Drivers/STM32F4xx_HAL_Driver/Src/stm32f4xx_hal_tim_ex.o

.debug_frame    0x0000000000000000     0x417c
 .debug_frame   0x0000000000000000       0xa8 Core/Src/List.o
 .debug_frame   0x00000000000000a8      0x254 Core/Src/Recorder.o
 .debug_frame   0x00000000000002fc       0xcc Core/Src/StatePlaying.o
 .debug_frame   0x00000000000003c8       0xa4 Core/Src/StateRecording.o
 .debug_frame   0x000000000000046c       0xa4 Core/Src/StateWaiting.o
 .debug_frame   0x0000000000000510      0x2d4 Core/Src/diskio.o
 .debug_frame   0x00000000000007e4      0x15c Core/Src/lcd.o
 .debug_frame   0x0000000000000940      0x190 Core/Src/main.o
 .debug_frame   0x0000000000000ad0      0x158 Core/Src/stm32f4xx_hal_msp.o
 .debug_frame   0x0000000000000c28      0x160 Core/Src/stm32f4xx_it.o
 .debug_frame   0x0000000000000d88       0x34 Core/Src/sysmem.o
 .debug_frame   0x0000000000000dbc       0x58 Core/Src/system_stm32f4xx.o
 .debug_frame   0x0000000000000e14      0x374 Drivers/STM32F4xx_HAL_Driver/Src/stm32f4xx_hal.o
 .debug_frame   0x0000000000001188      0x3fc Drivers/STM32F4xx_HAL_Driver/Src/stm32f4xx_hal_adc.o
 .debug_frame   0x0000000000001584      0x498 Drivers/STM32F4xx_HAL_Driver/Src/stm32f4xx_hal_cortex.o
 .debug_frame   0x0000000000001a1c      0x338 Drivers/STM32F4xx_HAL_Driver/Src/stm32f4xx_hal_dac.o
 .debug_frame   0x0000000000001d54      0x14c Drivers/STM32F4xx_HAL_Driver/Src/stm32f4xx_hal_gpio.o
 .debug_frame   0x0000000000001ea0      0x1f0 Drivers/STM32F4xx_HAL_Driver/Src/stm32f4xx_hal_rcc.o
 .debug_frame   0x0000000000002090      0x824 Drivers/STM32F4xx_HAL_Driver/Src/stm32f4xx_hal_spi.o
 .debug_frame   0x00000000000028b4     0x10f0 Drivers/STM32F4xx_HAL_Driver/Src/stm32f4xx_hal_tim.o
 .debug_frame   0x00000000000039a4      0x5c0 Drivers/STM32F4xx_HAL_Driver/Src/stm32f4xx_hal_tim_ex.o
 .debug_frame   0x0000000000003f64       0x20 c:/st/stm32cubeide_1.2.0/stm32cubeide/plugins/com.st.stm32cube.ide.mcu.externaltools.gnu-tools-for-stm32.7-2018-q2-update.win32_1.0.0.201904181610/tools/bin/../lib/gcc/arm-none-eabi/7.3.1/../../../../arm-none-eabi/lib/thumb/v7e-m/fpv4-sp/hard\libc_nano.a(lib_a-errno.o)
 .debug_frame   0x0000000000003f84       0x2c c:/st/stm32cubeide_1.2.0/stm32cubeide/plugins/com.st.stm32cube.ide.mcu.externaltools.gnu-tools-for-stm32.7-2018-q2-update.win32_1.0.0.201904181610/tools/bin/../lib/gcc/arm-none-eabi/7.3.1/../../../../arm-none-eabi/lib/thumb/v7e-m/fpv4-sp/hard\libc_nano.a(lib_a-init.o)
 .debug_frame   0x0000000000003fb0       0x30 c:/st/stm32cubeide_1.2.0/stm32cubeide/plugins/com.st.stm32cube.ide.mcu.externaltools.gnu-tools-for-stm32.7-2018-q2-update.win32_1.0.0.201904181610/tools/bin/../lib/gcc/arm-none-eabi/7.3.1/../../../../arm-none-eabi/lib/thumb/v7e-m/fpv4-sp/hard\libc_nano.a(lib_a-malloc.o)
 .debug_frame   0x0000000000003fe0       0x20 c:/st/stm32cubeide_1.2.0/stm32cubeide/plugins/com.st.stm32cube.ide.mcu.externaltools.gnu-tools-for-stm32.7-2018-q2-update.win32_1.0.0.201904181610/tools/bin/../lib/gcc/arm-none-eabi/7.3.1/../../../../arm-none-eabi/lib/thumb/v7e-m/fpv4-sp/hard\libc_nano.a(lib_a-memset.o)
 .debug_frame   0x0000000000004000       0x38 c:/st/stm32cubeide_1.2.0/stm32cubeide/plugins/com.st.stm32cube.ide.mcu.externaltools.gnu-tools-for-stm32.7-2018-q2-update.win32_1.0.0.201904181610/tools/bin/../lib/gcc/arm-none-eabi/7.3.1/../../../../arm-none-eabi/lib/thumb/v7e-m/fpv4-sp/hard\libc_nano.a(lib_a-nano-freer.o)
 .debug_frame   0x0000000000004038       0x2c c:/st/stm32cubeide_1.2.0/stm32cubeide/plugins/com.st.stm32cube.ide.mcu.externaltools.gnu-tools-for-stm32.7-2018-q2-update.win32_1.0.0.201904181610/tools/bin/../lib/gcc/arm-none-eabi/7.3.1/../../../../arm-none-eabi/lib/thumb/v7e-m/fpv4-sp/hard\libc_nano.a(lib_a-nano-mallocr.o)
 .debug_frame   0x0000000000004064       0x2c c:/st/stm32cubeide_1.2.0/stm32cubeide/plugins/com.st.stm32cube.ide.mcu.externaltools.gnu-tools-for-stm32.7-2018-q2-update.win32_1.0.0.201904181610/tools/bin/../lib/gcc/arm-none-eabi/7.3.1/../../../../arm-none-eabi/lib/thumb/v7e-m/fpv4-sp/hard\libc_nano.a(lib_a-sbrkr.o)
 .debug_frame   0x0000000000004090       0x30 c:/st/stm32cubeide_1.2.0/stm32cubeide/plugins/com.st.stm32cube.ide.mcu.externaltools.gnu-tools-for-stm32.7-2018-q2-update.win32_1.0.0.201904181610/tools/bin/../lib/gcc/arm-none-eabi/7.3.1/../../../../arm-none-eabi/lib/thumb/v7e-m/fpv4-sp/hard\libc_nano.a(lib_a-mlock.o)
 .debug_frame   0x00000000000040c0       0x5c c:/st/stm32cubeide_1.2.0/stm32cubeide/plugins/com.st.stm32cube.ide.mcu.externaltools.gnu-tools-for-stm32.7-2018-q2-update.win32_1.0.0.201904181610/tools/bin/../lib/gcc/arm-none-eabi/7.3.1/../../../../arm-none-eabi/lib/thumb/v7e-m/fpv4-sp/hard\libc_nano.a(lib_a-reent.o)
 .debug_frame   0x000000000000411c       0x2c c:/st/stm32cubeide_1.2.0/stm32cubeide/plugins/com.st.stm32cube.ide.mcu.externaltools.gnu-tools-for-stm32.7-2018-q2-update.win32_1.0.0.201904181610/tools/bin/../lib/gcc/arm-none-eabi/7.3.1/thumb/v7e-m/fpv4-sp/hard\libgcc.a(_aeabi_uldivmod.o)
 .debug_frame   0x0000000000004148       0x34 c:/st/stm32cubeide_1.2.0/stm32cubeide/plugins/com.st.stm32cube.ide.mcu.externaltools.gnu-tools-for-stm32.7-2018-q2-update.win32_1.0.0.201904181610/tools/bin/../lib/gcc/arm-none-eabi/7.3.1/thumb/v7e-m/fpv4-sp/hard\libgcc.a(_udivmoddi4.o)
