Archive member included to satisfy reference by file (symbol)

c:/st/stm32cubeide_1.2.0/stm32cubeide/plugins/com.st.stm32cube.ide.mcu.externaltools.gnu-tools-for-stm32.7-2018-q2-update.win32_1.0.0.201904181610/tools/bin/../lib/gcc/arm-none-eabi/7.3.1/../../../../arm-none-eabi/lib/thumb/v7e-m/fpv4-sp/hard\libc_nano.a(lib_a-errno.o)
                              Core/Src/syscalls.o (__errno)
c:/st/stm32cubeide_1.2.0/stm32cubeide/plugins/com.st.stm32cube.ide.mcu.externaltools.gnu-tools-for-stm32.7-2018-q2-update.win32_1.0.0.201904181610/tools/bin/../lib/gcc/arm-none-eabi/7.3.1/../../../../arm-none-eabi/lib/thumb/v7e-m/fpv4-sp/hard\libc_nano.a(lib_a-exit.o)
                              c:/st/stm32cubeide_1.2.0/stm32cubeide/plugins/com.st.stm32cube.ide.mcu.externaltools.gnu-tools-for-stm32.7-2018-q2-update.win32_1.0.0.201904181610/tools/bin/../lib/gcc/arm-none-eabi/7.3.1/../../../../arm-none-eabi/lib/thumb/v7e-m/fpv4-sp/hard/crt0.o (exit)
c:/st/stm32cubeide_1.2.0/stm32cubeide/plugins/com.st.stm32cube.ide.mcu.externaltools.gnu-tools-for-stm32.7-2018-q2-update.win32_1.0.0.201904181610/tools/bin/../lib/gcc/arm-none-eabi/7.3.1/../../../../arm-none-eabi/lib/thumb/v7e-m/fpv4-sp/hard\libc_nano.a(lib_a-impure.o)
                              c:/st/stm32cubeide_1.2.0/stm32cubeide/plugins/com.st.stm32cube.ide.mcu.externaltools.gnu-tools-for-stm32.7-2018-q2-update.win32_1.0.0.201904181610/tools/bin/../lib/gcc/arm-none-eabi/7.3.1/../../../../arm-none-eabi/lib/thumb/v7e-m/fpv4-sp/hard\libc_nano.a(lib_a-exit.o) (_global_impure_ptr)
c:/st/stm32cubeide_1.2.0/stm32cubeide/plugins/com.st.stm32cube.ide.mcu.externaltools.gnu-tools-for-stm32.7-2018-q2-update.win32_1.0.0.201904181610/tools/bin/../lib/gcc/arm-none-eabi/7.3.1/../../../../arm-none-eabi/lib/thumb/v7e-m/fpv4-sp/hard\libc_nano.a(lib_a-init.o)
                              c:/st/stm32cubeide_1.2.0/stm32cubeide/plugins/com.st.stm32cube.ide.mcu.externaltools.gnu-tools-for-stm32.7-2018-q2-update.win32_1.0.0.201904181610/tools/bin/../lib/gcc/arm-none-eabi/7.3.1/../../../../arm-none-eabi/lib/thumb/v7e-m/fpv4-sp/hard/crt0.o (__libc_init_array)
c:/st/stm32cubeide_1.2.0/stm32cubeide/plugins/com.st.stm32cube.ide.mcu.externaltools.gnu-tools-for-stm32.7-2018-q2-update.win32_1.0.0.201904181610/tools/bin/../lib/gcc/arm-none-eabi/7.3.1/../../../../arm-none-eabi/lib/thumb/v7e-m/fpv4-sp/hard\libc_nano.a(lib_a-malloc.o)
                              Core/Src/List.o (malloc)
c:/st/stm32cubeide_1.2.0/stm32cubeide/plugins/com.st.stm32cube.ide.mcu.externaltools.gnu-tools-for-stm32.7-2018-q2-update.win32_1.0.0.201904181610/tools/bin/../lib/gcc/arm-none-eabi/7.3.1/../../../../arm-none-eabi/lib/thumb/v7e-m/fpv4-sp/hard\libc_nano.a(lib_a-memset.o)
                              c:/st/stm32cubeide_1.2.0/stm32cubeide/plugins/com.st.stm32cube.ide.mcu.externaltools.gnu-tools-for-stm32.7-2018-q2-update.win32_1.0.0.201904181610/tools/bin/../lib/gcc/arm-none-eabi/7.3.1/../../../../arm-none-eabi/lib/thumb/v7e-m/fpv4-sp/hard/crt0.o (memset)
c:/st/stm32cubeide_1.2.0/stm32cubeide/plugins/com.st.stm32cube.ide.mcu.externaltools.gnu-tools-for-stm32.7-2018-q2-update.win32_1.0.0.201904181610/tools/bin/../lib/gcc/arm-none-eabi/7.3.1/../../../../arm-none-eabi/lib/thumb/v7e-m/fpv4-sp/hard\libc_nano.a(lib_a-nano-freer.o)
                              c:/st/stm32cubeide_1.2.0/stm32cubeide/plugins/com.st.stm32cube.ide.mcu.externaltools.gnu-tools-for-stm32.7-2018-q2-update.win32_1.0.0.201904181610/tools/bin/../lib/gcc/arm-none-eabi/7.3.1/../../../../arm-none-eabi/lib/thumb/v7e-m/fpv4-sp/hard\libc_nano.a(lib_a-malloc.o) (_free_r)
c:/st/stm32cubeide_1.2.0/stm32cubeide/plugins/com.st.stm32cube.ide.mcu.externaltools.gnu-tools-for-stm32.7-2018-q2-update.win32_1.0.0.201904181610/tools/bin/../lib/gcc/arm-none-eabi/7.3.1/../../../../arm-none-eabi/lib/thumb/v7e-m/fpv4-sp/hard\libc_nano.a(lib_a-nano-mallocr.o)
                              c:/st/stm32cubeide_1.2.0/stm32cubeide/plugins/com.st.stm32cube.ide.mcu.externaltools.gnu-tools-for-stm32.7-2018-q2-update.win32_1.0.0.201904181610/tools/bin/../lib/gcc/arm-none-eabi/7.3.1/../../../../arm-none-eabi/lib/thumb/v7e-m/fpv4-sp/hard\libc_nano.a(lib_a-malloc.o) (_malloc_r)
c:/st/stm32cubeide_1.2.0/stm32cubeide/plugins/com.st.stm32cube.ide.mcu.externaltools.gnu-tools-for-stm32.7-2018-q2-update.win32_1.0.0.201904181610/tools/bin/../lib/gcc/arm-none-eabi/7.3.1/../../../../arm-none-eabi/lib/thumb/v7e-m/fpv4-sp/hard\libc_nano.a(lib_a-sbrkr.o)
                              c:/st/stm32cubeide_1.2.0/stm32cubeide/plugins/com.st.stm32cube.ide.mcu.externaltools.gnu-tools-for-stm32.7-2018-q2-update.win32_1.0.0.201904181610/tools/bin/../lib/gcc/arm-none-eabi/7.3.1/../../../../arm-none-eabi/lib/thumb/v7e-m/fpv4-sp/hard\libc_nano.a(lib_a-nano-mallocr.o) (_sbrk_r)
[...]
Memory Configuration

Name             Origin             Length             Attributes
CCMRAM           0x0000000010000000 0x0000000000010000 xrw
RAM              0x0000000020000000 0x0000000000020000 xrw
FLASH            0x0000000008000000 0x0000000000100000 xr
*default*        0x0000000000000000 0xffffffffffffffff

Linker script and memory map

LOAD c:/st/stm32cubeide_1.2.0/stm32cubeide/plugins/com.st.stm32cube.ide.mcu.externaltools.gnu-tools-for-stm32.7-2018-q2-update.win32_1.0.0.201904181610/tools/bin/../lib/gcc/arm-none-eabi/7.3.1/thumb/v7e-m/fpv4-sp/hard/crti.o
LOAD c:/st/stm32cubeide_1.2.0/stm32cubeide/plugins/com.st.stm32cube.ide.mcu.externaltools.gnu-tools-for-stm32.7-2018-q2-update.win32_1.0.0.201904181610/tools/bin/../lib/gcc/arm-none-eabi/7.3.1/thumb/v7e-m/fpv4-sp/hard/crtbegin.o
LOAD c:/st/stm32cubeide_1.2.0/stm32cubeide/plugins/com.st.stm32cube.ide.mcu.externaltools.gnu-tools-for-stm32.7-2018-q2-update.win32_1.0.0.201904181610/tools/bin/../lib/gcc/arm-none-eabi/7.3.1/../../../../arm-none-eabi/lib/thumb/v7e-m/fpv4-sp/hard/crt0.o
LOAD Core/Src/List.o
LOAD Core/Src/Recorder.o
LOAD Core/Src/StatePlaying.o
LOAD Core/Src/StatePlayingFile.o
LOAD Core/Src/StateRecording.o
LOAD Core/Src/StateRecordingFile.o
LOAD Core/Src/StateWaiting.o
LOAD Core/Src/WavHeader.o
LOAD Core/Src/audio.o
LOAD Core/Src/diskio.o
LOAD Core/Src/ff.o
LOAD Core/Src/ffsystem.o
LOAD Core/Src/ffunicode.o
LOAD Core/Src/lcd.o
LOAD Core/Src/main.o
LOAD Core/Src/stm32f4xx_hal_msp.o
LOAD Core/Src/stm32f4xx_it.o
LOAD Core/Src/syscalls.o
LOAD Core/Src/sysmem.o
LOAD Core/Src/system_stm32f4xx.o
LOAD Core/Startup/startup_stm32f407vgtx.o
LOAD Drivers/STM32F4xx_HAL_Driver/Src/stm32f4xx_hal.o
LOAD Drivers/STM32F4xx_HAL_Driver/Src/stm32f4xx_hal_adc.o
LOAD Drivers/STM32F4xx_HAL_Driver/Src/stm32f4xx_hal_adc_ex.o
LOAD Drivers/STM32F4xx_HAL_Driver/Src/stm32f4xx_hal_cortex.o
LOAD Drivers/STM32F4xx_HAL_Driver/Src/stm32f4xx_hal_dac.o
LOAD Drivers/STM32F4xx_HAL_Driver/Src/stm32f4xx_hal_dac_ex.o
LOAD Drivers/STM32F4xx_HAL_Driver/Src/stm32f4xx_hal_dma.o
LOAD Drivers/STM32F4xx_HAL_Driver/Src/stm32f4xx_hal_dma_ex.o
LOAD Drivers/STM32F4xx_HAL_Driver/Src/stm32f4xx_hal_exti.o
LOAD Drivers/STM32F4xx_HAL_Driver/Src/stm32f4xx_hal_flash.o
LOAD Drivers/STM32F4xx_HAL_Driver/Src/stm32f4xx_hal_flash_ex.o
LOAD Drivers/STM32F4xx_HAL_Driver/Src/stm32f4xx_hal_flash_ramfunc.o
LOAD Drivers/STM32F4xx_HAL_Driver/Src/stm32f4xx_hal_gpio.o
LOAD Drivers/STM32F4xx_HAL_Driver/Src/stm32f4xx_hal_pwr.o
LOAD Drivers/STM32F4xx_HAL_Driver/Src/stm32f4xx_hal_pwr_ex.o
LOAD Drivers/STM32F4xx_HAL_Driver/Src/stm32f4xx_hal_rcc.o
LOAD Drivers/STM32F4xx_HAL_Driver/Src/stm32f4xx_hal_rcc_ex.o
LOAD Drivers/STM32F4xx_HAL_Driver/Src/stm32f4xx_hal_spi.o
LOAD Drivers/STM32F4xx_HAL_Driver/Src/stm32f4xx_hal_tim.o
LOAD Drivers/STM32F4xx_HAL_Driver/Src/stm32f4xx_hal_tim_ex.o
START GROUP
LOAD c:/st/stm32cubeide_1.2.0/stm32cubeide/plugins/com.st.stm32cube.ide.mcu.externaltools.gnu-tools-for-stm32.7-2018-q2-update.win32_1.0.0.201904181610/tools/bin/../lib/gcc/arm-none-eabi/7.3.1/../../../../arm-none-eabi/lib/thumb/v7e-m/fpv4-sp/hard\libc_nano.a
LOAD c:/st/stm32cubeide_1.2.0/stm32cubeide/plugins/com.st.stm32cube.ide.mcu.externaltools.gnu-tools-for-stm32.7-2018-q2-update.win32_1.0.0.201904181610/tools/bin/../lib/gcc/arm-none-eabi/7.3.1/../../../../arm-none-eabi/lib/thumb/v7e-m/fpv4-sp/hard\libm.a
END GROUP
START GROUP
LOAD c:/st/stm32cubeide_1.2.0/stm32cubeide/plugins/com.st.stm32cube.ide.mcu.externaltools.gnu-tools-for-stm32.7-2018-q2-update.win32_1.0.0.201904181610/tools/bin/../lib/gcc/arm-none-eabi/7.3.1/thumb/v7e-m/fpv4-sp/hard\libgcc.a
LOAD c:/st/stm32cubeide_1.2.0/stm32cubeide/plugins/com.st.stm32cube.ide.mcu.externaltools.gnu-tools-for-stm32.7-2018-q2-update.win32_1.0.0.201904181610/tools/bin/../lib/gcc/arm-none-eabi/7.3.1/../../../../arm-none-eabi/lib/thumb/v7e-m/fpv4-sp/hard\libc_nano.a
END GROUP
START GROUP
LOAD c:/st/stm32cubeide_1.2.0/stm32cubeide/plugins/com.st.stm32cube.ide.mcu.externaltools.gnu-tools-for-stm32.7-2018-q2-update.win32_1.0.0.201904181610/tools/bin/../lib/gcc/arm-none-eabi/7.3.1/thumb/v7e-m/fpv4-sp/hard\libgcc.a
LOAD c:/st/stm32cubeide_1.2.0/stm32cubeide/plugins/com.st.stm32cube.ide.mcu.externaltools.gnu-tools-for-stm32.7-2018-q2-update.win32_1.0.0.201904181610/tools/bin/../lib/gcc/arm-none-eabi/7.3.1/../../../../arm-none-eabi/lib/thumb/v7e-m/fpv4-sp/hard\libc_nano.a
LOAD c:/st/stm32cubeide_1.2.0/stm32cubeide/plugins/com.st.stm32cube.ide.mcu.externaltools.gnu-tools-for-stm32.7-2018-q2-update.win32_1.0.0.201904181610/tools/bin/../lib/gcc/arm-none-eabi/7.3.1/../../../../arm-none-eabi/lib/thumb/v7e-m/fpv4-sp/hard\libnosys.a
END GROUP
START GROUP
LOAD c:/st/stm32cubeide_1.2.0/stm32cubeide/plugins/com.st.stm32cube.ide.mcu.externaltools.gnu-tools-for-stm32.7-2018-q2-update.win32_1.0.0.201904181610/tools/bin/../lib/gcc/arm-none-eabi/7.3.1/thumb/v7e-m/fpv4-sp/hard\libgcc.a
LOAD c:/st/stm32cubeide_1.2.0/stm32cubeide/plugins/com.st.stm32cube.ide.mcu.externaltools.gnu-tools-for-stm32.7-2018-q2-update.win32_1.0.0.201904181610/tools/bin/../lib/gcc/arm-none-eabi/7.3.1/../../../../arm-none-eabi/lib/thumb/v7e-m/fpv4-sp/hard\libc_nano.a
LOAD c:/st/stm32cubeide_1.2.0/stm32cubeide/plugins/com.st.stm32cube.ide.mcu.externaltools.gnu-tools-for-stm32.7-2018-q2-update.win32_1.0.0.201904181610/tools/bin/../lib/gcc/arm-none-eabi/7.3.1/../../../../arm-none-eabi/lib/thumb/v7e-m/fpv4-sp/hard\libnosys.a
END GROUP
LOAD c:/st/stm32cubeide_1.2.0/stm32cubeide/plugins/com.st.stm32cube.ide.mcu.externaltools.gnu-tools-for-stm32.7-2018-q2-update.win32_1.0.0.201904181610/tools/bin/../lib/gcc/arm-none-eabi/7.3.1/thumb/v7e-m/fpv4-sp/hard/crtend.o
LOAD c:/st/stm32cubeide_1.2.0/stm32cubeide/plugins/com.st.stm32cube.ide.mcu.externaltools.gnu-tools-for-stm32.7-2018-q2-update.win32_1.0.0.201904181610/tools/bin/../lib/gcc/arm-none-eabi/7.3.1/thumb/v7e-m/fpv4-sp/hard/crtn.o
                0x0000000020020000                _estack = (ORIGIN (RAM) + LENGTH (RAM))
                0x0000000000000200                _Min_Heap_Size = 0x200
                0x0000000000000400                _Min_Stack_Size = 0x400

.isr_vector     0x0000000008000000      0x188
                0x0000000008000000                . = ALIGN (0x4)
 *(.isr_vector)
 .isr_vector    0x0000000008000000      0x188 Core/Startup/startup_stm32f407vgtx.o
                0x0000000008000000                g_pfnVectors
                0x0000000008000188                . = ALIGN (0x4)

.text           0x0000000008000188     0x85f8
                0x0000000008000188                . = ALIGN (0x4)
 *(.text)
 .text          0x0000000008000188       0x40 c:/st/stm32cubeide_1.2.0/stm32cubeide/plugins/com.st.stm32cube.ide.mcu.externaltools.gnu-tools-for-stm32.7-2018-q2-update.win32_1.0.0.201904181610/tools/bin/../lib/gcc/arm-none-eabi/7.3.1/thumb/v7e-m/fpv4-sp/hard/crtbegin.o
 .text          0x00000000080001c8       0x10 c:/st/stm32cubeide_1.2.0/stm32cubeide/plugins/com.st.stm32cube.ide.mcu.externaltools.gnu-tools-for-stm32.7-2018-q2-update.win32_1.0.0.201904181610/tools/bin/../lib/gcc/arm-none-eabi/7.3.1/../../../../arm-none-eabi/lib/thumb/v7e-m/fpv4-sp/hard\libc_nano.a(lib_a-strlen.o)
                0x00000000080001c8                strlen
 .text          0x00000000080001d8       0x30 c:/st/stm32cubeide_1.2.0/stm32cubeide/plugins/com.st.stm32cube.ide.mcu.externaltools.gnu-tools-for-stm32.7-2018-q2-update.win32_1.0.0.201904181610/tools/bin/../lib/gcc/arm-none-eabi/7.3.1/thumb/v7e-m/fpv4-sp/hard\libgcc.a(_aeabi_uldivmod.o)
                0x00000000080001d8                __aeabi_uldivmod
 .text          0x0000000008000208      0x2cc c:/st/stm32cubeide_1.2.0/stm32cubeide/plugins/com.st.stm32cube.ide.mcu.externaltools.gnu-tools-for-stm32.7-2018-q2-update.win32_1.0.0.201904181610/tools/bin/../lib/gcc/arm-none-eabi/7.3.1/thumb/v7e-m/fpv4-sp/hard\libgcc.a(_udivmoddi4.o)
                0x0000000008000208                __udivmoddi4
 .text          0x00000000080004d4        0x4 c:/st/stm32cubeide_1.2.0/stm32cubeide/plugins/com.st.stm32cube.ide.mcu.externaltools.gnu-tools-for-stm32.7-2018-q2-update.win32_1.0.0.201904181610/tools/bin/../lib/gcc/arm-none-eabi/7.3.1/thumb/v7e-m/fpv4-sp/hard\libgcc.a(_dvmd_tls.o)
                0x00000000080004d4                __aeabi_idiv0
                0x00000000080004d4                __aeabi_ldiv0
 *(.text*)
 .text.startTimer
                0x00000000080004d8       0x16 Core/Src/Recorder.o
                0x00000000080004d8                startTimer
 .text.setTimer
                0x00000000080004ee       0x2c Core/Src/Recorder.o
                0x00000000080004ee                setTimer
 .text.stopTimer
                0x000000000800051a       0x16 Core/Src/Recorder.o
                0x000000000800051a                stopTimer
 .text.startSpeaker
                0x0000000008000530       0x28 Core/Src/Recorder.o
                0x0000000008000530                startSpeaker
 .text.setSpeakerValue
                0x0000000008000558       0x32 Core/Src/Recorder.o
                0x0000000008000558                setSpeakerValue
 .text.stopSpeaker
                0x000000000800058a       0x28 Core/Src/Recorder.o
                0x000000000800058a                stopSpeaker
 .text.setLcdCursor
                0x00000000080005b2       0x26 Core/Src/Recorder.o
                0x00000000080005b2                setLcdCursor
 .text.setLcdText
                0x00000000080005d8       0x1e Core/Src/Recorder.o
                0x00000000080005d8                setLcdText
 .text.readMicrophoneData
                0x00000000080005f6       0x3c Core/Src/Recorder.o
                0x00000000080005f6                readMicrophoneData
 *fill*         0x0000000008000632        0x2 
 .text.changeToStateWaiting
                0x0000000008000634       0x40 Core/Src/Recorder.o
                0x0000000008000634                changeToStateWaiting
 .text.changeToStateRecordingFile
                0x0000000008000674       0x40 Core/Src/Recorder.o
                0x0000000008000674                changeToStateRecordingFile
 .text.changeToStatePlayingFile
                0x00000000080006b4       0x40 Core/Src/Recorder.o
                0x00000000080006b4                changeToStatePlayingFile
 .text.onStart  0x00000000080006f4       0x18 Core/Src/Recorder.o
                0x00000000080006f4                onStart
 .text.onUpdate
                0x000000000800070c       0x18 Core/Src/Recorder.o
                0x000000000800070c                onUpdate
 .text.onTimerUpdate
                0x0000000008000724       0x1c Core/Src/Recorder.o
                0x0000000008000724                onTimerUpdate
 .text.onButton
                0x0000000008000740       0x18 Core/Src/Recorder.o
                0x0000000008000740                onButton
 .text.findTimerSettings
                0x0000000008000758       0x90 Core/Src/StatePlayingFile.o
                0x0000000008000758                findTimerSettings
 .text.cleanUpFile
                0x00000000080007e8       0x32 Core/Src/StatePlayingFile.o
                0x00000000080007e8                cleanUpFile
 *fill*         0x000000000800081a        0x2 
 .text.onStartStatePlayingFile
                0x000000000800081c      0x314 Core/Src/StatePlayingFile.o
                0x000000000800081c                onStartStatePlayingFile
 .text.onUpdateStatePlayingFile
                0x0000000008000b30       0x14 Core/Src/StatePlayingFile.o
                0x0000000008000b30                onUpdateStatePlayingFile
 .text.onTimerUpdateStatePlayingFile
                0x0000000008000b44      0x14c Core/Src/StatePlayingFile.o
                0x0000000008000b44                onTimerUpdateStatePlayingFile
 .text.onButtonStatePlayingFile
                0x0000000008000c90       0x28 Core/Src/StatePlayingFile.o
                0x0000000008000c90                onButtonStatePlayingFile
 .text.saveFile
                0x0000000008000cb8       0xb6 Core/Src/StateRecordingFile.o
                0x0000000008000cb8                saveFile
 *fill*         0x0000000008000d6e        0x2 
 .text.onStartStateRecordingFile
                0x0000000008000d70      0x2f0 Core/Src/StateRecordingFile.o
                0x0000000008000d70                onStartStateRecordingFile
 .text.onUpdateStateRecordingFile
                0x0000000008001060       0x14 Core/Src/StateRecordingFile.o
                0x0000000008001060                onUpdateStateRecordingFile
 .text.onTimerUpdateStateRecordingFile
                0x0000000008001074      0x158 Core/Src/StateRecordingFile.o
                0x0000000008001074                onTimerUpdateStateRecordingFile
 .text.onButtonStateRecordingFile
                0x00000000080011cc       0x28 Core/Src/StateRecordingFile.o
                0x00000000080011cc                onButtonStateRecordingFile
 .text.onStartStateWaiting
                0x00000000080011f4       0x5c Core/Src/StateWaiting.o
                0x00000000080011f4                onStartStateWaiting
 .text.onUpdateStateWaiting
                0x0000000008001250       0x14 Core/Src/StateWaiting.o
                0x0000000008001250                onUpdateStateWaiting
 .text.onTimerUpdateStateWaiting
                0x0000000008001264       0x16 Core/Src/StateWaiting.o
                0x0000000008001264                onTimerUpdateStateWaiting
 *fill*         0x000000000800127a        0x2 
 .text.onButtonStateWaiting
                0x000000000800127c       0x28 Core/Src/StateWaiting.o
                0x000000000800127c                onButtonStateWaiting
 .text.readText
                0x00000000080012a4       0x4a Core/Src/WavHeader.o
                0x00000000080012a4                readText
 .text.readUInt
                0x00000000080012ee       0x58 Core/Src/WavHeader.o
                0x00000000080012ee                readUInt
 .text.readUShort
                0x0000000008001346       0x60 Core/Src/WavHeader.o
                0x0000000008001346                readUShort
 .text.writeText
                0x00000000080013a6       0x4a Core/Src/WavHeader.o
                0x00000000080013a6                writeText
 .text.writeUInt
                0x00000000080013f0       0x48 Core/Src/WavHeader.o
                0x00000000080013f0                writeUInt
 .text.writeUShort
                0x0000000008001438       0x4a Core/Src/WavHeader.o
                0x0000000008001438                writeUShort
 .text.readWavHeader
                0x0000000008001482      0x136 Core/Src/WavHeader.o
                0x0000000008001482                readWavHeader
 .text.writeWavHeader
                0x00000000080015b8      0x12e Core/Src/WavHeader.o
                0x00000000080015b8                writeWavHeader
 .text.SELECT   0x00000000080016e6        0xe Core/Src/diskio.o
 .text.DESELECT
                0x00000000080016f4        0xe Core/Src/diskio.o
 *fill*         0x0000000008001702        0x2 
 .text.xmit_spi
                0x0000000008001704       0x34 Core/Src/diskio.o
 .text.rcvr_spi
                0x0000000008001738       0x3c Core/Src/diskio.o
 .text.rcvr_spi_m
                0x0000000008001774       0x1c Core/Src/diskio.o
 .text.wait_ready
                0x0000000008001790       0x38 Core/Src/diskio.o
 .text.power_on
                0x00000000080017c8       0x9c Core/Src/diskio.o
 .text.power_off
                0x0000000008001864       0x18 Core/Src/diskio.o
 .text.chk_power
                0x000000000800187c       0x18 Core/Src/diskio.o
 .text.rcvr_datablock
                0x0000000008001894       0x6c Core/Src/diskio.o
 .text.xmit_datablock
                0x0000000008001900       0xa8 Core/Src/diskio.o
 .text.send_cmd
                0x00000000080019a8       0xa4 Core/Src/diskio.o
 .text.disk_initialize
                0x0000000008001a4c      0x1d4 Core/Src/diskio.o
                0x0000000008001a4c                disk_initialize
 .text.disk_status
                0x0000000008001c20       0x2c Core/Src/diskio.o
                0x0000000008001c20                disk_status
 .text.disk_read
                0x0000000008001c4c       0xd4 Core/Src/diskio.o
                0x0000000008001c4c                disk_read
 .text.disk_write
                0x0000000008001d20      0x108 Core/Src/diskio.o
                0x0000000008001d20                disk_write
 .text.disk_ioctl
                0x0000000008001e28      0x300 Core/Src/diskio.o
                0x0000000008001e28                disk_ioctl
 .text.disk_timerproc
                0x0000000008002128       0x4c Core/Src/diskio.o
                0x0000000008002128                disk_timerproc
 .text.sdcard_systick_timerproc
                0x0000000008002174       0x30 Core/Src/diskio.o
                0x0000000008002174                sdcard_systick_timerproc
 .text.get_fattime
                0x00000000080021a4       0x14 Core/Src/diskio.o
                0x00000000080021a4                get_fattime
 .text.ld_word  0x00000000080021b8       0x30 Core/Src/ff.o
 .text.ld_dword
                0x00000000080021e8       0x46 Core/Src/ff.o
 .text.st_word  0x000000000800222e       0x36 Core/Src/ff.o
 .text.st_dword
                0x0000000008002264       0x58 Core/Src/ff.o
 .text.mem_cpy  0x00000000080022bc       0x42 Core/Src/ff.o
 .text.mem_set  0x00000000080022fe       0x34 Core/Src/ff.o
 .text.mem_cmp  0x0000000008002332       0x4e Core/Src/ff.o
 .text.chk_chr  0x0000000008002380       0x36 Core/Src/ff.o
 .text.dbc_1st  0x00000000080023b6       0x40 Core/Src/ff.o
 .text.dbc_2nd  0x00000000080023f6       0x54 Core/Src/ff.o
 .text.tchar2uni
                0x000000000800244a       0x8a Core/Src/ff.o
 .text.sync_window
                0x00000000080024d4       0x78 Core/Src/ff.o
 .text.move_window
                0x000000000800254c       0x5a Core/Src/ff.o
 *fill*         0x00000000080025a6        0x2 
 .text.sync_fs  0x00000000080025a8       0xdc Core/Src/ff.o
 .text.clst2sect
                0x0000000008002684       0x3e Core/Src/ff.o
 .text.get_fat  0x00000000080026c2      0x14a Core/Src/ff.o
 .text.put_fat  0x000000000800280c      0x1ce Core/Src/ff.o
 .text.remove_chain
                0x00000000080029da       0xca Core/Src/ff.o
 .text.create_chain
                0x0000000008002aa4      0x1a2 Core/Src/ff.o
 .text.dir_clear
                0x0000000008002c46       0x90 Core/Src/ff.o
 .text.dir_sdi  0x0000000008002cd6       0xf6 Core/Src/ff.o
 .text.dir_next
                0x0000000008002dcc      0x12c Core/Src/ff.o
 .text.dir_alloc
                0x0000000008002ef8       0x8e Core/Src/ff.o
 .text.ld_clust
                0x0000000008002f86       0x3e Core/Src/ff.o
 .text.st_clust
                0x0000000008002fc4       0x40 Core/Src/ff.o
 .text.cmp_lfn  0x0000000008003004       0xdc Core/Src/ff.o
 .text.put_lfn  0x00000000080030e0       0xd0 Core/Src/ff.o
 .text.gen_numname
                0x00000000080031b0      0x146 Core/Src/ff.o
 .text.sum_sfn  0x00000000080032f6       0x42 Core/Src/ff.o
 .text.dir_find
                0x0000000008003338      0x180 Core/Src/ff.o
 .text.dir_register
                0x00000000080034b8      0x1f0 Core/Src/ff.o
 .text.create_name
                0x00000000080036a8      0x398 Core/Src/ff.o
 .text.follow_path
                0x0000000008003a40       0xde Core/Src/ff.o
 .text.get_ldnumber
                0x0000000008003b1e       0x8a Core/Src/ff.o
 .text.check_fs
                0x0000000008003ba8       0xac Core/Src/ff.o
 .text.find_volume
                0x0000000008003c54      0x4bc Core/Src/ff.o
 .text.validate
                0x0000000008004110       0x6a Core/Src/ff.o
 *fill*         0x000000000800417a        0x2 
 .text.f_mount  0x000000000800417c       0x80 Core/Src/ff.o
                0x000000000800417c                f_mount
 .text.f_open   0x00000000080041fc      0x306 Core/Src/ff.o
                0x00000000080041fc                f_open
 .text.f_read   0x0000000008004502      0x266 Core/Src/ff.o
                0x0000000008004502                f_read
 .text.f_write  0x0000000008004768      0x2d2 Core/Src/ff.o
                0x0000000008004768                f_write
 .text.f_sync   0x0000000008004a3a       0xfc Core/Src/ff.o
                0x0000000008004a3a                f_sync
 .text.f_close  0x0000000008004b36       0x40 Core/Src/ff.o
                0x0000000008004b36                f_close
 .text.f_lseek  0x0000000008004b76      0x25a Core/Src/ff.o
                0x0000000008004b76                f_lseek
 .text.ff_uni2oem
                0x0000000008004dd0       0xb8 Core/Src/ffunicode.o
                0x0000000008004dd0                ff_uni2oem
 .text.ff_oem2uni
                0x0000000008004e88       0xb0 Core/Src/ffunicode.o
                0x0000000008004e88                ff_oem2uni
 .text.ff_wtoupper
                0x0000000008004f38      0x124 Core/Src/ffunicode.o
                0x0000000008004f38                ff_wtoupper
 .text.Lcd_create
                0x000000000800505c       0x56 Core/Src/lcd.o
                0x000000000800505c                Lcd_create
 .text.Lcd_init
                0x00000000080050b2       0x76 Core/Src/lcd.o
                0x00000000080050b2                Lcd_init
 .text.Lcd_string
                0x0000000008005128       0x3c Core/Src/lcd.o
                0x0000000008005128                Lcd_string
 .text.Lcd_cursor
                0x0000000008005164       0x34 Core/Src/lcd.o
                0x0000000008005164                Lcd_cursor
 .text.lcd_write_command
                0x0000000008005198       0x5c Core/Src/lcd.o
 .text.lcd_write_data
                0x00000000080051f4       0x5c Core/Src/lcd.o
 .text.lcd_write
                0x0000000008005250       0x8e Core/Src/lcd.o
 *fill*         0x00000000080052de        0x2 
 .text.HAL_TIM_PeriodElapsedCallback
                0x00000000080052e0       0x3c Core/Src/main.o
                0x00000000080052e0                HAL_TIM_PeriodElapsedCallback
 .text.HAL_GPIO_EXTI_Callback
                0x000000000800531c       0x2c Core/Src/main.o
                0x000000000800531c                HAL_GPIO_EXTI_Callback
 .text.main     0x0000000008005348      0x148 Core/Src/main.o
                0x0000000008005348                main
 .text.SystemClock_Config
                0x0000000008005490       0xd4 Core/Src/main.o
                0x0000000008005490                SystemClock_Config
 .text.MX_ADC1_Init
                0x0000000008005564       0xa4 Core/Src/main.o
 .text.MX_DAC_Init
                0x0000000008005608       0x54 Core/Src/main.o
 .text.MX_SPI2_Init
                0x000000000800565c       0x6c Core/Src/main.o
 .text.MX_TIM2_Init
                0x00000000080056c8       0x9c Core/Src/main.o
 .text.MX_TIM3_Init
                0x0000000008005764       0x9c Core/Src/main.o
 .text.MX_TIM4_Init
                0x0000000008005800       0x9c Core/Src/main.o
 .text.MX_GPIO_Init
                0x000000000800589c      0x138 Core/Src/main.o
 .text.Error_Handler
                0x00000000080059d4        0xe Core/Src/main.o
                0x00000000080059d4                Error_Handler
 *fill*         0x00000000080059e2        0x2 
 .text.HAL_MspInit
                0x00000000080059e4       0x50 Core/Src/stm32f4xx_hal_msp.o
                0x00000000080059e4                HAL_MspInit
 .text.HAL_ADC_MspInit
                0x0000000008005a34       0x88 Core/Src/stm32f4xx_hal_msp.o
                0x0000000008005a34                HAL_ADC_MspInit
 .text.HAL_DAC_MspInit
                0x0000000008005abc       0x88 Core/Src/stm32f4xx_hal_msp.o
                0x0000000008005abc                HAL_DAC_MspInit
 .text.HAL_SPI_MspInit
                0x0000000008005b44       0x90 Core/Src/stm32f4xx_hal_msp.o
                0x0000000008005b44                HAL_SPI_MspInit
 .text.HAL_TIM_Base_MspInit
                0x0000000008005bd4       0xc4 Core/Src/stm32f4xx_hal_msp.o
                0x0000000008005bd4                HAL_TIM_Base_MspInit
 .text.NMI_Handler
                0x0000000008005c98        0xe Core/Src/stm32f4xx_it.o
                0x0000000008005c98                NMI_Handler
 .text.HardFault_Handler
                0x0000000008005ca6        0x6 Core/Src/stm32f4xx_it.o
                0x0000000008005ca6                HardFault_Handler
 .text.MemManage_Handler
                0x0000000008005cac        0x6 Core/Src/stm32f4xx_it.o
                0x0000000008005cac                MemManage_Handler
 .text.BusFault_Handler
                0x0000000008005cb2        0x6 Core/Src/stm32f4xx_it.o
                0x0000000008005cb2                BusFault_Handler
 .text.UsageFault_Handler
                0x0000000008005cb8        0x6 Core/Src/stm32f4xx_it.o
                0x0000000008005cb8                UsageFault_Handler
 .text.SVC_Handler
                0x0000000008005cbe        0xe Core/Src/stm32f4xx_it.o
                0x0000000008005cbe                SVC_Handler
 .text.DebugMon_Handler
                0x0000000008005ccc        0xe Core/Src/stm32f4xx_it.o
                0x0000000008005ccc                DebugMon_Handler
 .text.PendSV_Handler
                0x0000000008005cda        0xe Core/Src/stm32f4xx_it.o
                0x0000000008005cda                PendSV_Handler
 .text.SysTick_Handler
                0x0000000008005ce8       0x10 Core/Src/stm32f4xx_it.o
                0x0000000008005ce8                SysTick_Handler
 .text.EXTI0_IRQHandler
                0x0000000008005cf8        0xe Core/Src/stm32f4xx_it.o
                0x0000000008005cf8                EXTI0_IRQHandler
 *fill*         0x0000000008005d06        0x2 
 .text.TIM2_IRQHandler
                0x0000000008005d08       0x14 Core/Src/stm32f4xx_it.o
                0x0000000008005d08                TIM2_IRQHandler
 .text.TIM3_IRQHandler
                0x0000000008005d1c       0x14 Core/Src/stm32f4xx_it.o
                0x0000000008005d1c                TIM3_IRQHandler
 .text.TIM4_IRQHandler
                0x0000000008005d30       0x14 Core/Src/stm32f4xx_it.o
                0x0000000008005d30                TIM4_IRQHandler
 .text.SystemInit
                0x0000000008005d44       0x2c Core/Src/system_stm32f4xx.o
                0x0000000008005d44                SystemInit
 .text.Reset_Handler
                0x0000000008005d70       0x50 Core/Startup/startup_stm32f407vgtx.o
                0x0000000008005d70                Reset_Handler
 .text.Default_Handler
                0x0000000008005dc0        0x2 Core/Startup/startup_stm32f407vgtx.o
                0x0000000008005dc0                RTC_Alarm_IRQHandler
                0x0000000008005dc0                HASH_RNG_IRQHandler
                0x0000000008005dc0                EXTI2_IRQHandler
                0x0000000008005dc0                TIM8_CC_IRQHandler
                0x0000000008005dc0                TIM1_CC_IRQHandler
                0x0000000008005dc0                DMA2_Stream5_IRQHandler
                0x0000000008005dc0                DMA1_Stream5_IRQHandler
                0x0000000008005dc0                PVD_IRQHandler
                0x0000000008005dc0                SDIO_IRQHandler
                0x0000000008005dc0                TAMP_STAMP_IRQHandler
                0x0000000008005dc0                CAN2_RX1_IRQHandler
                0x0000000008005dc0                EXTI3_IRQHandler
                0x0000000008005dc0                TIM8_TRG_COM_TIM14_IRQHandler
                0x0000000008005dc0                TIM1_UP_TIM10_IRQHandler
                0x0000000008005dc0                TIM8_UP_TIM13_IRQHandler
                0x0000000008005dc0                I2C3_ER_IRQHandler
                0x0000000008005dc0                I2C2_EV_IRQHandler
                0x0000000008005dc0                DMA1_Stream2_IRQHandler
                0x0000000008005dc0                CAN1_RX0_IRQHandler
                0x0000000008005dc0                FPU_IRQHandler
                0x0000000008005dc0                OTG_HS_WKUP_IRQHandler
                0x0000000008005dc0                CAN2_SCE_IRQHandler
                0x0000000008005dc0                DMA2_Stream2_IRQHandler
                0x0000000008005dc0                SPI1_IRQHandler
                0x0000000008005dc0                TIM6_DAC_IRQHandler
                0x0000000008005dc0                TIM1_BRK_TIM9_IRQHandler
                0x0000000008005dc0                DCMI_IRQHandler
                0x0000000008005dc0                CAN2_RX0_IRQHandler
                0x0000000008005dc0                DMA2_Stream3_IRQHandler
                0x0000000008005dc0                USART6_IRQHandler
                0x0000000008005dc0                USART3_IRQHandler
                0x0000000008005dc0                CAN1_RX1_IRQHandler
                0x0000000008005dc0                UART5_IRQHandler
                0x0000000008005dc0                DMA2_Stream0_IRQHandler
                0x0000000008005dc0                I2C1_EV_IRQHandler
                0x0000000008005dc0                DMA1_Stream6_IRQHandler
                0x0000000008005dc0                DMA1_Stream1_IRQHandler
                0x0000000008005dc0                UART4_IRQHandler
                0x0000000008005dc0                RCC_IRQHandler
                0x0000000008005dc0                TIM8_BRK_TIM12_IRQHandler
                0x0000000008005dc0                Default_Handler
                0x0000000008005dc0                EXTI15_10_IRQHandler
                0x0000000008005dc0                ADC_IRQHandler
                0x0000000008005dc0                DMA1_Stream7_IRQHandler
                0x0000000008005dc0                TIM7_IRQHandler
                0x0000000008005dc0                CAN2_TX_IRQHandler
                0x0000000008005dc0                TIM5_IRQHandler
                0x0000000008005dc0                DMA2_Stream7_IRQHandler
                0x0000000008005dc0                I2C3_EV_IRQHandler
                0x0000000008005dc0                EXTI9_5_IRQHandler
                0x0000000008005dc0                RTC_WKUP_IRQHandler
                0x0000000008005dc0                ETH_WKUP_IRQHandler
                0x0000000008005dc0                SPI2_IRQHandler
                0x0000000008005dc0                OTG_HS_EP1_IN_IRQHandler
                0x0000000008005dc0                DMA1_Stream0_IRQHandler
                0x0000000008005dc0                CAN1_TX_IRQHandler
                0x0000000008005dc0                EXTI4_IRQHandler
                0x0000000008005dc0                FSMC_IRQHandler
                0x0000000008005dc0                ETH_IRQHandler
                0x0000000008005dc0                OTG_HS_EP1_OUT_IRQHandler
                0x0000000008005dc0                WWDG_IRQHandler
                0x0000000008005dc0                OTG_FS_WKUP_IRQHandler
                0x0000000008005dc0                TIM1_TRG_COM_TIM11_IRQHandler
                0x0000000008005dc0                OTG_HS_IRQHandler
                0x0000000008005dc0                EXTI1_IRQHandler
                0x0000000008005dc0                USART2_IRQHandler
                0x0000000008005dc0                I2C2_ER_IRQHandler
                0x0000000008005dc0                DMA2_Stream1_IRQHandler
                0x0000000008005dc0                CAN1_SCE_IRQHandler
                0x0000000008005dc0                FLASH_IRQHandler
                0x0000000008005dc0                DMA2_Stream4_IRQHandler
                0x0000000008005dc0                USART1_IRQHandler
                0x0000000008005dc0                OTG_FS_IRQHandler
                0x0000000008005dc0                SPI3_IRQHandler
                0x0000000008005dc0                DMA1_Stream4_IRQHandler
                0x0000000008005dc0                I2C1_ER_IRQHandler
                0x0000000008005dc0                DMA2_Stream6_IRQHandler
                0x0000000008005dc0                DMA1_Stream3_IRQHandler
 *fill*         0x0000000008005dc2        0x2 
 .text.HAL_Init
                0x0000000008005dc4       0x44 Drivers/STM32F4xx_HAL_Driver/Src/stm32f4xx_hal.o
                0x0000000008005dc4                HAL_Init
 .text.HAL_InitTick
                0x0000000008005e08       0x60 Drivers/STM32F4xx_HAL_Driver/Src/stm32f4xx_hal.o
                0x0000000008005e08                HAL_InitTick
 .text.HAL_IncTick
                0x0000000008005e68       0x28 Drivers/STM32F4xx_HAL_Driver/Src/stm32f4xx_hal.o
                0x0000000008005e68                HAL_IncTick
 .text.HAL_GetTick
                0x0000000008005e90       0x18 Drivers/STM32F4xx_HAL_Driver/Src/stm32f4xx_hal.o
                0x0000000008005e90                HAL_GetTick
 .text.HAL_Delay
                0x0000000008005ea8       0x44 Drivers/STM32F4xx_HAL_Driver/Src/stm32f4xx_hal.o
                0x0000000008005ea8                HAL_Delay
 .text.HAL_ADC_Init
                0x0000000008005eec       0x86 Drivers/STM32F4xx_HAL_Driver/Src/stm32f4xx_hal_adc.o
                0x0000000008005eec                HAL_ADC_Init
 *fill*         0x0000000008005f72        0x2 
 .text.HAL_ADC_Start
                0x0000000008005f74      0x18c Drivers/STM32F4xx_HAL_Driver/Src/stm32f4xx_hal_adc.o
                0x0000000008005f74                HAL_ADC_Start
 .text.HAL_ADC_PollForConversion
                0x0000000008006100      0x108 Drivers/STM32F4xx_HAL_Driver/Src/stm32f4xx_hal_adc.o
                0x0000000008006100                HAL_ADC_PollForConversion
 .text.HAL_ADC_GetValue
                0x0000000008006208       0x1a Drivers/STM32F4xx_HAL_Driver/Src/stm32f4xx_hal_adc.o
                0x0000000008006208                HAL_ADC_GetValue
 *fill*         0x0000000008006222        0x2 
 .text.HAL_ADC_ConfigChannel
                0x0000000008006224      0x244 Drivers/STM32F4xx_HAL_Driver/Src/stm32f4xx_hal_adc.o
                0x0000000008006224                HAL_ADC_ConfigChannel
 .text.ADC_Init
                0x0000000008006468      0x1f8 Drivers/STM32F4xx_HAL_Driver/Src/stm32f4xx_hal_adc.o
 .text.__NVIC_SetPriorityGrouping
                0x0000000008006660       0x48 Drivers/STM32F4xx_HAL_Driver/Src/stm32f4xx_hal_cortex.o
 .text.__NVIC_GetPriorityGrouping
                0x00000000080066a8       0x1c Drivers/STM32F4xx_HAL_Driver/Src/stm32f4xx_hal_cortex.o
 .text.__NVIC_EnableIRQ
                0x00000000080066c4       0x3c Drivers/STM32F4xx_HAL_Driver/Src/stm32f4xx_hal_cortex.o
 .text.__NVIC_SetPriority
                0x0000000008006700       0x54 Drivers/STM32F4xx_HAL_Driver/Src/stm32f4xx_hal_cortex.o
 .text.NVIC_EncodePriority
                0x0000000008006754       0x66 Drivers/STM32F4xx_HAL_Driver/Src/stm32f4xx_hal_cortex.o
 *fill*         0x00000000080067ba        0x2 
 .text.SysTick_Config
                0x00000000080067bc       0x44 Drivers/STM32F4xx_HAL_Driver/Src/stm32f4xx_hal_cortex.o
 .text.HAL_NVIC_SetPriorityGrouping
                0x0000000008006800       0x16 Drivers/STM32F4xx_HAL_Driver/Src/stm32f4xx_hal_cortex.o
                0x0000000008006800                HAL_NVIC_SetPriorityGrouping
 .text.HAL_NVIC_SetPriority
                0x0000000008006816       0x38 Drivers/STM32F4xx_HAL_Driver/Src/stm32f4xx_hal_cortex.o
                0x0000000008006816                HAL_NVIC_SetPriority
 .text.HAL_NVIC_EnableIRQ
                0x000000000800684e       0x1c Drivers/STM32F4xx_HAL_Driver/Src/stm32f4xx_hal_cortex.o
                0x000000000800684e                HAL_NVIC_EnableIRQ
 .text.HAL_SYSTICK_Config
                0x000000000800686a       0x18 Drivers/STM32F4xx_HAL_Driver/Src/stm32f4xx_hal_cortex.o
                0x000000000800686a                HAL_SYSTICK_Config
 .text.HAL_DAC_Init
                0x0000000008006882       0x44 Drivers/STM32F4xx_HAL_Driver/Src/stm32f4xx_hal_dac.o
                0x0000000008006882                HAL_DAC_Init
 .text.HAL_DAC_Start
                0x00000000080068c6       0xcc Drivers/STM32F4xx_HAL_Driver/Src/stm32f4xx_hal_dac.o
                0x00000000080068c6                HAL_DAC_Start
 .text.HAL_DAC_Stop
                0x0000000008006992       0x36 Drivers/STM32F4xx_HAL_Driver/Src/stm32f4xx_hal_dac.o
                0x0000000008006992                HAL_DAC_Stop
 .text.HAL_DAC_ConfigChannel
                0x00000000080069c8       0x9a Drivers/STM32F4xx_HAL_Driver/Src/stm32f4xx_hal_dac.o
                0x00000000080069c8                HAL_DAC_ConfigChannel
 .text.HAL_DAC_SetValue
                0x0000000008006a62       0x4a Drivers/STM32F4xx_HAL_Driver/Src/stm32f4xx_hal_dac.o
                0x0000000008006a62                HAL_DAC_SetValue
 .text.HAL_GPIO_Init
                0x0000000008006aac      0x334 Drivers/STM32F4xx_HAL_Driver/Src/stm32f4xx_hal_gpio.o
                0x0000000008006aac                HAL_GPIO_Init
 .text.HAL_GPIO_ReadPin
                0x0000000008006de0       0x30 Drivers/STM32F4xx_HAL_Driver/Src/stm32f4xx_hal_gpio.o
                0x0000000008006de0                HAL_GPIO_ReadPin
 .text.HAL_GPIO_WritePin
                0x0000000008006e10       0x32 Drivers/STM32F4xx_HAL_Driver/Src/stm32f4xx_hal_gpio.o
                0x0000000008006e10                HAL_GPIO_WritePin
 *fill*         0x0000000008006e42        0x2 
 .text.HAL_GPIO_EXTI_IRQHandler
                0x0000000008006e44       0x30 Drivers/STM32F4xx_HAL_Driver/Src/stm32f4xx_hal_gpio.o
                0x0000000008006e44                HAL_GPIO_EXTI_IRQHandler
 .text.HAL_RCC_OscConfig
                0x0000000008006e74      0x4e0 Drivers/STM32F4xx_HAL_Driver/Src/stm32f4xx_hal_rcc.o
                0x0000000008006e74                HAL_RCC_OscConfig
 .text.HAL_RCC_ClockConfig
                0x0000000008007354      0x1cc Drivers/STM32F4xx_HAL_Driver/Src/stm32f4xx_hal_rcc.o
                0x0000000008007354                HAL_RCC_ClockConfig
 .text.HAL_RCC_GetSysClockFreq
                0x0000000008007520      0x1b0 Drivers/STM32F4xx_HAL_Driver/Src/stm32f4xx_hal_rcc.o
                0x0000000008007520                HAL_RCC_GetSysClockFreq
 .text.HAL_SPI_Init
                0x00000000080076d0       0xc8 Drivers/STM32F4xx_HAL_Driver/Src/stm32f4xx_hal_spi.o
                0x00000000080076d0                HAL_SPI_Init
 .text.HAL_SPI_Transmit
                0x0000000008007798      0x268 Drivers/STM32F4xx_HAL_Driver/Src/stm32f4xx_hal_spi.o
                0x0000000008007798                HAL_SPI_Transmit
 .text.HAL_SPI_TransmitReceive
                0x0000000008007a00      0x344 Drivers/STM32F4xx_HAL_Driver/Src/stm32f4xx_hal_spi.o
                0x0000000008007a00                HAL_SPI_TransmitReceive
 .text.HAL_SPI_GetState
                0x0000000008007d44       0x1c Drivers/STM32F4xx_HAL_Driver/Src/stm32f4xx_hal_spi.o
                0x0000000008007d44                HAL_SPI_GetState
 .text.SPI_WaitFlagStateUntilTimeout
                0x0000000008007d60       0xd4 Drivers/STM32F4xx_HAL_Driver/Src/stm32f4xx_hal_spi.o
 .text.SPI_EndRxTxTransaction
                0x0000000008007e34       0x84 Drivers/STM32F4xx_HAL_Driver/Src/stm32f4xx_hal_spi.o
 .text.HAL_TIM_Base_Init
                0x0000000008007eb8       0x56 Drivers/STM32F4xx_HAL_Driver/Src/stm32f4xx_hal_tim.o
                0x0000000008007eb8                HAL_TIM_Base_Init
 .text.HAL_TIM_Base_Start_IT
                0x0000000008007f0e       0x48 Drivers/STM32F4xx_HAL_Driver/Src/stm32f4xx_hal_tim.o
                0x0000000008007f0e                HAL_TIM_Base_Start_IT
 .text.HAL_TIM_Base_Stop_IT
                0x0000000008007f56       0x56 Drivers/STM32F4xx_HAL_Driver/Src/stm32f4xx_hal_tim.o
                0x0000000008007f56                HAL_TIM_Base_Stop_IT
 .text.HAL_TIM_IRQHandler
                0x0000000008007fac      0x210 Drivers/STM32F4xx_HAL_Driver/Src/stm32f4xx_hal_tim.o
                0x0000000008007fac                HAL_TIM_IRQHandler
 .text.HAL_TIM_ConfigClockSource
                0x00000000080081bc      0x16e Drivers/STM32F4xx_HAL_Driver/Src/stm32f4xx_hal_tim.o
                0x00000000080081bc                HAL_TIM_ConfigClockSource
 .text.HAL_TIM_OC_DelayElapsedCallback
                0x000000000800832a       0x14 Drivers/STM32F4xx_HAL_Driver/Src/stm32f4xx_hal_tim.o
                0x000000000800832a                HAL_TIM_OC_DelayElapsedCallback
 .text.HAL_TIM_IC_CaptureCallback
                0x000000000800833e       0x14 Drivers/STM32F4xx_HAL_Driver/Src/stm32f4xx_hal_tim.o
                0x000000000800833e                HAL_TIM_IC_CaptureCallback
 .text.HAL_TIM_PWM_PulseFinishedCallback
                0x0000000008008352       0x14 Drivers/STM32F4xx_HAL_Driver/Src/stm32f4xx_hal_tim.o
                0x0000000008008352                HAL_TIM_PWM_PulseFinishedCallback
 .text.HAL_TIM_TriggerCallback
                0x0000000008008366       0x14 Drivers/STM32F4xx_HAL_Driver/Src/stm32f4xx_hal_tim.o
                0x0000000008008366                HAL_TIM_TriggerCallback
 *fill*         0x000000000800837a        0x2 
 .text.TIM_Base_SetConfig
                0x000000000800837c      0x140 Drivers/STM32F4xx_HAL_Driver/Src/stm32f4xx_hal_tim.o
                0x000000000800837c                TIM_Base_SetConfig
 .text.TIM_TI1_ConfigInputStage
                0x00000000080084bc       0x5e Drivers/STM32F4xx_HAL_Driver/Src/stm32f4xx_hal_tim.o
 .text.TIM_TI2_ConfigInputStage
                0x000000000800851a       0x60 Drivers/STM32F4xx_HAL_Driver/Src/stm32f4xx_hal_tim.o
 .text.TIM_ITRx_SetConfig
                0x000000000800857a       0x36 Drivers/STM32F4xx_HAL_Driver/Src/stm32f4xx_hal_tim.o
 .text.TIM_ETR_SetConfig
                0x00000000080085b0       0x40 Drivers/STM32F4xx_HAL_Driver/Src/stm32f4xx_hal_tim.o
                0x00000000080085b0                TIM_ETR_SetConfig
 .text.HAL_TIMEx_MasterConfigSynchronization
                0x00000000080085f0       0xf8 Drivers/STM32F4xx_HAL_Driver/Src/stm32f4xx_hal_tim_ex.o
                0x00000000080085f0                HAL_TIMEx_MasterConfigSynchronization
 .text.HAL_TIMEx_CommutCallback
                0x00000000080086e8       0x14 Drivers/STM32F4xx_HAL_Driver/Src/stm32f4xx_hal_tim_ex.o
                0x00000000080086e8                HAL_TIMEx_CommutCallback
 .text.HAL_TIMEx_BreakCallback
                0x00000000080086fc       0x14 Drivers/STM32F4xx_HAL_Driver/Src/stm32f4xx_hal_tim_ex.o
                0x00000000080086fc                HAL_TIMEx_BreakCallback
 .text.__libc_init_array
                0x0000000008008710       0x48 c:/st/stm32cubeide_1.2.0/stm32cubeide/plugins/com.st.stm32cube.ide.mcu.externaltools.gnu-tools-for-stm32.7-2018-q2-update.win32_1.0.0.201904181610/tools/bin/../lib/gcc/arm-none-eabi/7.3.1/../../../../arm-none-eabi/lib/thumb/v7e-m/fpv4-sp/hard\libc_nano.a(lib_a-init.o)
                0x0000000008008710                __libc_init_array
 .text.memset   0x0000000008008758       0x10 c:/st/stm32cubeide_1.2.0/stm32cubeide/plugins/com.st.stm32cube.ide.mcu.externaltools.gnu-tools-for-stm32.7-2018-q2-update.win32_1.0.0.201904181610/tools/bin/../lib/gcc/arm-none-eabi/7.3.1/../../../../arm-none-eabi/lib/thumb/v7e-m/fpv4-sp/hard\libc_nano.a(lib_a-memset.o)
                0x0000000008008758                memset
 *(.glue_7)
 .glue_7        0x0000000008008768        0x0 linker stubs
 *(.glue_7t)
 .glue_7t       0x0000000008008768        0x0 linker stubs
 *(.eh_frame)
 .eh_frame      0x0000000008008768        0x0 c:/st/stm32cubeide_1.2.0/stm32cubeide/plugins/com.st.stm32cube.ide.mcu.externaltools.gnu-tools-for-stm32.7-2018-q2-update.win32_1.0.0.201904181610/tools/bin/../lib/gcc/arm-none-eabi/7.3.1/thumb/v7e-m/fpv4-sp/hard/crtbegin.o
 *(.init)
 .init          0x0000000008008768        0x4 c:/st/stm32cubeide_1.2.0/stm32cubeide/plugins/com.st.stm32cube.ide.mcu.externaltools.gnu-tools-for-stm32.7-2018-q2-update.win32_1.0.0.201904181610/tools/bin/../lib/gcc/arm-none-eabi/7.3.1/thumb/v7e-m/fpv4-sp/hard/crti.o
                0x0000000008008768                _init
 .init          0x000000000800876c        0x8 c:/st/stm32cubeide_1.2.0/stm32cubeide/plugins/com.st.stm32cube.ide.mcu.externaltools.gnu-tools-for-stm32.7-2018-q2-update.win32_1.0.0.201904181610/tools/bin/../lib/gcc/arm-none-eabi/7.3.1/thumb/v7e-m/fpv4-sp/hard/crtn.o
 *(.fini)
 .fini          0x0000000008008774        0x4 c:/st/stm32cubeide_1.2.0/stm32cubeide/plugins/com.st.stm32cube.ide.mcu.externaltools.gnu-tools-for-stm32.7-2018-q2-update.win32_1.0.0.201904181610/tools/bin/../lib/gcc/arm-none-eabi/7.3.1/thumb/v7e-m/fpv4-sp/hard/crti.o
                0x0000000008008774                _fini
 .fini          0x0000000008008778        0x8 c:/st/stm32cubeide_1.2.0/stm32cubeide/plugins/com.st.stm32cube.ide.mcu.externaltools.gnu-tools-for-stm32.7-2018-q2-update.win32_1.0.0.201904181610/tools/bin/../lib/gcc/arm-none-eabi/7.3.1/thumb/v7e-m/fpv4-sp/hard/crtn.o
                0x0000000008008780                . = ALIGN (0x4)
                0x0000000008008780                _etext = .

.vfp11_veneer   0x0000000008008780        0x0
 .vfp11_veneer  0x0000000008008780        0x0 linker stubs

.v4_bx          0x0000000008008780        0x0
 .v4_bx         0x0000000008008780        0x0 linker stubs

.iplt           0x0000000008008780        0x0
 .iplt          0x0000000008008780        0x0 c:/st/stm32cubeide_1.2.0/stm32cubeide/plugins/com.st.stm32cube.ide.mcu.externaltools.gnu-tools-for-stm32.7-2018-q2-update.win32_1.0.0.201904181610/tools/bin/../lib/gcc/arm-none-eabi/7.3.1/thumb/v7e-m/fpv4-sp/hard/crtbegin.o

.rodata         0x0000000008008780     0xee48
                0x0000000008008780                . = ALIGN (0x4)
 *(.rodata)
 .rodata        0x0000000008008780      0x221 Core/Src/StatePlayingFile.o
 *fill*         0x00000000080089a1        0x3 
 .rodata        0x00000000080089a4      0x1d9 Core/Src/StateRecordingFile.o
 *fill*         0x0000000008008b7d        0x3 
 .rodata        0x0000000008008b80       0x15 Core/Src/StateWaiting.o
 *fill*         0x0000000008008b95        0x3 
 .rodata        0x0000000008008b98       0x1e Core/Src/ff.o
 *fill*         0x0000000008008bb6        0x2 
 .rodata        0x0000000008008bb8       0x4c Core/Src/main.o
 *(.rodata*)
 .rodata.LfnOfs
                0x0000000008008c04        0xd Core/Src/ff.o
 *fill*         0x0000000008008c11        0x3 
 .rodata.uni2oem932
                0x0000000008008c14     0x7378 Core/Src/ffunicode.o
 .rodata.oem2uni932
                0x000000000800ff8c     0x7378 Core/Src/ffunicode.o
 .rodata.cvt1.5668
                0x0000000008017304      0x1f2 Core/Src/ffunicode.o
 *fill*         0x00000000080174f6        0x2 
 .rodata.cvt2.5669
                0x00000000080174f8       0xbc Core/Src/ffunicode.o
 .rodata.ROW_20
                0x00000000080175b4        0x4 Core/Src/lcd.o
                0x00000000080175b4                ROW_20
 .rodata.AHBPrescTable
                0x00000000080175b8       0x10 Core/Src/system_stm32f4xx.o
                0x00000000080175b8                AHBPrescTable
                0x00000000080175c8                . = ALIGN (0x4)

.ARM.extab      0x00000000080175c8        0x0
                0x00000000080175c8                . = ALIGN (0x4)
 *(.ARM.extab* .gnu.linkonce.armextab.*)
                0x00000000080175c8                . = ALIGN (0x4)

.ARM            0x00000000080175c8        0x8
                0x00000000080175c8                . = ALIGN (0x4)
                0x00000000080175c8                __exidx_start = .
 *(.ARM.exidx*)
 .ARM.exidx     0x00000000080175c8        0x8 c:/st/stm32cubeide_1.2.0/stm32cubeide/plugins/com.st.stm32cube.ide.mcu.externaltools.gnu-tools-for-stm32.7-2018-q2-update.win32_1.0.0.201904181610/tools/bin/../lib/gcc/arm-none-eabi/7.3.1/thumb/v7e-m/fpv4-sp/hard\libgcc.a(_udivmoddi4.o)
                0x00000000080175d0                __exidx_end = .
                0x00000000080175d0                . = ALIGN (0x4)

.rel.dyn        0x00000000080175d0        0x0
 .rel.iplt      0x00000000080175d0        0x0 c:/st/stm32cubeide_1.2.0/stm32cubeide/plugins/com.st.stm32cube.ide.mcu.externaltools.gnu-tools-for-stm32.7-2018-q2-update.win32_1.0.0.201904181610/tools/bin/../lib/gcc/arm-none-eabi/7.3.1/thumb/v7e-m/fpv4-sp/hard/crtbegin.o

.preinit_array  0x00000000080175d0        0x0
                0x00000000080175d0                . = ALIGN (0x4)
                0x00000000080175d0                PROVIDE (__preinit_array_start = .)
 *(.preinit_array*)
                0x00000000080175d0                PROVIDE (__preinit_array_end = .)
                0x00000000080175d0                . = ALIGN (0x4)

.init_array     0x00000000080175d0        0x4
                0x00000000080175d0                . = ALIGN (0x4)
                0x00000000080175d0                PROVIDE (__init_array_start = .)
 *(SORT_BY_NAME(.init_array.*))
 *(.init_array*)
 .init_array    0x00000000080175d0        0x4 c:/st/stm32cubeide_1.2.0/stm32cubeide/plugins/com.st.stm32cube.ide.mcu.externaltools.gnu-tools-for-stm32.7-2018-q2-update.win32_1.0.0.201904181610/tools/bin/../lib/gcc/arm-none-eabi/7.3.1/thumb/v7e-m/fpv4-sp/hard/crtbegin.o
                0x00000000080175d4                PROVIDE (__init_array_end = .)
                0x00000000080175d4                . = ALIGN (0x4)

.fini_array     0x00000000080175d4        0x4
                0x00000000080175d4                . = ALIGN (0x4)
                [!provide]                        PROVIDE (__fini_array_start = .)
 *(SORT_BY_NAME(.fini_array.*))
 *(.fini_array*)
 .fini_array    0x00000000080175d4        0x4 c:/st/stm32cubeide_1.2.0/stm32cubeide/plugins/com.st.stm32cube.ide.mcu.externaltools.gnu-tools-for-stm32.7-2018-q2-update.win32_1.0.0.201904181610/tools/bin/../lib/gcc/arm-none-eabi/7.3.1/thumb/v7e-m/fpv4-sp/hard/crtbegin.o
                [!provide]                        PROVIDE (__fini_array_end = .)
                0x00000000080175d8                . = ALIGN (0x4)
                0x00000000080175d8                _sidata = LOADADDR (.data)

.data           0x0000000020000000       0x10 load address 0x00000000080175d8
                0x0000000020000000                . = ALIGN (0x4)
                0x0000000020000000                _sdata = .
 *(.data)
 *(.data*)
 .data.Stat     0x0000000020000000        0x1 Core/Src/diskio.o
 *fill*         0x0000000020000001        0x3 
 .data.SystemCoreClock
                0x0000000020000004        0x4 Core/Src/system_stm32f4xx.o
                0x0000000020000004                SystemCoreClock
 .data.uwTickPrio
                0x0000000020000008        0x4 Drivers/STM32F4xx_HAL_Driver/Src/stm32f4xx_hal.o
                0x0000000020000008                uwTickPrio
 .data.uwTickFreq
                0x000000002000000c        0x1 Drivers/STM32F4xx_HAL_Driver/Src/stm32f4xx_hal.o
                0x000000002000000c                uwTickFreq
                0x0000000020000010                . = ALIGN (0x4)
 *fill*         0x000000002000000d        0x3 
                0x0000000020000010                _edata = .

.igot.plt       0x0000000020000010        0x0 load address 0x00000000080175e8
 .igot.plt      0x0000000020000010        0x0 c:/st/stm32cubeide_1.2.0/stm32cubeide/plugins/com.st.stm32cube.ide.mcu.externaltools.gnu-tools-for-stm32.7-2018-q2-update.win32_1.0.0.201904181610/tools/bin/../lib/gcc/arm-none-eabi/7.3.1/thumb/v7e-m/fpv4-sp/hard/crtbegin.o
                0x0000000020000010                . = ALIGN (0x4)

.bss            0x0000000020000010    0x10898 load address 0x00000000080175e8
                0x0000000020000010                _sbss = .
                0x0000000020000010                __bss_start__ = _sbss
 *(.bss)
 .bss           0x0000000020000010       0x1c c:/st/stm32cubeide_1.2.0/stm32cubeide/plugins/com.st.stm32cube.ide.mcu.externaltools.gnu-tools-for-stm32.7-2018-q2-update.win32_1.0.0.201904181610/tools/bin/../lib/gcc/arm-none-eabi/7.3.1/thumb/v7e-m/fpv4-sp/hard/crtbegin.o
 *(.bss*)
 .bss.Timer1    0x000000002000002c        0x1 Core/Src/diskio.o
 .bss.Timer2    0x000000002000002d        0x1 Core/Src/diskio.o
 .bss.CardType  0x000000002000002e        0x1 Core/Src/diskio.o
 .bss.PowerFlag
                0x000000002000002f        0x1 Core/Src/diskio.o
 .bss.FatFs     0x0000000020000030        0x4 Core/Src/ff.o
 .bss.Fsid      0x0000000020000034        0x2 Core/Src/ff.o
 *fill*         0x0000000020000036        0x2 
 .bss.LfnBuf    0x0000000020000038      0x200 Core/Src/ff.o
 *(COMMON)
 COMMON         0x0000000020000238        0x2 Core/Src/diskio.o
                0x0000000020000238                sdcard_timer
 *fill*         0x000000002000023a        0x6 
 COMMON         0x0000000020000240    0x10664 Core/Src/main.o
                0x0000000020000240                lcd
                0x0000000020000258                hspi2
                0x00000000200002b0                htim4
                0x00000000200002f0                recorder
                0x00000000200107c8                htim3
                0x0000000020010808                hadc1
                0x0000000020010850                hdac
                0x0000000020010864                htim2
 COMMON         0x00000000200108a4        0x4 Drivers/STM32F4xx_HAL_Driver/Src/stm32f4xx_hal.o
                0x00000000200108a4                uwTick
                0x00000000200108a8                . = ALIGN (0x4)
                0x00000000200108a8                _ebss = .
                0x00000000200108a8                __bss_end__ = _ebss

._user_heap_stack
                0x00000000200108a8      0x600 load address 0x00000000080175e8
                0x00000000200108a8                . = ALIGN (0x8)
                0x00000000200108a8                PROVIDE (end = .)
                [!provide]                        PROVIDE (_end = .)
                0x0000000020010aa8                . = (. + _Min_Heap_Size)
 *fill*         0x00000000200108a8      0x200 
                0x0000000020010ea8                . = (. + _Min_Stack_Size)
 *fill*         0x0000000020010aa8      0x400 
                0x0000000020010ea8                . = ALIGN (0x8)

/DISCARD/
 libc.a(*)
 libm.a(*)
 libgcc.a(*)

.ARM.attributes
                0x0000000000000000       0x30
 *(.ARM.attributes)
 .ARM.attributes
                0x0000000000000000       0x22 c:/st/stm32cubeide_1.2.0/stm32cubeide/plugins/com.st.stm32cube.ide.mcu.externaltools.gnu-tools-for-stm32.7-2018-q2-update.win32_1.0.0.201904181610/tools/bin/../lib/gcc/arm-none-eabi/7.3.1/thumb/v7e-m/fpv4-sp/hard/crti.o
 .ARM.attributes
                0x0000000000000022       0x34 c:/st/stm32cubeide_1.2.0/stm32cubeide/plugins/com.st.stm32cube.ide.mcu.externaltools.gnu-tools-for-stm32.7-2018-q2-update.win32_1.0.0.201904181610/tools/bin/../lib/gcc/arm-none-eabi/7.3.1/thumb/v7e-m/fpv4-sp/hard/crtbegin.o
 .ARM.attributes
                0x0000000000000056       0x39 Core/Src/Recorder.o
 .ARM.attributes
                0x000000000000008f       0x39 Core/Src/StatePlayingFile.o
 .ARM.attributes
                0x00000000000000c8       0x39 Core/Src/StateRecordingFile.o
 .ARM.attributes
                0x0000000000000101       0x39 Core/Src/StateWaiting.o
 .ARM.attributes
                0x000000000000013a       0x39 Core/Src/WavHeader.o
 .ARM.attributes
                0x0000000000000173       0x39 Core/Src/diskio.o
 .ARM.attributes
                0x00000000000001ac       0x39 Core/Src/ff.o
 .ARM.attributes
                0x00000000000001e5       0x39 Core/Src/ffunicode.o
 .ARM.attributes
                0x000000000000021e       0x39 Core/Src/lcd.o
 .ARM.attributes
                0x0000000000000257       0x39 Core/Src/main.o
 .ARM.attributes
                0x0000000000000290       0x39 Core/Src/stm32f4xx_hal_msp.o
 .ARM.attributes
                0x00000000000002c9       0x39 Core/Src/stm32f4xx_it.o
 .ARM.attributes
                0x0000000000000302       0x39 Core/Src/system_stm32f4xx.o
 .ARM.attributes
                0x000000000000033b       0x21 Core/Startup/startup_stm32f407vgtx.o
 .ARM.attributes
                0x000000000000035c       0x39 Drivers/STM32F4xx_HAL_Driver/Src/stm32f4xx_hal.o
 .ARM.attributes
                0x0000000000000395       0x39 Drivers/STM32F4xx_HAL_Driver/Src/stm32f4xx_hal_adc.o
 .ARM.attributes
                0x00000000000003ce       0x39 Drivers/STM32F4xx_HAL_Driver/Src/stm32f4xx_hal_cortex.o
 .ARM.attributes
                0x0000000000000407       0x39 Drivers/STM32F4xx_HAL_Driver/Src/stm32f4xx_hal_dac.o
 .ARM.attributes
                0x0000000000000440       0x39 Drivers/STM32F4xx_HAL_Driver/Src/stm32f4xx_hal_gpio.o
 .ARM.attributes
                0x0000000000000479       0x39 Drivers/STM32F4xx_HAL_Driver/Src/stm32f4xx_hal_rcc.o
 .ARM.attributes
                0x00000000000004b2       0x39 Drivers/STM32F4xx_HAL_Driver/Src/stm32f4xx_hal_spi.o
 .ARM.attributes
                0x00000000000004eb       0x39 Drivers/STM32F4xx_HAL_Driver/Src/stm32f4xx_hal_tim.o
 .ARM.attributes
                0x0000000000000524       0x39 Drivers/STM32F4xx_HAL_Driver/Src/stm32f4xx_hal_tim_ex.o
 .ARM.attributes
                0x000000000000055d       0x34 c:/st/stm32cubeide_1.2.0/stm32cubeide/plugins/com.st.stm32cube.ide.mcu.externaltools.gnu-tools-for-stm32.7-2018-q2-update.win32_1.0.0.201904181610/tools/bin/../lib/gcc/arm-none-eabi/7.3.1/../../../../arm-none-eabi/lib/thumb/v7e-m/fpv4-sp/hard\libc_nano.a(lib_a-init.o)
 .ARM.attributes
                0x0000000000000591       0x34 c:/st/stm32cubeide_1.2.0/stm32cubeide/plugins/com.st.stm32cube.ide.mcu.externaltools.gnu-tools-for-stm32.7-2018-q2-update.win32_1.0.0.201904181610/tools/bin/../lib/gcc/arm-none-eabi/7.3.1/../../../../arm-none-eabi/lib/thumb/v7e-m/fpv4-sp/hard\libc_nano.a(lib_a-memset.o)
 .ARM.attributes
                0x00000000000005c5       0x1b c:/st/stm32cubeide_1.2.0/stm32cubeide/plugins/com.st.stm32cube.ide.mcu.externaltools.gnu-tools-for-stm32.7-2018-q2-update.win32_1.0.0.201904181610/tools/bin/../lib/gcc/arm-none-eabi/7.3.1/../../../../arm-none-eabi/lib/thumb/v7e-m/fpv4-sp/hard\libc_nano.a(lib_a-strlen.o)
 .ARM.attributes
                0x00000000000005e0       0x22 c:/st/stm32cubeide_1.2.0/stm32cubeide/plugins/com.st.stm32cube.ide.mcu.externaltools.gnu-tools-for-stm32.7-2018-q2-update.win32_1.0.0.201904181610/tools/bin/../lib/gcc/arm-none-eabi/7.3.1/thumb/v7e-m/fpv4-sp/hard\libgcc.a(_aeabi_uldivmod.o)
 .ARM.attributes
                0x0000000000000602       0x34 c:/st/stm32cubeide_1.2.0/stm32cubeide/plugins/com.st.stm32cube.ide.mcu.externaltools.gnu-tools-for-stm32.7-2018-q2-update.win32_1.0.0.201904181610/tools/bin/../lib/gcc/arm-none-eabi/7.3.1/thumb/v7e-m/fpv4-sp/hard\libgcc.a(_udivmoddi4.o)
 .ARM.attributes
                0x0000000000000636       0x22 c:/st/stm32cubeide_1.2.0/stm32cubeide/plugins/com.st.stm32cube.ide.mcu.externaltools.gnu-tools-for-stm32.7-2018-q2-update.win32_1.0.0.201904181610/tools/bin/../lib/gcc/arm-none-eabi/7.3.1/thumb/v7e-m/fpv4-sp/hard\libgcc.a(_dvmd_tls.o)
 .ARM.attributes
                0x0000000000000658       0x22 c:/st/stm32cubeide_1.2.0/stm32cubeide/plugins/com.st.stm32cube.ide.mcu.externaltools.gnu-tools-for-stm32.7-2018-q2-update.win32_1.0.0.201904181610/tools/bin/../lib/gcc/arm-none-eabi/7.3.1/thumb/v7e-m/fpv4-sp/hard/crtn.o
OUTPUT(P48.elf elf32-littlearm)

.debug_info     0x0000000000000000    0x17d6d
 .debug_info    0x0000000000000000     0x1bf2 Core/Src/Recorder.o
 .debug_info    0x0000000000001bf2     0x1aee Core/Src/StatePlayingFile.o
 .debug_info    0x00000000000036e0     0x1a5a Core/Src/StateRecordingFile.o
 .debug_info    0x000000000000513a     0x1966 Core/Src/StateWaiting.o
 .debug_info    0x0000000000006aa0      0x72f Core/Src/WavHeader.o
 .debug_info    0x00000000000071cf      0xb9a Core/Src/diskio.o
 .debug_info    0x0000000000007d69     0x1e16 Core/Src/ff.o
 .debug_info    0x0000000000009b7f      0x2f6 Core/Src/ffunicode.o
 .debug_info    0x0000000000009e75      0xd98 Core/Src/lcd.o
 .debug_info    0x000000000000ac0d     0x2567 Core/Src/main.o
 .debug_info    0x000000000000d174     0x13aa Core/Src/stm32f4xx_hal_msp.o
 .debug_info    0x000000000000e51e      0x751 Core/Src/stm32f4xx_it.o
 .debug_info    0x000000000000ec6f      0x554 Core/Src/system_stm32f4xx.o
 .debug_info    0x000000000000f1c3       0x22 Core/Startup/startup_stm32f407vgtx.o
 .debug_info    0x000000000000f1e5      0x945 Drivers/STM32F4xx_HAL_Driver/Src/stm32f4xx_hal.o
 .debug_info    0x000000000000fb2a      0xcee Drivers/STM32F4xx_HAL_Driver/Src/stm32f4xx_hal_adc.o
 .debug_info    0x0000000000010818      0xe28 Drivers/STM32F4xx_HAL_Driver/Src/stm32f4xx_hal_cortex.o
 .debug_info    0x0000000000011640      0xa3a Drivers/STM32F4xx_HAL_Driver/Src/stm32f4xx_hal_dac.o
 .debug_info    0x000000000001207a      0x7b5 Drivers/STM32F4xx_HAL_Driver/Src/stm32f4xx_hal_gpio.o
 .debug_info    0x000000000001282f      0x904 Drivers/STM32F4xx_HAL_Driver/Src/stm32f4xx_hal_rcc.o
 .debug_info    0x0000000000013133     0x163a Drivers/STM32F4xx_HAL_Driver/Src/stm32f4xx_hal_spi.o
 .debug_info    0x000000000001476d     0x24a9 Drivers/STM32F4xx_HAL_Driver/Src/stm32f4xx_hal_tim.o
 .debug_info    0x0000000000016c16     0x1157 Drivers/STM32F4xx_HAL_Driver/Src/stm32f4xx_hal_tim_ex.o

.debug_abbrev   0x0000000000000000     0x2caf
 .debug_abbrev  0x0000000000000000      0x267 Core/Src/Recorder.o
 .debug_abbrev  0x0000000000000267      0x267 Core/Src/StatePlayingFile.o
 .debug_abbrev  0x00000000000004ce      0x254 Core/Src/StateRecordingFile.o
 .debug_abbrev  0x0000000000000722      0x23c Core/Src/StateWaiting.o
 .debug_abbrev  0x000000000000095e      0x148 Core/Src/WavHeader.o
 .debug_abbrev  0x0000000000000aa6      0x295 Core/Src/diskio.o
 .debug_abbrev  0x0000000000000d3b      0x1b1 Core/Src/ff.o
 .debug_abbrev  0x0000000000000eec       0xd7 Core/Src/ffunicode.o
 .debug_abbrev  0x0000000000000fc3      0x238 Core/Src/lcd.o
 .debug_abbrev  0x00000000000011fb      0x2f9 Core/Src/main.o
 .debug_abbrev  0x00000000000014f4      0x1de Core/Src/stm32f4xx_hal_msp.o
 .debug_abbrev  0x00000000000016d2      0x15a Core/Src/stm32f4xx_it.o
 .debug_abbrev  0x000000000000182c      0x12b Core/Src/system_stm32f4xx.o
 .debug_abbrev  0x0000000000001957       0x12 Core/Startup/startup_stm32f407vgtx.o
 .debug_abbrev  0x0000000000001969      0x1c7 Drivers/STM32F4xx_HAL_Driver/Src/stm32f4xx_hal.o
 .debug_abbrev  0x0000000000001b30      0x205 Drivers/STM32F4xx_HAL_Driver/Src/stm32f4xx_hal_adc.o
 .debug_abbrev  0x0000000000001d35      0x2fa Drivers/STM32F4xx_HAL_Driver/Src/stm32f4xx_hal_cortex.o
 .debug_abbrev  0x000000000000202f      0x1e4 Drivers/STM32F4xx_HAL_Driver/Src/stm32f4xx_hal_dac.o
 .debug_abbrev  0x0000000000002213      0x1c9 Drivers/STM32F4xx_HAL_Driver/Src/stm32f4xx_hal_gpio.o
 .debug_abbrev  0x00000000000023dc      0x245 Drivers/STM32F4xx_HAL_Driver/Src/stm32f4xx_hal_rcc.o
 .debug_abbrev  0x0000000000002621      0x240 Drivers/STM32F4xx_HAL_Driver/Src/stm32f4xx_hal_spi.o
 .debug_abbrev  0x0000000000002861      0x230 Drivers/STM32F4xx_HAL_Driver/Src/stm32f4xx_hal_tim.o
 .debug_abbrev  0x0000000000002a91      0x21e Drivers/STM32F4xx_HAL_Driver/Src/stm32f4xx_hal_tim_ex.o

.debug_aranges  0x0000000000000000     0x11f8
 .debug_aranges
                0x0000000000000000       0xb0 Core/Src/Recorder.o
 .debug_aranges
                0x00000000000000b0       0x48 Core/Src/StatePlayingFile.o
 .debug_aranges
                0x00000000000000f8       0x40 Core/Src/StateRecordingFile.o
 .debug_aranges
                0x0000000000000138       0x38 Core/Src/StateWaiting.o
 .debug_aranges
                0x0000000000000170       0x58 Core/Src/WavHeader.o
 .debug_aranges
                0x00000000000001c8       0xb8 Core/Src/diskio.o
 .debug_aranges
                0x0000000000000280      0x1e8 Core/Src/ff.o
 .debug_aranges
                0x0000000000000468       0x30 Core/Src/ffunicode.o
 .debug_aranges
                0x0000000000000498       0x60 Core/Src/lcd.o
 .debug_aranges
                0x00000000000004f8       0x78 Core/Src/main.o
 .debug_aranges
                0x0000000000000570       0x60 Core/Src/stm32f4xx_hal_msp.o
 .debug_aranges
                0x00000000000005d0       0x80 Core/Src/stm32f4xx_it.o
 .debug_aranges
                0x0000000000000650       0x28 Core/Src/system_stm32f4xx.o
 .debug_aranges
                0x0000000000000678       0x28 Core/Startup/startup_stm32f407vgtx.o
 .debug_aranges
                0x00000000000006a0       0xf0 Drivers/STM32F4xx_HAL_Driver/Src/stm32f4xx_hal.o
 .debug_aranges
                0x0000000000000790       0xe8 Drivers/STM32F4xx_HAL_Driver/Src/stm32f4xx_hal_adc.o
 .debug_aranges
                0x0000000000000878      0x118 Drivers/STM32F4xx_HAL_Driver/Src/stm32f4xx_hal_cortex.o
 .debug_aranges
                0x0000000000000990       0xc0 Drivers/STM32F4xx_HAL_Driver/Src/stm32f4xx_hal_dac.o
 .debug_aranges
                0x0000000000000a50       0x58 Drivers/STM32F4xx_HAL_Driver/Src/stm32f4xx_hal_gpio.o
 .debug_aranges
                0x0000000000000aa8       0x88 Drivers/STM32F4xx_HAL_Driver/Src/stm32f4xx_hal_rcc.o
 .debug_aranges
                0x0000000000000b30      0x1d0 Drivers/STM32F4xx_HAL_Driver/Src/stm32f4xx_hal_spi.o
 .debug_aranges
                0x0000000000000d00      0x3a8 Drivers/STM32F4xx_HAL_Driver/Src/stm32f4xx_hal_tim.o
 .debug_aranges
                0x00000000000010a8      0x150 Drivers/STM32F4xx_HAL_Driver/Src/stm32f4xx_hal_tim_ex.o

.debug_ranges   0x0000000000000000     0x1090
 .debug_ranges  0x0000000000000000       0xa0 Core/Src/Recorder.o
 .debug_ranges  0x00000000000000a0       0x38 Core/Src/StatePlayingFile.o
 .debug_ranges  0x00000000000000d8       0x30 Core/Src/StateRecordingFile.o
 .debug_ranges  0x0000000000000108       0x28 Core/Src/StateWaiting.o
 .debug_ranges  0x0000000000000130       0x48 Core/Src/WavHeader.o
 .debug_ranges  0x0000000000000178       0xa8 Core/Src/diskio.o
 .debug_ranges  0x0000000000000220      0x1d8 Core/Src/ff.o
 .debug_ranges  0x00000000000003f8       0x20 Core/Src/ffunicode.o
 .debug_ranges  0x0000000000000418       0x50 Core/Src/lcd.o
 .debug_ranges  0x0000000000000468       0x68 Core/Src/main.o
 .debug_ranges  0x00000000000004d0       0x50 Core/Src/stm32f4xx_hal_msp.o
 .debug_ranges  0x0000000000000520       0x70 Core/Src/stm32f4xx_it.o
 .debug_ranges  0x0000000000000590       0x18 Core/Src/system_stm32f4xx.o
 .debug_ranges  0x00000000000005a8       0x20 Core/Startup/startup_stm32f407vgtx.o
 .debug_ranges  0x00000000000005c8       0xe0 Drivers/STM32F4xx_HAL_Driver/Src/stm32f4xx_hal.o
 .debug_ranges  0x00000000000006a8       0xd8 Drivers/STM32F4xx_HAL_Driver/Src/stm32f4xx_hal_adc.o
 .debug_ranges  0x0000000000000780      0x108 Drivers/STM32F4xx_HAL_Driver/Src/stm32f4xx_hal_cortex.o
 .debug_ranges  0x0000000000000888       0xb0 Drivers/STM32F4xx_HAL_Driver/Src/stm32f4xx_hal_dac.o
 .debug_ranges  0x0000000000000938       0x48 Drivers/STM32F4xx_HAL_Driver/Src/stm32f4xx_hal_gpio.o
 .debug_ranges  0x0000000000000980       0x78 Drivers/STM32F4xx_HAL_Driver/Src/stm32f4xx_hal_rcc.o
 .debug_ranges  0x00000000000009f8      0x1c0 Drivers/STM32F4xx_HAL_Driver/Src/stm32f4xx_hal_spi.o
 .debug_ranges  0x0000000000000bb8      0x398 Drivers/STM32F4xx_HAL_Driver/Src/stm32f4xx_hal_tim.o
 .debug_ranges  0x0000000000000f50      0x140 Drivers/STM32F4xx_HAL_Driver/Src/stm32f4xx_hal_tim_ex.o

.debug_macro    0x0000000000000000    0x22aab
 .debug_macro   0x0000000000000000      0x445 Core/Src/Recorder.o
 .debug_macro   0x0000000000000445      0x196 Core/Src/Recorder.o
 .debug_macro   0x00000000000005db       0x32 Core/Src/Recorder.o
 .debug_macro   0x000000000000060d       0x2f Core/Src/Recorder.o
 .debug_macro   0x000000000000063c       0x1c Core/Src/Recorder.o
 .debug_macro   0x0000000000000658       0x22 Core/Src/Recorder.o
 .debug_macro   0x000000000000067a       0xdf Core/Src/Recorder.o
 .debug_macro   0x0000000000000759     0x102d Core/Src/Recorder.o
 .debug_macro   0x0000000000001786      0x11f Core/Src/Recorder.o
 .debug_macro   0x00000000000018a5    0x15e3c Core/Src/Recorder.o
 .debug_macro   0x00000000000176e1       0x43 Core/Src/Recorder.o
 .debug_macro   0x0000000000017724     0x3652 Core/Src/Recorder.o
 .debug_macro   0x000000000001ad76      0x174 Core/Src/Recorder.o
 .debug_macro   0x000000000001aeea       0x5a Core/Src/Recorder.o
 .debug_macro   0x000000000001af44      0x96b Core/Src/Recorder.o
 .debug_macro   0x000000000001b8af      0x9fe Core/Src/Recorder.o
 .debug_macro   0x000000000001c2ad      0x174 Core/Src/Recorder.o
 .debug_macro   0x000000000001c421      0x117 Core/Src/Recorder.o
 .debug_macro   0x000000000001c538      0x13e Core/Src/Recorder.o
 .debug_macro   0x000000000001c676       0x27 Core/Src/Recorder.o
 .debug_macro   0x000000000001c69d      0x287 Core/Src/Recorder.o
 .debug_macro   0x000000000001c924       0x5f Core/Src/Recorder.o
 .debug_macro   0x000000000001c983      0x236 Core/Src/Recorder.o
 .debug_macro   0x000000000001cbb9      0x391 Core/Src/Recorder.o
 .debug_macro   0x000000000001cf4a      0x176 Core/Src/Recorder.o
 .debug_macro   0x000000000001d0c0       0xf9 Core/Src/Recorder.o
 .debug_macro   0x000000000001d1b9       0xea Core/Src/Recorder.o
 .debug_macro   0x000000000001d2a3       0xa0 Core/Src/Recorder.o
 .debug_macro   0x000000000001d343       0x3c Core/Src/Recorder.o
 .debug_macro   0x000000000001d37f      0x12c Core/Src/Recorder.o
 .debug_macro   0x000000000001d4ab      0x21e Core/Src/Recorder.o
 .debug_macro   0x000000000001d6c9       0x2e Core/Src/Recorder.o
 .debug_macro   0x000000000001d6f7      0x11a Core/Src/Recorder.o
 .debug_macro   0x000000000001d811       0x7e Core/Src/Recorder.o
 .debug_macro   0x000000000001d88f       0x89 Core/Src/Recorder.o
 .debug_macro   0x000000000001d918      0x225 Core/Src/Recorder.o
 .debug_macro   0x000000000001db3d      0x8a0 Core/Src/Recorder.o
 .debug_macro   0x000000000001e3dd       0x47 Core/Src/Recorder.o
 .debug_macro   0x000000000001e424      0x12d Core/Src/Recorder.o
 .debug_macro   0x000000000001e551       0xf8 Core/Src/Recorder.o
 .debug_macro   0x000000000001e649       0xf5 Core/Src/Recorder.o
 .debug_macro   0x000000000001e73e       0x16 Core/Src/Recorder.o
 .debug_macro   0x000000000001e754       0x35 Core/Src/Recorder.o
 .debug_macro   0x000000000001e789      0x32a Core/Src/Recorder.o
 .debug_macro   0x000000000001eab3       0x10 Core/Src/Recorder.o
 .debug_macro   0x000000000001eac3       0x10 Core/Src/Recorder.o
 .debug_macro   0x000000000001ead3       0x1c Core/Src/Recorder.o
 .debug_macro   0x000000000001eaef       0x52 Core/Src/Recorder.o
 .debug_macro   0x000000000001eb41       0x40 Core/Src/Recorder.o
 .debug_macro   0x000000000001eb81       0x10 Core/Src/Recorder.o
 .debug_macro   0x000000000001eb91       0x40 Core/Src/Recorder.o
 .debug_macro   0x000000000001ebd1       0xd7 Core/Src/Recorder.o
 .debug_macro   0x000000000001eca8       0x1c Core/Src/Recorder.o
 .debug_macro   0x000000000001ecc4       0x3d Core/Src/Recorder.o
 .debug_macro   0x000000000001ed01       0x16 Core/Src/Recorder.o
 .debug_macro   0x000000000001ed17      0x145 Core/Src/Recorder.o
 .debug_macro   0x000000000001ee5c       0x16 Core/Src/Recorder.o
 .debug_macro   0x000000000001ee72       0x20 Core/Src/Recorder.o
 .debug_macro   0x000000000001ee92       0x9a Core/Src/Recorder.o
 .debug_macro   0x000000000001ef2c      0x419 Core/Src/StatePlayingFile.o
 .debug_macro   0x000000000001f345      0x419 Core/Src/StateRecordingFile.o
 .debug_macro   0x000000000001f75e      0x419 Core/Src/StateWaiting.o
 .debug_macro   0x000000000001fb77       0x8b Core/Src/WavHeader.o
 .debug_macro   0x000000000001fc02       0xef Core/Src/WavHeader.o
 .debug_macro   0x000000000001fcf1      0x28d Core/Src/diskio.o
 .debug_macro   0x000000000001ff7e       0xc4 Core/Src/diskio.o
 .debug_macro   0x0000000000020042      0x52f Core/Src/ff.o
 .debug_macro   0x0000000000020571       0x8d Core/Src/ffunicode.o
 .debug_macro   0x00000000000205fe      0x399 Core/Src/lcd.o
 .debug_macro   0x0000000000020997       0x40 Core/Src/lcd.o
 .debug_macro   0x00000000000209d7       0x94 Core/Src/lcd.o
 .debug_macro   0x0000000000020a6b       0x57 Core/Src/lcd.o
 .debug_macro   0x0000000000020ac2       0x97 Core/Src/lcd.o
 .debug_macro   0x0000000000020b59       0xfd Core/Src/lcd.o
 .debug_macro   0x0000000000020c56       0xd9 Core/Src/lcd.o
 .debug_macro   0x0000000000020d2f       0x54 Core/Src/lcd.o
 .debug_macro   0x0000000000020d83      0x417 Core/Src/main.o
 .debug_macro   0x000000000002119a      0x20a Core/Src/stm32f4xx_hal_msp.o
 .debug_macro   0x00000000000213a4      0x235 Core/Src/stm32f4xx_it.o
 .debug_macro   0x00000000000215d9      0x206 Core/Src/system_stm32f4xx.o
 .debug_macro   0x00000000000217df      0x260 Drivers/STM32F4xx_HAL_Driver/Src/stm32f4xx_hal.o
 .debug_macro   0x0000000000021a3f      0x201 Drivers/STM32F4xx_HAL_Driver/Src/stm32f4xx_hal_adc.o
 .debug_macro   0x0000000000021c40      0x200 Drivers/STM32F4xx_HAL_Driver/Src/stm32f4xx_hal_cortex.o
 .debug_macro   0x0000000000021e40      0x201 Drivers/STM32F4xx_HAL_Driver/Src/stm32f4xx_hal_dac.o
 .debug_macro   0x0000000000022041      0x236 Drivers/STM32F4xx_HAL_Driver/Src/stm32f4xx_hal_gpio.o
 .debug_macro   0x0000000000022277      0x224 Drivers/STM32F4xx_HAL_Driver/Src/stm32f4xx_hal_rcc.o
 .debug_macro   0x000000000002249b      0x20f Drivers/STM32F4xx_HAL_Driver/Src/stm32f4xx_hal_spi.o
 .debug_macro   0x00000000000226aa      0x201 Drivers/STM32F4xx_HAL_Driver/Src/stm32f4xx_hal_tim.o
 .debug_macro   0x00000000000228ab      0x200 Drivers/STM32F4xx_HAL_Driver/Src/stm32f4xx_hal_tim_ex.o

.debug_line     0x0000000000000000     0xf31c
 .debug_line    0x0000000000000000      0xb42 Core/Src/Recorder.o
 .debug_line    0x0000000000000b42      0xa83 Core/Src/StatePlayingFile.o
 .debug_line    0x00000000000015c5      0xa5b Core/Src/StateRecordingFile.o
 .debug_line    0x0000000000002020      0x9d3 Core/Src/StateWaiting.o
 .debug_line    0x00000000000029f3      0x4eb Core/Src/WavHeader.o
 .debug_line    0x0000000000002ede      0xa7a Core/Src/diskio.o
 .debug_line    0x0000000000003958     0x15ca Core/Src/ff.o
 .debug_line    0x0000000000004f22      0x463 Core/Src/ffunicode.o
 .debug_line    0x0000000000005385      0xa03 Core/Src/lcd.o
 .debug_line    0x0000000000005d88      0xaf7 Core/Src/main.o
 .debug_line    0x000000000000687f      0x7f6 Core/Src/stm32f4xx_hal_msp.o
 .debug_line    0x0000000000007075      0x82f Core/Src/stm32f4xx_it.o
 .debug_line    0x00000000000078a4      0x73d Core/Src/system_stm32f4xx.o
 .debug_line    0x0000000000007fe1       0x86 Core/Startup/startup_stm32f407vgtx.o
 .debug_line    0x0000000000008067      0x927 Drivers/STM32F4xx_HAL_Driver/Src/stm32f4xx_hal.o
 .debug_line    0x000000000000898e      0xb8c Drivers/STM32F4xx_HAL_Driver/Src/stm32f4xx_hal_adc.o
 .debug_line    0x000000000000951a      0xa4b Drivers/STM32F4xx_HAL_Driver/Src/stm32f4xx_hal_cortex.o
 .debug_line    0x0000000000009f65      0x97b Drivers/STM32F4xx_HAL_Driver/Src/stm32f4xx_hal_dac.o
 .debug_line    0x000000000000a8e0      0x906 Drivers/STM32F4xx_HAL_Driver/Src/stm32f4xx_hal_gpio.o
 .debug_line    0x000000000000b1e6      0x97f Drivers/STM32F4xx_HAL_Driver/Src/stm32f4xx_hal_rcc.o
 .debug_line    0x000000000000bb65     0x10da Drivers/STM32F4xx_HAL_Driver/Src/stm32f4xx_hal_spi.o
 .debug_line    0x000000000000cc3f     0x19a0 Drivers/STM32F4xx_HAL_Driver/Src/stm32f4xx_hal_tim.o
 .debug_line    0x000000000000e5df      0xd3d Drivers/STM32F4xx_HAL_Driver/Src/stm32f4xx_hal_tim_ex.o

.debug_str      0x0000000000000000    0xd3c1e
 .debug_str     0x0000000000000000    0xcc21f Core/Src/Recorder.o
                                      0xcc655 (size before relaxing)
 .debug_str     0x00000000000cc21f      0x1fc Core/Src/StatePlayingFile.o
                                      0xcc699 (size before relaxing)
 .debug_str     0x00000000000cc41b       0x9a Core/Src/StateRecordingFile.o
                                      0xcc67a (size before relaxing)
 .debug_str     0x00000000000cc4b5       0x73 Core/Src/StateWaiting.o
                                      0xcc510 (size before relaxing)
 .debug_str     0x00000000000cc528       0x97 Core/Src/WavHeader.o
                                       0x4495 (size before relaxing)
 .debug_str     0x00000000000cc5bf      0x642 Core/Src/diskio.o
                                      0xc7f1a (size before relaxing)
 .debug_str     0x00000000000ccc01     0x3aad Core/Src/ff.o
                                       0x803d (size before relaxing)
 .debug_str     0x00000000000d06ae       0x8b Core/Src/ffunicode.o
                                       0x41ad (size before relaxing)
 .debug_str     0x00000000000d0739       0x8c Core/Src/lcd.o
                                      0xcb553 (size before relaxing)
 .debug_str     0x00000000000d07c5      0x910 Core/Src/main.o
                                      0xcd0f4 (size before relaxing)
 .debug_str     0x00000000000d10d5       0xd2 Core/Src/stm32f4xx_hal_msp.o
                                      0xc80e4 (size before relaxing)
 .debug_str     0x00000000000d11a7       0xfe Core/Src/stm32f4xx_it.o
                                      0xc7d54 (size before relaxing)
 .debug_str     0x00000000000d12a5       0xc4 Core/Src/system_stm32f4xx.o
                                      0xc72ce (size before relaxing)
 .debug_str     0x00000000000d1369       0x36 Core/Startup/startup_stm32f407vgtx.o
                                         0x6c (size before relaxing)
 .debug_str     0x00000000000d139f      0x58d Drivers/STM32F4xx_HAL_Driver/Src/stm32f4xx_hal.o
                                      0xc7d9b (size before relaxing)
 .debug_str     0x00000000000d192c      0x295 Drivers/STM32F4xx_HAL_Driver/Src/stm32f4xx_hal_adc.o
                                      0xc7865 (size before relaxing)
 .debug_str     0x00000000000d1bc1      0x392 Drivers/STM32F4xx_HAL_Driver/Src/stm32f4xx_hal_cortex.o
                                      0xc7b8a (size before relaxing)
 .debug_str     0x00000000000d1f53      0x1bd Drivers/STM32F4xx_HAL_Driver/Src/stm32f4xx_hal_dac.o
                                      0xc76f2 (size before relaxing)
 .debug_str     0x00000000000d2110      0x1e7 Drivers/STM32F4xx_HAL_Driver/Src/stm32f4xx_hal_gpio.o
                                      0xc750d (size before relaxing)
 .debug_str     0x00000000000d22f7      0x24e Drivers/STM32F4xx_HAL_Driver/Src/stm32f4xx_hal_rcc.o
                                      0xc76bb (size before relaxing)
 .debug_str     0x00000000000d2545      0x555 Drivers/STM32F4xx_HAL_Driver/Src/stm32f4xx_hal_spi.o
                                      0xc7b3c (size before relaxing)
 .debug_str     0x00000000000d2a9a      0xce2 Drivers/STM32F4xx_HAL_Driver/Src/stm32f4xx_hal_tim.o
                                      0xc83da (size before relaxing)
 .debug_str     0x00000000000d377c      0x4a2 Drivers/STM32F4xx_HAL_Driver/Src/stm32f4xx_hal_tim_ex.o
                                      0xc7bda (size before relaxing)

.comment        0x0000000000000000       0x7b
 .comment       0x0000000000000000       0x7b Core/Src/Recorder.o
                                         0x7c (size before relaxing)
 .comment       0x000000000000007b       0x7c Core/Src/StatePlayingFile.o
 .comment       0x000000000000007b       0x7c Core/Src/StateRecordingFile.o
 .comment       0x000000000000007b       0x7c Core/Src/StateWaiting.o
 .comment       0x000000000000007b       0x7c Core/Src/WavHeader.o
 .comment       0x000000000000007b       0x7c Core/Src/diskio.o
 .comment       0x000000000000007b       0x7c Core/Src/ff.o
 .comment       0x000000000000007b       0x7c Core/Src/ffunicode.o
 .comment       0x000000000000007b       0x7c Core/Src/lcd.o
 .comment       0x000000000000007b       0x7c Core/Src/main.o
 .comment       0x000000000000007b       0x7c Core/Src/stm32f4xx_hal_msp.o
 .comment       0x000000000000007b       0x7c Core/Src/stm32f4xx_it.o
 .comment       0x000000000000007b       0x7c Core/Src/system_stm32f4xx.o
 .comment       0x000000000000007b       0x7c Drivers/STM32F4xx_HAL_Driver/Src/stm32f4xx_hal.o
 .comment       0x000000000000007b       0x7c Drivers/STM32F4xx_HAL_Driver/Src/stm32f4xx_hal_adc.o
 .comment       0x000000000000007b       0x7c Drivers/STM32F4xx_HAL_Driver/Src/stm32f4xx_hal_cortex.o
 .comment       0x000000000000007b       0x7c Drivers/STM32F4xx_HAL_Driver/Src/stm32f4xx_hal_dac.o
 .comment       0x000000000000007b       0x7c Drivers/STM32F4xx_HAL_Driver/Src/stm32f4xx_hal_gpio.o
 .comment       0x000000000000007b       0x7c Drivers/STM32F4xx_HAL_Driver/Src/stm32f4xx_hal_rcc.o
 .comment       0x000000000000007b       0x7c Drivers/STM32F4xx_HAL_Driver/Src/stm32f4xx_hal_spi.o
 .comment       0x000000000000007b       0x7c Drivers/STM32F4xx_HAL_Driver/Src/stm32f4xx_hal_tim.o
 .comment       0x000000000000007b       0x7c Drivers/STM32F4xx_HAL_Driver/Src/stm32f4xx_hal_tim_ex.o

.debug_frame    0x0000000000000000     0x4aa0
 .debug_frame   0x0000000000000000      0x2c0 Core/Src/Recorder.o
 .debug_frame   0x00000000000002c0       0xf4 Core/Src/StatePlayingFile.o
 .debug_frame   0x00000000000003b4       0xd0 Core/Src/StateRecordingFile.o
 .debug_frame   0x0000000000000484       0xa8 Core/Src/StateWaiting.o
 .debug_frame   0x000000000000052c      0x148 Core/Src/WavHeader.o
 .debug_frame   0x0000000000000674      0x2d4 Core/Src/diskio.o
 .debug_frame   0x0000000000000948      0x898 Core/Src/ff.o
 .debug_frame   0x00000000000011e0       0x88 Core/Src/ffunicode.o
 .debug_frame   0x0000000000001268      0x15c Core/Src/lcd.o
 .debug_frame   0x00000000000013c4      0x1b4 Core/Src/main.o
 .debug_frame   0x0000000000001578      0x158 Core/Src/stm32f4xx_hal_msp.o
 .debug_frame   0x00000000000016d0      0x17c Core/Src/stm32f4xx_it.o
 .debug_frame   0x000000000000184c       0x58 Core/Src/system_stm32f4xx.o
 .debug_frame   0x00000000000018a4      0x374 Drivers/STM32F4xx_HAL_Driver/Src/stm32f4xx_hal.o
 .debug_frame   0x0000000000001c18      0x3fc Drivers/STM32F4xx_HAL_Driver/Src/stm32f4xx_hal_adc.o
 .debug_frame   0x0000000000002014      0x498 Drivers/STM32F4xx_HAL_Driver/Src/stm32f4xx_hal_cortex.o
 .debug_frame   0x00000000000024ac      0x338 Drivers/STM32F4xx_HAL_Driver/Src/stm32f4xx_hal_dac.o
 .debug_frame   0x00000000000027e4      0x14c Drivers/STM32F4xx_HAL_Driver/Src/stm32f4xx_hal_gpio.o
 .debug_frame   0x0000000000002930      0x1f0 Drivers/STM32F4xx_HAL_Driver/Src/stm32f4xx_hal_rcc.o
 .debug_frame   0x0000000000002b20      0x824 Drivers/STM32F4xx_HAL_Driver/Src/stm32f4xx_hal_spi.o
 .debug_frame   0x0000000000003344     0x10f0 Drivers/STM32F4xx_HAL_Driver/Src/stm32f4xx_hal_tim.o
 .debug_frame   0x0000000000004434      0x5c0 Drivers/STM32F4xx_HAL_Driver/Src/stm32f4xx_hal_tim_ex.o
 .debug_frame   0x00000000000049f4       0x2c c:/st/stm32cubeide_1.2.0/stm32cubeide/plugins/com.st.stm32cube.ide.mcu.externaltools.gnu-tools-for-stm32.7-2018-q2-update.win32_1.0.0.201904181610/tools/bin/../lib/gcc/arm-none-eabi/7.3.1/../../../../arm-none-eabi/lib/thumb/v7e-m/fpv4-sp/hard\libc_nano.a(lib_a-init.o)
 .debug_frame   0x0000000000004a20       0x20 c:/st/stm32cubeide_1.2.0/stm32cubeide/plugins/com.st.stm32cube.ide.mcu.externaltools.gnu-tools-for-stm32.7-2018-q2-update.win32_1.0.0.201904181610/tools/bin/../lib/gcc/arm-none-eabi/7.3.1/../../../../arm-none-eabi/lib/thumb/v7e-m/fpv4-sp/hard\libc_nano.a(lib_a-memset.o)
 .debug_frame   0x0000000000004a40       0x2c c:/st/stm32cubeide_1.2.0/stm32cubeide/plugins/com.st.stm32cube.ide.mcu.externaltools.gnu-tools-for-stm32.7-2018-q2-update.win32_1.0.0.201904181610/tools/bin/../lib/gcc/arm-none-eabi/7.3.1/thumb/v7e-m/fpv4-sp/hard\libgcc.a(_aeabi_uldivmod.o)
 .debug_frame   0x0000000000004a6c       0x34 c:/st/stm32cubeide_1.2.0/stm32cubeide/plugins/com.st.stm32cube.ide.mcu.externaltools.gnu-tools-for-stm32.7-2018-q2-update.win32_1.0.0.201904181610/tools/bin/../lib/gcc/arm-none-eabi/7.3.1/thumb/v7e-m/fpv4-sp/hard\libgcc.a(_udivmoddi4.o)
